Archive member included to satisfy reference by file (symbol)

d:/stm32_dk/gcc-arm-none-eabi/bin/../lib/gcc/arm-none-eabi/10.3.1/../../../../arm-none-eabi/lib/thumb/v7e-m+fp/hard\libstdc++.a(class_type_info.o)
                              CMakeFiles/DMA_test.elf.dir/UserApp/communication/interface_uart.cpp.obj (vtable for __cxxabiv1::__class_type_info)
d:/stm32_dk/gcc-arm-none-eabi/bin/../lib/gcc/arm-none-eabi/10.3.1/../../../../arm-none-eabi/lib/thumb/v7e-m+fp/hard\libstdc++.a(del_ops.o)
                              d:/stm32_dk/gcc-arm-none-eabi/bin/../lib/gcc/arm-none-eabi/10.3.1/../../../../arm-none-eabi/lib/thumb/v7e-m+fp/hard\libstdc++.a(class_type_info.o) (operator delete(void*, unsigned int))
d:/stm32_dk/gcc-arm-none-eabi/bin/../lib/gcc/arm-none-eabi/10.3.1/../../../../arm-none-eabi/lib/thumb/v7e-m+fp/hard\libstdc++.a(pure.o)
                              CMakeFiles/DMA_test.elf.dir/UserApp/communication/interface_uart.cpp.obj (__cxa_pure_virtual)
d:/stm32_dk/gcc-arm-none-eabi/bin/../lib/gcc/arm-none-eabi/10.3.1/../../../../arm-none-eabi/lib/thumb/v7e-m+fp/hard\libstdc++.a(si_class_type_info.o)
                              CMakeFiles/DMA_test.elf.dir/UserApp/communication/interface_uart.cpp.obj (vtable for __cxxabiv1::__si_class_type_info)
d:/stm32_dk/gcc-arm-none-eabi/bin/../lib/gcc/arm-none-eabi/10.3.1/../../../../arm-none-eabi/lib/thumb/v7e-m+fp/hard\libstdc++.a(tinfo.o)
                              d:/stm32_dk/gcc-arm-none-eabi/bin/../lib/gcc/arm-none-eabi/10.3.1/../../../../arm-none-eabi/lib/thumb/v7e-m+fp/hard\libstdc++.a(class_type_info.o) (std::type_info::~type_info())
d:/stm32_dk/gcc-arm-none-eabi/bin/../lib/gcc/arm-none-eabi/10.3.1/../../../../arm-none-eabi/lib/thumb/v7e-m+fp/hard\libstdc++.a(vmi_class_type_info.o)
                              CMakeFiles/DMA_test.elf.dir/UserApp/fibre/cpp/protocol.cpp.obj (vtable for __cxxabiv1::__vmi_class_type_info)
d:/stm32_dk/gcc-arm-none-eabi/bin/../lib/gcc/arm-none-eabi/10.3.1/../../../../arm-none-eabi/lib/thumb/v7e-m+fp/hard\libstdc++.a(del_op.o)
                              d:/stm32_dk/gcc-arm-none-eabi/bin/../lib/gcc/arm-none-eabi/10.3.1/../../../../arm-none-eabi/lib/thumb/v7e-m+fp/hard\libstdc++.a(del_ops.o) (operator delete(void*))
d:/stm32_dk/gcc-arm-none-eabi/bin/../lib/gcc/arm-none-eabi/10.3.1/../../../../arm-none-eabi/lib/thumb/v7e-m+fp/hard\libstdc++.a(eh_terminate.o)
                              d:/stm32_dk/gcc-arm-none-eabi/bin/../lib/gcc/arm-none-eabi/10.3.1/../../../../arm-none-eabi/lib/thumb/v7e-m+fp/hard\libstdc++.a(pure.o) (std::terminate())
d:/stm32_dk/gcc-arm-none-eabi/bin/../lib/gcc/arm-none-eabi/10.3.1/../../../../arm-none-eabi/lib/thumb/v7e-m+fp/hard\libstdc++.a(eh_unex_handler.o)
                              d:/stm32_dk/gcc-arm-none-eabi/bin/../lib/gcc/arm-none-eabi/10.3.1/../../../../arm-none-eabi/lib/thumb/v7e-m+fp/hard\libstdc++.a(eh_terminate.o) (__cxxabiv1::__unexpected_handler)
d:/stm32_dk/gcc-arm-none-eabi/bin/../lib/gcc/arm-none-eabi/10.3.1/../../../../arm-none-eabi/lib/thumb/v7e-m+fp/hard\libstdc++.a(vterminate.o)
                              d:/stm32_dk/gcc-arm-none-eabi/bin/../lib/gcc/arm-none-eabi/10.3.1/../../../../arm-none-eabi/lib/thumb/v7e-m+fp/hard\libstdc++.a(eh_terminate.o) (__gnu_cxx::__verbose_terminate_handler())
d:/stm32_dk/gcc-arm-none-eabi/bin/../lib/gcc/arm-none-eabi/10.3.1/../../../../arm-none-eabi/lib/thumb/v7e-m+fp/hard\libstdc++.a(cp-demangle.o)
                              d:/stm32_dk/gcc-arm-none-eabi/bin/../lib/gcc/arm-none-eabi/10.3.1/../../../../arm-none-eabi/lib/thumb/v7e-m+fp/hard\libstdc++.a(vterminate.o) (__cxa_demangle)
d:/stm32_dk/gcc-arm-none-eabi/bin/../lib/gcc/arm-none-eabi/10.3.1/../../../../arm-none-eabi/lib/thumb/v7e-m+fp/hard\libstdc++.a(eh_arm.o)
                              d:/stm32_dk/gcc-arm-none-eabi/bin/../lib/gcc/arm-none-eabi/10.3.1/../../../../arm-none-eabi/lib/thumb/v7e-m+fp/hard\libstdc++.a(eh_terminate.o) (__cxa_end_cleanup)
d:/stm32_dk/gcc-arm-none-eabi/bin/../lib/gcc/arm-none-eabi/10.3.1/../../../../arm-none-eabi/lib/thumb/v7e-m+fp/hard\libstdc++.a(eh_call.o)
                              d:/stm32_dk/gcc-arm-none-eabi/bin/../lib/gcc/arm-none-eabi/10.3.1/../../../../arm-none-eabi/lib/thumb/v7e-m+fp/hard\libstdc++.a(eh_terminate.o) (__cxa_call_unexpected)
d:/stm32_dk/gcc-arm-none-eabi/bin/../lib/gcc/arm-none-eabi/10.3.1/../../../../arm-none-eabi/lib/thumb/v7e-m+fp/hard\libstdc++.a(eh_catch.o)
                              d:/stm32_dk/gcc-arm-none-eabi/bin/../lib/gcc/arm-none-eabi/10.3.1/../../../../arm-none-eabi/lib/thumb/v7e-m+fp/hard\libstdc++.a(eh_terminate.o) (__cxa_begin_catch)
d:/stm32_dk/gcc-arm-none-eabi/bin/../lib/gcc/arm-none-eabi/10.3.1/../../../../arm-none-eabi/lib/thumb/v7e-m+fp/hard\libstdc++.a(eh_exception.o)
                              d:/stm32_dk/gcc-arm-none-eabi/bin/../lib/gcc/arm-none-eabi/10.3.1/../../../../arm-none-eabi/lib/thumb/v7e-m+fp/hard\libstdc++.a(eh_call.o) (std::bad_exception::~bad_exception())
[...]
Memory Configuration

Name             Origin             Length             Attributes
RAM              0x20000000         0x00020000         xrw
FLASH            0x08000000         0x00080000         xr
*default*        0x00000000         0xffffffff

Linker script and memory map

LOAD d:/stm32_dk/gcc-arm-none-eabi/bin/../lib/gcc/arm-none-eabi/10.3.1/thumb/v7e-m+fp/hard/crti.o
LOAD d:/stm32_dk/gcc-arm-none-eabi/bin/../lib/gcc/arm-none-eabi/10.3.1/thumb/v7e-m+fp/hard/crtbegin.o
LOAD d:/stm32_dk/gcc-arm-none-eabi/bin/../lib/gcc/arm-none-eabi/10.3.1/../../../../arm-none-eabi/lib/thumb/v7e-m+fp/hard/crt0.o
LOAD CMakeFiles/DMA_test.elf.dir/Core/Src/dma.c.obj
LOAD CMakeFiles/DMA_test.elf.dir/Core/Src/freertos.c.obj
LOAD CMakeFiles/DMA_test.elf.dir/Core/Src/gpio.c.obj
LOAD CMakeFiles/DMA_test.elf.dir/Core/Src/main.c.obj
LOAD CMakeFiles/DMA_test.elf.dir/Core/Src/stm32f4xx_hal_msp.c.obj
LOAD CMakeFiles/DMA_test.elf.dir/Core/Src/stm32f4xx_hal_timebase_tim.c.obj
LOAD CMakeFiles/DMA_test.elf.dir/Core/Src/stm32f4xx_it.c.obj
LOAD CMakeFiles/DMA_test.elf.dir/Core/Src/syscalls.c.obj
LOAD CMakeFiles/DMA_test.elf.dir/Core/Src/system_stm32f4xx.c.obj
LOAD CMakeFiles/DMA_test.elf.dir/Core/Src/usart.c.obj
LOAD CMakeFiles/DMA_test.elf.dir/Drivers/STM32F4xx_HAL_Driver/Src/stm32f4xx_hal.c.obj
LOAD CMakeFiles/DMA_test.elf.dir/Drivers/STM32F4xx_HAL_Driver/Src/stm32f4xx_hal_cortex.c.obj
LOAD CMakeFiles/DMA_test.elf.dir/Drivers/STM32F4xx_HAL_Driver/Src/stm32f4xx_hal_dma.c.obj
LOAD CMakeFiles/DMA_test.elf.dir/Drivers/STM32F4xx_HAL_Driver/Src/stm32f4xx_hal_dma_ex.c.obj
LOAD CMakeFiles/DMA_test.elf.dir/Drivers/STM32F4xx_HAL_Driver/Src/stm32f4xx_hal_exti.c.obj
LOAD CMakeFiles/DMA_test.elf.dir/Drivers/STM32F4xx_HAL_Driver/Src/stm32f4xx_hal_flash.c.obj
LOAD CMakeFiles/DMA_test.elf.dir/Drivers/STM32F4xx_HAL_Driver/Src/stm32f4xx_hal_flash_ex.c.obj
LOAD CMakeFiles/DMA_test.elf.dir/Drivers/STM32F4xx_HAL_Driver/Src/stm32f4xx_hal_flash_ramfunc.c.obj
LOAD CMakeFiles/DMA_test.elf.dir/Drivers/STM32F4xx_HAL_Driver/Src/stm32f4xx_hal_gpio.c.obj
LOAD CMakeFiles/DMA_test.elf.dir/Drivers/STM32F4xx_HAL_Driver/Src/stm32f4xx_hal_pwr.c.obj
LOAD CMakeFiles/DMA_test.elf.dir/Drivers/STM32F4xx_HAL_Driver/Src/stm32f4xx_hal_pwr_ex.c.obj
LOAD CMakeFiles/DMA_test.elf.dir/Drivers/STM32F4xx_HAL_Driver/Src/stm32f4xx_hal_rcc.c.obj
LOAD CMakeFiles/DMA_test.elf.dir/Drivers/STM32F4xx_HAL_Driver/Src/stm32f4xx_hal_rcc_ex.c.obj
LOAD CMakeFiles/DMA_test.elf.dir/Drivers/STM32F4xx_HAL_Driver/Src/stm32f4xx_hal_tim.c.obj
LOAD CMakeFiles/DMA_test.elf.dir/Drivers/STM32F4xx_HAL_Driver/Src/stm32f4xx_hal_tim_ex.c.obj
LOAD CMakeFiles/DMA_test.elf.dir/Drivers/STM32F4xx_HAL_Driver/Src/stm32f4xx_hal_uart.c.obj
LOAD CMakeFiles/DMA_test.elf.dir/Middlewares/Third_Party/FreeRTOS/Source/CMSIS_RTOS_V2/cmsis_os2.c.obj
LOAD CMakeFiles/DMA_test.elf.dir/Middlewares/Third_Party/FreeRTOS/Source/croutine.c.obj
LOAD CMakeFiles/DMA_test.elf.dir/Middlewares/Third_Party/FreeRTOS/Source/event_groups.c.obj
LOAD CMakeFiles/DMA_test.elf.dir/Middlewares/Third_Party/FreeRTOS/Source/list.c.obj
LOAD CMakeFiles/DMA_test.elf.dir/Middlewares/Third_Party/FreeRTOS/Source/portable/GCC/ARM_CM4F/port.c.obj
LOAD CMakeFiles/DMA_test.elf.dir/Middlewares/Third_Party/FreeRTOS/Source/portable/MemMang/heap_4.c.obj
LOAD CMakeFiles/DMA_test.elf.dir/Middlewares/Third_Party/FreeRTOS/Source/queue.c.obj
LOAD CMakeFiles/DMA_test.elf.dir/Middlewares/Third_Party/FreeRTOS/Source/stream_buffer.c.obj
LOAD CMakeFiles/DMA_test.elf.dir/Middlewares/Third_Party/FreeRTOS/Source/tasks.c.obj
LOAD CMakeFiles/DMA_test.elf.dir/Middlewares/Third_Party/FreeRTOS/Source/timers.c.obj
LOAD CMakeFiles/DMA_test.elf.dir/UserApp/ascii_protocol.cpp.obj
LOAD CMakeFiles/DMA_test.elf.dir/UserApp/communication/ascii_processor.cpp.obj
LOAD CMakeFiles/DMA_test.elf.dir/UserApp/communication/communication.cpp.obj
LOAD CMakeFiles/DMA_test.elf.dir/UserApp/communication/interface_uart.cpp.obj
LOAD CMakeFiles/DMA_test.elf.dir/UserApp/fibre/cpp/protocol.cpp.obj
LOAD CMakeFiles/DMA_test.elf.dir/UserApp/main.cpp.obj
LOAD CMakeFiles/DMA_test.elf.dir/startup/startup_stm32f411xe.s.obj
LOAD d:/stm32_dk/gcc-arm-none-eabi/bin/../lib/gcc/arm-none-eabi/10.3.1/../../../../arm-none-eabi/lib/thumb/v7e-m+fp/hard\libstdc++.a
LOAD d:/stm32_dk/gcc-arm-none-eabi/bin/../lib/gcc/arm-none-eabi/10.3.1/../../../../arm-none-eabi/lib/thumb/v7e-m+fp/hard\libm.a
START GROUP
LOAD d:/stm32_dk/gcc-arm-none-eabi/bin/../lib/gcc/arm-none-eabi/10.3.1/thumb/v7e-m+fp/hard\libgcc.a
LOAD d:/stm32_dk/gcc-arm-none-eabi/bin/../lib/gcc/arm-none-eabi/10.3.1/../../../../arm-none-eabi/lib/thumb/v7e-m+fp/hard\libg.a
LOAD d:/stm32_dk/gcc-arm-none-eabi/bin/../lib/gcc/arm-none-eabi/10.3.1/../../../../arm-none-eabi/lib/thumb/v7e-m+fp/hard\libc.a
END GROUP
LOAD d:/stm32_dk/gcc-arm-none-eabi/bin/../lib/gcc/arm-none-eabi/10.3.1/thumb/v7e-m+fp/hard/crtend.o
LOAD d:/stm32_dk/gcc-arm-none-eabi/bin/../lib/gcc/arm-none-eabi/10.3.1/thumb/v7e-m+fp/hard/crtn.o
                0x20020000                _estack = (ORIGIN (RAM) + LENGTH (RAM))
                0x00000200                _Min_Heap_Size = 0x200
                0x00000400                _Min_Stack_Size = 0x400

.isr_vector     0x08000000      0x198
                0x08000000                . = ALIGN (0x4)
 *(.isr_vector)
 .isr_vector    0x08000000      0x198 CMakeFiles/DMA_test.elf.dir/startup/startup_stm32f411xe.s.obj
                0x08000000                g_pfnVectors
                0x08000198                . = ALIGN (0x4)

.text           0x080001c0    0x1424c
                0x080001c0                . = ALIGN (0x4)
 *(.text)
 .text          0x080001c0       0x40 d:/stm32_dk/gcc-arm-none-eabi/bin/../lib/gcc/arm-none-eabi/10.3.1/thumb/v7e-m+fp/hard/crtbegin.o
 .text          0x08000200     0x5ee4 d:/stm32_dk/gcc-arm-none-eabi/bin/../lib/gcc/arm-none-eabi/10.3.1/../../../../arm-none-eabi/lib/thumb/v7e-m+fp/hard\libstdc++.a(cp-demangle.o)
                0x08005ffc                __cxa_demangle
                0x080060c0                __gcclibcxx_demangle_callback
 .text          0x080060e4       0x30 d:/stm32_dk/gcc-arm-none-eabi/bin/../lib/gcc/arm-none-eabi/10.3.1/thumb/v7e-m+fp/hard\libgcc.a(_aeabi_uldivmod.o)
                0x080060e4                __aeabi_uldivmod
 .text          0x08006114      0x2d0 d:/stm32_dk/gcc-arm-none-eabi/bin/../lib/gcc/arm-none-eabi/10.3.1/thumb/v7e-m+fp/hard\libgcc.a(_udivmoddi4.o)
                0x08006114                __udivmoddi4
 .text          0x080063e4      0x9d8 d:/stm32_dk/gcc-arm-none-eabi/bin/../lib/gcc/arm-none-eabi/10.3.1/thumb/v7e-m+fp/hard\libgcc.a(unwind-arm.o)
                0x0800668c                _Unwind_GetCFA
                0x08006690                __gnu_Unwind_RaiseException
                0x080066f8                __gnu_Unwind_ForcedUnwind
                0x08006708                __gnu_Unwind_Resume
                0x0800674c                __gnu_Unwind_Resume_or_Rethrow
                0x0800675c                _Unwind_Complete
                0x08006760                _Unwind_DeleteException
                0x0800676c                _Unwind_VRS_Get
                0x080067b8                _Unwind_VRS_Set
                0x08006800                __gnu_Unwind_Backtrace
                0x08006b2c                __aeabi_unwind_cpp_pr0
                0x08006b30                __aeabi_unwind_cpp_pr1
                0x08006b34                __aeabi_unwind_cpp_pr2
                0x08006b38                _Unwind_VRS_Pop
 .text          0x08006dbc      0x1ac d:/stm32_dk/gcc-arm-none-eabi/bin/../lib/gcc/arm-none-eabi/10.3.1/thumb/v7e-m+fp/hard\libgcc.a(libunwind.o)
                0x08006dbc                __restore_core_regs
                0x08006dbc                restore_core_regs
                0x08006dd4                __gnu_Unwind_Restore_VFP
                0x08006ddc                __gnu_Unwind_Save_VFP
                0x08006de4                __gnu_Unwind_Restore_VFP_D
                0x08006dec                __gnu_Unwind_Save_VFP_D
                0x08006df4                __gnu_Unwind_Restore_VFP_D_16_to_31
                0x08006dfc                __gnu_Unwind_Save_VFP_D_16_to_31
                0x08006e04                __gnu_Unwind_Restore_WMMXD
                0x08006e48                __gnu_Unwind_Save_WMMXD
                0x08006e8c                __gnu_Unwind_Restore_WMMXC
                0x08006ea0                __gnu_Unwind_Save_WMMXC
                0x08006eb4                ___Unwind_RaiseException
                0x08006eb4                _Unwind_RaiseException
                0x08006ed8                _Unwind_Resume
                0x08006ed8                ___Unwind_Resume
                0x08006efc                _Unwind_Resume_or_Rethrow
                0x08006efc                ___Unwind_Resume_or_Rethrow
                0x08006f20                _Unwind_ForcedUnwind
                0x08006f20                ___Unwind_ForcedUnwind
                0x08006f44                ___Unwind_Backtrace
                0x08006f44                _Unwind_Backtrace
 .text          0x08006f68      0x350 d:/stm32_dk/gcc-arm-none-eabi/bin/../lib/gcc/arm-none-eabi/10.3.1/thumb/v7e-m+fp/hard\libgcc.a(pr-support.o)
                0x08006fc0                __gnu_unwind_execute
                0x0800726c                __gnu_unwind_frame
                0x08007298                _Unwind_GetRegionStart
                0x080072a4                _Unwind_GetLanguageSpecificData
 .text          0x080072b8        0x4 d:/stm32_dk/gcc-arm-none-eabi/bin/../lib/gcc/arm-none-eabi/10.3.1/thumb/v7e-m+fp/hard\libgcc.a(_dvmd_tls.o)
                0x080072b8                __aeabi_idiv0
                0x080072b8                __aeabi_ldiv0
 *fill*         0x080072bc        0x4 
 .text          0x080072c0       0xa0 d:/stm32_dk/gcc-arm-none-eabi/bin/../lib/gcc/arm-none-eabi/10.3.1/../../../../arm-none-eabi/lib/thumb/v7e-m+fp/hard\libg.a(lib_a-memchr.o)
                0x080072c0                memchr
 .text          0x08007360      0x134 d:/stm32_dk/gcc-arm-none-eabi/bin/../lib/gcc/arm-none-eabi/10.3.1/../../../../arm-none-eabi/lib/thumb/v7e-m+fp/hard\libg.a(lib_a-memcpy.o)
                0x08007360                memcpy
 *fill*         0x08007494        0xc 
 .text          0x080074a0      0x2dc d:/stm32_dk/gcc-arm-none-eabi/bin/../lib/gcc/arm-none-eabi/10.3.1/../../../../arm-none-eabi/lib/thumb/v7e-m+fp/hard\libg.a(lib_a-strcmp.o)
                0x080074a8                strcmp
 *fill*         0x0800777c        0x4 
 .text          0x08007780       0xdc d:/stm32_dk/gcc-arm-none-eabi/bin/../lib/gcc/arm-none-eabi/10.3.1/../../../../arm-none-eabi/lib/thumb/v7e-m+fp/hard\libg.a(lib_a-strlen.o)
                0x08007780                strlen
 .text          0x0800785c      0x378 d:/stm32_dk/gcc-arm-none-eabi/bin/../lib/gcc/arm-none-eabi/10.3.1/thumb/v7e-m+fp/hard\libgcc.a(_arm_addsubdf3.o)
                0x0800785c                __aeabi_drsub
                0x08007864                __aeabi_dsub
                0x08007864                __subdf3
                0x08007868                __aeabi_dadd
                0x08007868                __adddf3
                0x08007ae0                __floatunsidf
                0x08007ae0                __aeabi_ui2d
                0x08007b00                __floatsidf
                0x08007b00                __aeabi_i2d
                0x08007b24                __aeabi_f2d
                0x08007b24                __extendsfdf2
                0x08007b68                __floatundidf
                0x08007b68                __aeabi_ul2d
                0x08007b78                __floatdidf
                0x08007b78                __aeabi_l2d
 .text          0x08007bd4      0x424 d:/stm32_dk/gcc-arm-none-eabi/bin/../lib/gcc/arm-none-eabi/10.3.1/thumb/v7e-m+fp/hard\libgcc.a(_arm_muldivdf3.o)
                0x08007bd4                __aeabi_dmul
                0x08007bd4                __muldf3
                0x08007e28                __divdf3
                0x08007e28                __aeabi_ddiv
 .text          0x08007ff8      0x110 d:/stm32_dk/gcc-arm-none-eabi/bin/../lib/gcc/arm-none-eabi/10.3.1/thumb/v7e-m+fp/hard\libgcc.a(_arm_cmpdf2.o)
                0x08007ff8                __gtdf2
                0x08007ff8                __gedf2
                0x08008000                __ltdf2
                0x08008000                __ledf2
                0x08008008                __nedf2
                0x08008008                __eqdf2
                0x08008008                __cmpdf2
                0x08008084                __aeabi_cdrcmple
                0x08008094                __aeabi_cdcmpeq
                0x08008094                __aeabi_cdcmple
                0x080080a4                __aeabi_dcmpeq
                0x080080b8                __aeabi_dcmplt
                0x080080cc                __aeabi_dcmple
                0x080080e0                __aeabi_dcmpge
                0x080080f4                __aeabi_dcmpgt
 .text          0x08008108       0x2c d:/stm32_dk/gcc-arm-none-eabi/bin/../lib/gcc/arm-none-eabi/10.3.1/thumb/v7e-m+fp/hard\libgcc.a(_arm_unorddf2.o)
                0x08008108                __unorddf2
                0x08008108                __aeabi_dcmpun
 .text          0x08008134       0x50 d:/stm32_dk/gcc-arm-none-eabi/bin/../lib/gcc/arm-none-eabi/10.3.1/thumb/v7e-m+fp/hard\libgcc.a(_arm_fixdfsi.o)
                0x08008134                __aeabi_d2iz
                0x08008134                __fixdfsi
 *(.text*)
 .text.MX_DMA_Init
                0x08008184       0x44 CMakeFiles/DMA_test.elf.dir/Core/Src/dma.c.obj
                0x08008184                MX_DMA_Init
 .text.StartDefaultTask
                0x080081c8       0x14 CMakeFiles/DMA_test.elf.dir/Core/Src/freertos.c.obj
                0x080081c8                StartDefaultTask
 .text.MX_FREERTOS_Init
                0x080081dc       0x44 CMakeFiles/DMA_test.elf.dir/Core/Src/freertos.c.obj
                0x080081dc                MX_FREERTOS_Init
 .text.MX_GPIO_Init
                0x08008220       0x68 CMakeFiles/DMA_test.elf.dir/Core/Src/gpio.c.obj
                0x08008220                MX_GPIO_Init
 .text.HAL_TIM_PeriodElapsedCallback
                0x08008288       0x18 CMakeFiles/DMA_test.elf.dir/Core/Src/main.c.obj
                0x08008288                HAL_TIM_PeriodElapsedCallback
 .text.Error_Handler
                0x080082a0        0x4 CMakeFiles/DMA_test.elf.dir/Core/Src/main.c.obj
                0x080082a0                Error_Handler
 .text.SystemClock_Config
                0x080082a4       0xa4 CMakeFiles/DMA_test.elf.dir/Core/Src/main.c.obj
                0x080082a4                SystemClock_Config
 .text.main     0x08008348       0x2c CMakeFiles/DMA_test.elf.dir/Core/Src/main.c.obj
                0x08008348                main
 .text.HAL_MspInit
                0x08008374       0x44 CMakeFiles/DMA_test.elf.dir/Core/Src/stm32f4xx_hal_msp.c.obj
                0x08008374                HAL_MspInit
 .text.HAL_InitTick
                0x080083b8       0x78 CMakeFiles/DMA_test.elf.dir/Core/Src/stm32f4xx_hal_timebase_tim.c.obj
                0x080083b8                HAL_InitTick
 .text.NMI_Handler
                0x08008430        0x2 CMakeFiles/DMA_test.elf.dir/Core/Src/stm32f4xx_it.c.obj
                0x08008430                NMI_Handler
 .text.HardFault_Handler
                0x08008432        0x2 CMakeFiles/DMA_test.elf.dir/Core/Src/stm32f4xx_it.c.obj
                0x08008432                HardFault_Handler
 .text.MemManage_Handler
                0x08008434        0x2 CMakeFiles/DMA_test.elf.dir/Core/Src/stm32f4xx_it.c.obj
                0x08008434                MemManage_Handler
 .text.BusFault_Handler
                0x08008436        0x2 CMakeFiles/DMA_test.elf.dir/Core/Src/stm32f4xx_it.c.obj
                0x08008436                BusFault_Handler
 .text.UsageFault_Handler
                0x08008438        0x2 CMakeFiles/DMA_test.elf.dir/Core/Src/stm32f4xx_it.c.obj
                0x08008438                UsageFault_Handler
 .text.DebugMon_Handler
                0x0800843a        0x2 CMakeFiles/DMA_test.elf.dir/Core/Src/stm32f4xx_it.c.obj
                0x0800843a                DebugMon_Handler
 .text.TIM1_BRK_TIM9_IRQHandler
                0x0800843c       0x10 CMakeFiles/DMA_test.elf.dir/Core/Src/stm32f4xx_it.c.obj
                0x0800843c                TIM1_BRK_TIM9_IRQHandler
 .text.USART1_IRQHandler
                0x0800844c       0x10 CMakeFiles/DMA_test.elf.dir/Core/Src/stm32f4xx_it.c.obj
                0x0800844c                USART1_IRQHandler
 .text.USART2_IRQHandler
                0x0800845c       0x10 CMakeFiles/DMA_test.elf.dir/Core/Src/stm32f4xx_it.c.obj
                0x0800845c                USART2_IRQHandler
 .text.DMA2_Stream2_IRQHandler
                0x0800846c       0x10 CMakeFiles/DMA_test.elf.dir/Core/Src/stm32f4xx_it.c.obj
                0x0800846c                DMA2_Stream2_IRQHandler
 .text.DMA2_Stream7_IRQHandler
                0x0800847c       0x10 CMakeFiles/DMA_test.elf.dir/Core/Src/stm32f4xx_it.c.obj
                0x0800847c                DMA2_Stream7_IRQHandler
 .text._getpid  0x0800848c        0x4 CMakeFiles/DMA_test.elf.dir/Core/Src/syscalls.c.obj
                0x0800848c                _getpid
 .text._kill    0x08008490       0x10 CMakeFiles/DMA_test.elf.dir/Core/Src/syscalls.c.obj
                0x08008490                _kill
 .text._exit    0x080084a0        0xc CMakeFiles/DMA_test.elf.dir/Core/Src/syscalls.c.obj
                0x080084a0                _exit
 .text._read    0x080084ac       0x20 CMakeFiles/DMA_test.elf.dir/Core/Src/syscalls.c.obj
                0x080084ac                _read
 .text._sbrk    0x080084cc       0x3c CMakeFiles/DMA_test.elf.dir/Core/Src/syscalls.c.obj
                0x080084cc                _sbrk
 .text._close   0x08008508        0x6 CMakeFiles/DMA_test.elf.dir/Core/Src/syscalls.c.obj
                0x08008508                _close
 .text._fstat   0x0800850e        0xa CMakeFiles/DMA_test.elf.dir/Core/Src/syscalls.c.obj
                0x0800850e                _fstat
 .text._isatty  0x08008518        0x4 CMakeFiles/DMA_test.elf.dir/Core/Src/syscalls.c.obj
                0x08008518                _isatty
 .text._lseek   0x0800851c        0x4 CMakeFiles/DMA_test.elf.dir/Core/Src/syscalls.c.obj
                0x0800851c                _lseek
 .text.SystemInit
                0x08008520       0x14 CMakeFiles/DMA_test.elf.dir/Core/Src/system_stm32f4xx.c.obj
                0x08008520                SystemInit
 .text.MX_USART1_UART_Init
                0x08008534       0x34 CMakeFiles/DMA_test.elf.dir/Core/Src/usart.c.obj
                0x08008534                MX_USART1_UART_Init
 .text.MX_USART2_UART_Init
                0x08008568       0x34 CMakeFiles/DMA_test.elf.dir/Core/Src/usart.c.obj
                0x08008568                MX_USART2_UART_Init
 .text.HAL_UART_MspInit
                0x0800859c      0x160 CMakeFiles/DMA_test.elf.dir/Core/Src/usart.c.obj
                0x0800859c                HAL_UART_MspInit
 .text.HAL_Init
                0x080086fc       0x34 CMakeFiles/DMA_test.elf.dir/Drivers/STM32F4xx_HAL_Driver/Src/stm32f4xx_hal.c.obj
                0x080086fc                HAL_Init
 .text.HAL_IncTick
                0x08008730       0x18 CMakeFiles/DMA_test.elf.dir/Drivers/STM32F4xx_HAL_Driver/Src/stm32f4xx_hal.c.obj
                0x08008730                HAL_IncTick
 .text.HAL_GetTick
                0x08008748        0xc CMakeFiles/DMA_test.elf.dir/Drivers/STM32F4xx_HAL_Driver/Src/stm32f4xx_hal.c.obj
                0x08008748                HAL_GetTick
 .text.HAL_NVIC_SetPriorityGrouping
                0x08008754       0x24 CMakeFiles/DMA_test.elf.dir/Drivers/STM32F4xx_HAL_Driver/Src/stm32f4xx_hal_cortex.c.obj
                0x08008754                HAL_NVIC_SetPriorityGrouping
 .text.HAL_NVIC_SetPriority
                0x08008778       0x70 CMakeFiles/DMA_test.elf.dir/Drivers/STM32F4xx_HAL_Driver/Src/stm32f4xx_hal_cortex.c.obj
                0x08008778                HAL_NVIC_SetPriority
 .text.HAL_NVIC_EnableIRQ
                0x080087e8       0x1c CMakeFiles/DMA_test.elf.dir/Drivers/STM32F4xx_HAL_Driver/Src/stm32f4xx_hal_cortex.c.obj
                0x080087e8                HAL_NVIC_EnableIRQ
 .text.DMA_SetConfig
                0x08008804       0x2c CMakeFiles/DMA_test.elf.dir/Drivers/STM32F4xx_HAL_Driver/Src/stm32f4xx_hal_dma.c.obj
 .text.DMA_CalcBaseAndBitshift
                0x08008830       0x44 CMakeFiles/DMA_test.elf.dir/Drivers/STM32F4xx_HAL_Driver/Src/stm32f4xx_hal_dma.c.obj
 .text.DMA_CheckFifoParam
                0x08008874       0x8e CMakeFiles/DMA_test.elf.dir/Drivers/STM32F4xx_HAL_Driver/Src/stm32f4xx_hal_dma.c.obj
 *fill*         0x08008902        0x2 
 .text.HAL_DMA_Init
                0x08008904       0xcc CMakeFiles/DMA_test.elf.dir/Drivers/STM32F4xx_HAL_Driver/Src/stm32f4xx_hal_dma.c.obj
                0x08008904                HAL_DMA_Init
 .text.HAL_DMA_Start_IT
                0x080089d0       0x6a CMakeFiles/DMA_test.elf.dir/Drivers/STM32F4xx_HAL_Driver/Src/stm32f4xx_hal_dma.c.obj
                0x080089d0                HAL_DMA_Start_IT
 .text.HAL_DMA_Abort
                0x08008a3a       0x94 CMakeFiles/DMA_test.elf.dir/Drivers/STM32F4xx_HAL_Driver/Src/stm32f4xx_hal_dma.c.obj
                0x08008a3a                HAL_DMA_Abort
 .text.HAL_DMA_Abort_IT
                0x08008ace       0x26 CMakeFiles/DMA_test.elf.dir/Drivers/STM32F4xx_HAL_Driver/Src/stm32f4xx_hal_dma.c.obj
                0x08008ace                HAL_DMA_Abort_IT
 .text.HAL_DMA_IRQHandler
                0x08008af4      0x1dc CMakeFiles/DMA_test.elf.dir/Drivers/STM32F4xx_HAL_Driver/Src/stm32f4xx_hal_dma.c.obj
                0x08008af4                HAL_DMA_IRQHandler
 .text.HAL_DMA_GetError
                0x08008cd0        0x4 CMakeFiles/DMA_test.elf.dir/Drivers/STM32F4xx_HAL_Driver/Src/stm32f4xx_hal_dma.c.obj
                0x08008cd0                HAL_DMA_GetError
 .text.HAL_GPIO_Init
                0x08008cd4      0x1c0 CMakeFiles/DMA_test.elf.dir/Drivers/STM32F4xx_HAL_Driver/Src/stm32f4xx_hal_gpio.c.obj
                0x08008cd4                HAL_GPIO_Init
 .text.HAL_GPIO_WritePin
                0x08008e94        0xc CMakeFiles/DMA_test.elf.dir/Drivers/STM32F4xx_HAL_Driver/Src/stm32f4xx_hal_gpio.c.obj
                0x08008e94                HAL_GPIO_WritePin
 .text.HAL_GPIO_TogglePin
                0x08008ea0       0x12 CMakeFiles/DMA_test.elf.dir/Drivers/STM32F4xx_HAL_Driver/Src/stm32f4xx_hal_gpio.c.obj
                0x08008ea0                HAL_GPIO_TogglePin
 *fill*         0x08008eb2        0x2 
 .text.HAL_RCC_OscConfig
                0x08008eb4      0x3f8 CMakeFiles/DMA_test.elf.dir/Drivers/STM32F4xx_HAL_Driver/Src/stm32f4xx_hal_rcc.c.obj
                0x08008eb4                HAL_RCC_OscConfig
 .text.HAL_RCC_GetSysClockFreq
                0x080092ac       0xa4 CMakeFiles/DMA_test.elf.dir/Drivers/STM32F4xx_HAL_Driver/Src/stm32f4xx_hal_rcc.c.obj
                0x080092ac                HAL_RCC_GetSysClockFreq
 .text.HAL_RCC_ClockConfig
                0x08009350      0x160 CMakeFiles/DMA_test.elf.dir/Drivers/STM32F4xx_HAL_Driver/Src/stm32f4xx_hal_rcc.c.obj
                0x08009350                HAL_RCC_ClockConfig
 .text.HAL_RCC_GetHCLKFreq
                0x080094b0        0xc CMakeFiles/DMA_test.elf.dir/Drivers/STM32F4xx_HAL_Driver/Src/stm32f4xx_hal_rcc.c.obj
                0x080094b0                HAL_RCC_GetHCLKFreq
 .text.HAL_RCC_GetPCLK1Freq
                0x080094bc       0x20 CMakeFiles/DMA_test.elf.dir/Drivers/STM32F4xx_HAL_Driver/Src/stm32f4xx_hal_rcc.c.obj
                0x080094bc                HAL_RCC_GetPCLK1Freq
 .text.HAL_RCC_GetPCLK2Freq
                0x080094dc       0x20 CMakeFiles/DMA_test.elf.dir/Drivers/STM32F4xx_HAL_Driver/Src/stm32f4xx_hal_rcc.c.obj
                0x080094dc                HAL_RCC_GetPCLK2Freq
 .text.HAL_RCC_GetClockConfig
                0x080094fc       0x3c CMakeFiles/DMA_test.elf.dir/Drivers/STM32F4xx_HAL_Driver/Src/stm32f4xx_hal_rcc.c.obj
                0x080094fc                HAL_RCC_GetClockConfig
 .text.HAL_RCC_DeInit
                0x08009538      0x13c CMakeFiles/DMA_test.elf.dir/Drivers/STM32F4xx_HAL_Driver/Src/stm32f4xx_hal_rcc_ex.c.obj
                0x08009538                HAL_RCC_DeInit
 .text.HAL_TIM_Base_MspInit
                0x08009674        0x2 CMakeFiles/DMA_test.elf.dir/Drivers/STM32F4xx_HAL_Driver/Src/stm32f4xx_hal_tim.c.obj
                0x08009674                HAL_TIM_Base_MspInit
 *fill*         0x08009676        0x2 
 .text.HAL_TIM_Base_Start_IT
                0x08009678       0x78 CMakeFiles/DMA_test.elf.dir/Drivers/STM32F4xx_HAL_Driver/Src/stm32f4xx_hal_tim.c.obj
                0x08009678                HAL_TIM_Base_Start_IT
 .text.HAL_TIM_OC_DelayElapsedCallback
                0x080096f0        0x2 CMakeFiles/DMA_test.elf.dir/Drivers/STM32F4xx_HAL_Driver/Src/stm32f4xx_hal_tim.c.obj
                0x080096f0                HAL_TIM_OC_DelayElapsedCallback
 .text.HAL_TIM_IC_CaptureCallback
                0x080096f2        0x2 CMakeFiles/DMA_test.elf.dir/Drivers/STM32F4xx_HAL_Driver/Src/stm32f4xx_hal_tim.c.obj
                0x080096f2                HAL_TIM_IC_CaptureCallback
 .text.HAL_TIM_PWM_PulseFinishedCallback
                0x080096f4        0x2 CMakeFiles/DMA_test.elf.dir/Drivers/STM32F4xx_HAL_Driver/Src/stm32f4xx_hal_tim.c.obj
                0x080096f4                HAL_TIM_PWM_PulseFinishedCallback
 .text.HAL_TIM_TriggerCallback
                0x080096f6        0x2 CMakeFiles/DMA_test.elf.dir/Drivers/STM32F4xx_HAL_Driver/Src/stm32f4xx_hal_tim.c.obj
                0x080096f6                HAL_TIM_TriggerCallback
 .text.HAL_TIM_IRQHandler
                0x080096f8      0x17a CMakeFiles/DMA_test.elf.dir/Drivers/STM32F4xx_HAL_Driver/Src/stm32f4xx_hal_tim.c.obj
                0x080096f8                HAL_TIM_IRQHandler
 *fill*         0x08009872        0x2 
 .text.TIM_Base_SetConfig
                0x08009874       0x9c CMakeFiles/DMA_test.elf.dir/Drivers/STM32F4xx_HAL_Driver/Src/stm32f4xx_hal_tim.c.obj
                0x08009874                TIM_Base_SetConfig
 .text.HAL_TIM_Base_Init
                0x08009910       0x58 CMakeFiles/DMA_test.elf.dir/Drivers/STM32F4xx_HAL_Driver/Src/stm32f4xx_hal_tim.c.obj
                0x08009910                HAL_TIM_Base_Init
 .text.HAL_TIMEx_CommutCallback
                0x08009968        0x2 CMakeFiles/DMA_test.elf.dir/Drivers/STM32F4xx_HAL_Driver/Src/stm32f4xx_hal_tim_ex.c.obj
                0x08009968                HAL_TIMEx_CommutCallback
 .text.HAL_TIMEx_BreakCallback
                0x0800996a        0x2 CMakeFiles/DMA_test.elf.dir/Drivers/STM32F4xx_HAL_Driver/Src/stm32f4xx_hal_tim_ex.c.obj
                0x0800996a                HAL_TIMEx_BreakCallback
 .text.UART_EndTxTransfer
                0x0800996c       0x20 CMakeFiles/DMA_test.elf.dir/Drivers/STM32F4xx_HAL_Driver/Src/stm32f4xx_hal_uart.c.obj
 .text.UART_EndRxTransfer
                0x0800998c       0x5c CMakeFiles/DMA_test.elf.dir/Drivers/STM32F4xx_HAL_Driver/Src/stm32f4xx_hal_uart.c.obj
 .text.UART_Transmit_IT
                0x080099e8       0x60 CMakeFiles/DMA_test.elf.dir/Drivers/STM32F4xx_HAL_Driver/Src/stm32f4xx_hal_uart.c.obj
 .text.UART_SetConfig
                0x08009a48      0x110 CMakeFiles/DMA_test.elf.dir/Drivers/STM32F4xx_HAL_Driver/Src/stm32f4xx_hal_uart.c.obj
 .text.HAL_UART_Init
                0x08009b58       0x5e CMakeFiles/DMA_test.elf.dir/Drivers/STM32F4xx_HAL_Driver/Src/stm32f4xx_hal_uart.c.obj
                0x08009b58                HAL_UART_Init
 *fill*         0x08009bb6        0x2 
 .text.HAL_UART_Transmit_DMA
                0x08009bb8       0x9c CMakeFiles/DMA_test.elf.dir/Drivers/STM32F4xx_HAL_Driver/Src/stm32f4xx_hal_uart.c.obj
                0x08009bb8                HAL_UART_Transmit_DMA
 .text.HAL_UART_AbortReceive
                0x08009c54       0xa6 CMakeFiles/DMA_test.elf.dir/Drivers/STM32F4xx_HAL_Driver/Src/stm32f4xx_hal_uart.c.obj
                0x08009c54                HAL_UART_AbortReceive
 .text.UART_DMATransmitCplt
                0x08009cfa       0x4c CMakeFiles/DMA_test.elf.dir/Drivers/STM32F4xx_HAL_Driver/Src/stm32f4xx_hal_uart.c.obj
 .text.UART_EndTransmit_IT
                0x08009d46       0x1a CMakeFiles/DMA_test.elf.dir/Drivers/STM32F4xx_HAL_Driver/Src/stm32f4xx_hal_uart.c.obj
 .text.HAL_UART_TxHalfCpltCallback
                0x08009d60        0x2 CMakeFiles/DMA_test.elf.dir/Drivers/STM32F4xx_HAL_Driver/Src/stm32f4xx_hal_uart.c.obj
                0x08009d60                HAL_UART_TxHalfCpltCallback
 .text.UART_DMATxHalfCplt
                0x08009d62        0xa CMakeFiles/DMA_test.elf.dir/Drivers/STM32F4xx_HAL_Driver/Src/stm32f4xx_hal_uart.c.obj
 .text.HAL_UART_RxCpltCallback
                0x08009d6c        0x2 CMakeFiles/DMA_test.elf.dir/Drivers/STM32F4xx_HAL_Driver/Src/stm32f4xx_hal_uart.c.obj
                0x08009d6c                HAL_UART_RxCpltCallback
 .text.HAL_UART_RxHalfCpltCallback
                0x08009d6e        0x2 CMakeFiles/DMA_test.elf.dir/Drivers/STM32F4xx_HAL_Driver/Src/stm32f4xx_hal_uart.c.obj
                0x08009d6e                HAL_UART_RxHalfCpltCallback
 .text.HAL_UART_ErrorCallback
                0x08009d70        0x2 CMakeFiles/DMA_test.elf.dir/Drivers/STM32F4xx_HAL_Driver/Src/stm32f4xx_hal_uart.c.obj
                0x08009d70                HAL_UART_ErrorCallback
 .text.UART_DMAError
                0x08009d72       0x58 CMakeFiles/DMA_test.elf.dir/Drivers/STM32F4xx_HAL_Driver/Src/stm32f4xx_hal_uart.c.obj
 .text.UART_DMAAbortOnError
                0x08009dca       0x10 CMakeFiles/DMA_test.elf.dir/Drivers/STM32F4xx_HAL_Driver/Src/stm32f4xx_hal_uart.c.obj
 .text.HAL_UARTEx_RxEventCallback
                0x08009dda        0x2 CMakeFiles/DMA_test.elf.dir/Drivers/STM32F4xx_HAL_Driver/Src/stm32f4xx_hal_uart.c.obj
                0x08009dda                HAL_UARTEx_RxEventCallback
 .text.UART_Receive_IT
                0x08009ddc       0xe2 CMakeFiles/DMA_test.elf.dir/Drivers/STM32F4xx_HAL_Driver/Src/stm32f4xx_hal_uart.c.obj
 *fill*         0x08009ebe        0x2 
 .text.HAL_UART_IRQHandler
                0x08009ec0      0x280 CMakeFiles/DMA_test.elf.dir/Drivers/STM32F4xx_HAL_Driver/Src/stm32f4xx_hal_uart.c.obj
                0x08009ec0                HAL_UART_IRQHandler
 .text.UART_DMARxHalfCplt
                0x0800a140       0x1a CMakeFiles/DMA_test.elf.dir/Drivers/STM32F4xx_HAL_Driver/Src/stm32f4xx_hal_uart.c.obj
 .text.UART_DMAReceiveCplt
                0x0800a15a       0x96 CMakeFiles/DMA_test.elf.dir/Drivers/STM32F4xx_HAL_Driver/Src/stm32f4xx_hal_uart.c.obj
 .text.UART_Start_Receive_DMA
                0x0800a1f0       0xa8 CMakeFiles/DMA_test.elf.dir/Drivers/STM32F4xx_HAL_Driver/Src/stm32f4xx_hal_uart.c.obj
                0x0800a1f0                UART_Start_Receive_DMA
 .text.HAL_UART_Receive_DMA
                0x0800a298       0x38 CMakeFiles/DMA_test.elf.dir/Drivers/STM32F4xx_HAL_Driver/Src/stm32f4xx_hal_uart.c.obj
                0x0800a298                HAL_UART_Receive_DMA
 .text.SysTick_Handler
                0x0800a2d0       0x18 CMakeFiles/DMA_test.elf.dir/Middlewares/Third_Party/FreeRTOS/Source/CMSIS_RTOS_V2/cmsis_os2.c.obj
                0x0800a2d0                SysTick_Handler
 .text.osKernelInitialize
                0x0800a2e8       0x24 CMakeFiles/DMA_test.elf.dir/Middlewares/Third_Party/FreeRTOS/Source/CMSIS_RTOS_V2/cmsis_os2.c.obj
                0x0800a2e8                osKernelInitialize
 .text.osKernelStart
                0x0800a30c       0x38 CMakeFiles/DMA_test.elf.dir/Middlewares/Third_Party/FreeRTOS/Source/CMSIS_RTOS_V2/cmsis_os2.c.obj
                0x0800a30c                osKernelStart
 .text.osThreadNew
                0x0800a344       0xbc CMakeFiles/DMA_test.elf.dir/Middlewares/Third_Party/FreeRTOS/Source/CMSIS_RTOS_V2/cmsis_os2.c.obj
                0x0800a344                osThreadNew
 .text.osDelay  0x0800a400       0x1c CMakeFiles/DMA_test.elf.dir/Middlewares/Third_Party/FreeRTOS/Source/CMSIS_RTOS_V2/cmsis_os2.c.obj
                0x0800a400                osDelay
 .text.osSemaphoreNew
                0x0800a41c       0xb4 CMakeFiles/DMA_test.elf.dir/Middlewares/Third_Party/FreeRTOS/Source/CMSIS_RTOS_V2/cmsis_os2.c.obj
                0x0800a41c                osSemaphoreNew
 .text.osSemaphoreAcquire
                0x0800a4d0       0x68 CMakeFiles/DMA_test.elf.dir/Middlewares/Third_Party/FreeRTOS/Source/CMSIS_RTOS_V2/cmsis_os2.c.obj
                0x0800a4d0                osSemaphoreAcquire
 .text.osSemaphoreRelease
                0x0800a538       0x5e CMakeFiles/DMA_test.elf.dir/Middlewares/Third_Party/FreeRTOS/Source/CMSIS_RTOS_V2/cmsis_os2.c.obj
                0x0800a538                osSemaphoreRelease
 *fill*         0x0800a596        0x2 
 .text.vApplicationGetIdleTaskMemory
                0x0800a598       0x18 CMakeFiles/DMA_test.elf.dir/Middlewares/Third_Party/FreeRTOS/Source/CMSIS_RTOS_V2/cmsis_os2.c.obj
                0x0800a598                vApplicationGetIdleTaskMemory
 .text.vApplicationGetTimerTaskMemory
                0x0800a5b0       0x18 CMakeFiles/DMA_test.elf.dir/Middlewares/Third_Party/FreeRTOS/Source/CMSIS_RTOS_V2/cmsis_os2.c.obj
                0x0800a5b0                vApplicationGetTimerTaskMemory
 .text.vListInitialise
                0x0800a5c8       0x16 CMakeFiles/DMA_test.elf.dir/Middlewares/Third_Party/FreeRTOS/Source/list.c.obj
                0x0800a5c8                vListInitialise
 .text.vListInitialiseItem
                0x0800a5de        0x6 CMakeFiles/DMA_test.elf.dir/Middlewares/Third_Party/FreeRTOS/Source/list.c.obj
                0x0800a5de                vListInitialiseItem
 .text.vListInsertEnd
                0x0800a5e4       0x16 CMakeFiles/DMA_test.elf.dir/Middlewares/Third_Party/FreeRTOS/Source/list.c.obj
                0x0800a5e4                vListInsertEnd
 .text.vListInsert
                0x0800a5fa       0x32 CMakeFiles/DMA_test.elf.dir/Middlewares/Third_Party/FreeRTOS/Source/list.c.obj
                0x0800a5fa                vListInsert
 .text.uxListRemove
                0x0800a62c       0x26 CMakeFiles/DMA_test.elf.dir/Middlewares/Third_Party/FreeRTOS/Source/list.c.obj
                0x0800a62c                uxListRemove
 *fill*         0x0800a652        0x2 
 .text.prvTaskExitError
                0x0800a654       0x40 CMakeFiles/DMA_test.elf.dir/Middlewares/Third_Party/FreeRTOS/Source/portable/GCC/ARM_CM4F/port.c.obj
 .text.prvPortStartFirstTask
                0x0800a694       0x28 CMakeFiles/DMA_test.elf.dir/Middlewares/Third_Party/FreeRTOS/Source/portable/GCC/ARM_CM4F/port.c.obj
 .text.vPortEnableVFP
                0x0800a6bc       0x14 CMakeFiles/DMA_test.elf.dir/Middlewares/Third_Party/FreeRTOS/Source/portable/GCC/ARM_CM4F/port.c.obj
 .text.pxPortInitialiseStack
                0x0800a6d0       0x2c CMakeFiles/DMA_test.elf.dir/Middlewares/Third_Party/FreeRTOS/Source/portable/GCC/ARM_CM4F/port.c.obj
                0x0800a6d0                pxPortInitialiseStack
 *fill*         0x0800a6fc        0x4 
 .text.SVC_Handler
                0x0800a700       0x24 CMakeFiles/DMA_test.elf.dir/Middlewares/Third_Party/FreeRTOS/Source/portable/GCC/ARM_CM4F/port.c.obj
                0x0800a700                SVC_Handler
 .text.vPortEnterCritical
                0x0800a724       0x44 CMakeFiles/DMA_test.elf.dir/Middlewares/Third_Party/FreeRTOS/Source/portable/GCC/ARM_CM4F/port.c.obj
                0x0800a724                vPortEnterCritical
 .text.vPortExitCritical
                0x0800a768       0x2c CMakeFiles/DMA_test.elf.dir/Middlewares/Third_Party/FreeRTOS/Source/portable/GCC/ARM_CM4F/port.c.obj
                0x0800a768                vPortExitCritical
 *fill*         0x0800a794        0xc 
 .text.PendSV_Handler
                0x0800a7a0       0x64 CMakeFiles/DMA_test.elf.dir/Middlewares/Third_Party/FreeRTOS/Source/portable/GCC/ARM_CM4F/port.c.obj
                0x0800a7a0                PendSV_Handler
 .text.xPortSysTickHandler
                0x0800a804       0x2c CMakeFiles/DMA_test.elf.dir/Middlewares/Third_Party/FreeRTOS/Source/portable/GCC/ARM_CM4F/port.c.obj
                0x0800a804                xPortSysTickHandler
 .text.vPortSetupTimerInterrupt
                0x0800a830       0x28 CMakeFiles/DMA_test.elf.dir/Middlewares/Third_Party/FreeRTOS/Source/portable/GCC/ARM_CM4F/port.c.obj
                0x0800a830                vPortSetupTimerInterrupt
 .text.xPortStartScheduler
                0x0800a858      0x118 CMakeFiles/DMA_test.elf.dir/Middlewares/Third_Party/FreeRTOS/Source/portable/GCC/ARM_CM4F/port.c.obj
                0x0800a858                xPortStartScheduler
 .text.vPortValidateInterruptPriority
                0x0800a970       0x5c CMakeFiles/DMA_test.elf.dir/Middlewares/Third_Party/FreeRTOS/Source/portable/GCC/ARM_CM4F/port.c.obj
                0x0800a970                vPortValidateInterruptPriority
 .text.prvHeapInit
                0x0800a9cc       0x64 CMakeFiles/DMA_test.elf.dir/Middlewares/Third_Party/FreeRTOS/Source/portable/MemMang/heap_4.c.obj
 .text.prvInsertBlockIntoFreeList
                0x0800aa30       0x64 CMakeFiles/DMA_test.elf.dir/Middlewares/Third_Party/FreeRTOS/Source/portable/MemMang/heap_4.c.obj
 .text.pvPortMalloc
                0x0800aa94       0xfc CMakeFiles/DMA_test.elf.dir/Middlewares/Third_Party/FreeRTOS/Source/portable/MemMang/heap_4.c.obj
                0x0800aa94                pvPortMalloc
 .text.vPortFree
                0x0800ab90       0x7c CMakeFiles/DMA_test.elf.dir/Middlewares/Third_Party/FreeRTOS/Source/portable/MemMang/heap_4.c.obj
                0x0800ab90                vPortFree
 .text.prvGetDisinheritPriorityAfterTimeout
                0x0800ac0c       0x10 CMakeFiles/DMA_test.elf.dir/Middlewares/Third_Party/FreeRTOS/Source/queue.c.obj
 .text.prvIsQueueFull
                0x0800ac1c       0x1e CMakeFiles/DMA_test.elf.dir/Middlewares/Third_Party/FreeRTOS/Source/queue.c.obj
 .text.prvIsQueueEmpty
                0x0800ac3a       0x1a CMakeFiles/DMA_test.elf.dir/Middlewares/Third_Party/FreeRTOS/Source/queue.c.obj
 .text.prvCopyDataToQueue
                0x0800ac54       0x76 CMakeFiles/DMA_test.elf.dir/Middlewares/Third_Party/FreeRTOS/Source/queue.c.obj
 .text.prvCopyDataFromQueue
                0x0800acca       0x24 CMakeFiles/DMA_test.elf.dir/Middlewares/Third_Party/FreeRTOS/Source/queue.c.obj
 .text.prvUnlockQueue
                0x0800acee       0x6e CMakeFiles/DMA_test.elf.dir/Middlewares/Third_Party/FreeRTOS/Source/queue.c.obj
 .text.xQueueGenericReset
                0x0800ad5c       0x84 CMakeFiles/DMA_test.elf.dir/Middlewares/Third_Party/FreeRTOS/Source/queue.c.obj
                0x0800ad5c                xQueueGenericReset
 .text.prvInitialiseNewQueue
                0x0800ade0       0x22 CMakeFiles/DMA_test.elf.dir/Middlewares/Third_Party/FreeRTOS/Source/queue.c.obj
 .text.xQueueGenericCreateStatic
                0x0800ae02       0x94 CMakeFiles/DMA_test.elf.dir/Middlewares/Third_Party/FreeRTOS/Source/queue.c.obj
                0x0800ae02                xQueueGenericCreateStatic
 .text.xQueueGenericCreate
                0x0800ae96       0x48 CMakeFiles/DMA_test.elf.dir/Middlewares/Third_Party/FreeRTOS/Source/queue.c.obj
                0x0800ae96                xQueueGenericCreate
 .text.xQueueCreateCountingSemaphoreStatic
                0x0800aede       0x46 CMakeFiles/DMA_test.elf.dir/Middlewares/Third_Party/FreeRTOS/Source/queue.c.obj
                0x0800aede                xQueueCreateCountingSemaphoreStatic
 .text.xQueueCreateCountingSemaphore
                0x0800af24       0x3c CMakeFiles/DMA_test.elf.dir/Middlewares/Third_Party/FreeRTOS/Source/queue.c.obj
                0x0800af24                xQueueCreateCountingSemaphore
 .text.xQueueGenericSend
                0x0800af60      0x188 CMakeFiles/DMA_test.elf.dir/Middlewares/Third_Party/FreeRTOS/Source/queue.c.obj
                0x0800af60                xQueueGenericSend
 .text.xQueueGenericSendFromISR
                0x0800b0e8       0xce CMakeFiles/DMA_test.elf.dir/Middlewares/Third_Party/FreeRTOS/Source/queue.c.obj
                0x0800b0e8                xQueueGenericSendFromISR
 .text.xQueueGiveFromISR
                0x0800b1b6       0xb2 CMakeFiles/DMA_test.elf.dir/Middlewares/Third_Party/FreeRTOS/Source/queue.c.obj
                0x0800b1b6                xQueueGiveFromISR
 .text.xQueueReceive
                0x0800b268      0x15e CMakeFiles/DMA_test.elf.dir/Middlewares/Third_Party/FreeRTOS/Source/queue.c.obj
                0x0800b268                xQueueReceive
 .text.xQueueSemaphoreTake
                0x0800b3c6      0x1a6 CMakeFiles/DMA_test.elf.dir/Middlewares/Third_Party/FreeRTOS/Source/queue.c.obj
                0x0800b3c6                xQueueSemaphoreTake
 .text.xQueueReceiveFromISR
                0x0800b56c       0xa8 CMakeFiles/DMA_test.elf.dir/Middlewares/Third_Party/FreeRTOS/Source/queue.c.obj
                0x0800b56c                xQueueReceiveFromISR
 .text.vQueueAddToRegistry
                0x0800b614       0x28 CMakeFiles/DMA_test.elf.dir/Middlewares/Third_Party/FreeRTOS/Source/queue.c.obj
                0x0800b614                vQueueAddToRegistry
 .text.vQueueUnregisterQueue
                0x0800b63c       0x2c CMakeFiles/DMA_test.elf.dir/Middlewares/Third_Party/FreeRTOS/Source/queue.c.obj
                0x0800b63c                vQueueUnregisterQueue
 .text.vQueueDelete
                0x0800b668       0x2c CMakeFiles/DMA_test.elf.dir/Middlewares/Third_Party/FreeRTOS/Source/queue.c.obj
                0x0800b668                vQueueDelete
 .text.vQueueWaitForMessageRestricted
                0x0800b694       0x52 CMakeFiles/DMA_test.elf.dir/Middlewares/Third_Party/FreeRTOS/Source/queue.c.obj
                0x0800b694                vQueueWaitForMessageRestricted
 *fill*         0x0800b6e6        0x2 
 .text.prvResetNextTaskUnblockTime
                0x0800b6e8       0x2c CMakeFiles/DMA_test.elf.dir/Middlewares/Third_Party/FreeRTOS/Source/tasks.c.obj
 .text.prvInitialiseNewTask
                0x0800b714       0xa6 CMakeFiles/DMA_test.elf.dir/Middlewares/Third_Party/FreeRTOS/Source/tasks.c.obj
 *fill*         0x0800b7ba        0x2 
 .text.prvInitialiseTaskLists
                0x0800b7bc       0x68 CMakeFiles/DMA_test.elf.dir/Middlewares/Third_Party/FreeRTOS/Source/tasks.c.obj
 .text.prvAddNewTaskToReadyList
                0x0800b824       0xac CMakeFiles/DMA_test.elf.dir/Middlewares/Third_Party/FreeRTOS/Source/tasks.c.obj
 .text.prvDeleteTCB
                0x0800b8d0       0x38 CMakeFiles/DMA_test.elf.dir/Middlewares/Third_Party/FreeRTOS/Source/tasks.c.obj
 .text.prvCheckTasksWaitingTermination
                0x0800b908       0x4c CMakeFiles/DMA_test.elf.dir/Middlewares/Third_Party/FreeRTOS/Source/tasks.c.obj
 .text.prvIdleTask
                0x0800b954       0x28 CMakeFiles/DMA_test.elf.dir/Middlewares/Third_Party/FreeRTOS/Source/tasks.c.obj
 .text.prvAddCurrentTaskToDelayedList
                0x0800b97c       0x7c CMakeFiles/DMA_test.elf.dir/Middlewares/Third_Party/FreeRTOS/Source/tasks.c.obj
 .text.xTaskCreateStatic
                0x0800b9f8       0x76 CMakeFiles/DMA_test.elf.dir/Middlewares/Third_Party/FreeRTOS/Source/tasks.c.obj
                0x0800b9f8                xTaskCreateStatic
 .text.xTaskCreate
                0x0800ba6e       0x68 CMakeFiles/DMA_test.elf.dir/Middlewares/Third_Party/FreeRTOS/Source/tasks.c.obj
                0x0800ba6e                xTaskCreate
 *fill*         0x0800bad6        0x2 
 .text.vTaskDelete
                0x0800bad8       0xb8 CMakeFiles/DMA_test.elf.dir/Middlewares/Third_Party/FreeRTOS/Source/tasks.c.obj
                0x0800bad8                vTaskDelete
 .text.vTaskStartScheduler
                0x0800bb90       0x9c CMakeFiles/DMA_test.elf.dir/Middlewares/Third_Party/FreeRTOS/Source/tasks.c.obj
                0x0800bb90                vTaskStartScheduler
 .text.vTaskSuspendAll
                0x0800bc2c       0x10 CMakeFiles/DMA_test.elf.dir/Middlewares/Third_Party/FreeRTOS/Source/tasks.c.obj
                0x0800bc2c                vTaskSuspendAll
 .text.xTaskGetTickCount
                0x0800bc3c        0xc CMakeFiles/DMA_test.elf.dir/Middlewares/Third_Party/FreeRTOS/Source/tasks.c.obj
                0x0800bc3c                xTaskGetTickCount
 .text.xTaskIncrementTick
                0x0800bc48      0x118 CMakeFiles/DMA_test.elf.dir/Middlewares/Third_Party/FreeRTOS/Source/tasks.c.obj
                0x0800bc48                xTaskIncrementTick
 .text.xTaskResumeAll
                0x0800bd60       0xf8 CMakeFiles/DMA_test.elf.dir/Middlewares/Third_Party/FreeRTOS/Source/tasks.c.obj
                0x0800bd60                xTaskResumeAll
 .text.vTaskDelay
                0x0800be58       0x4c CMakeFiles/DMA_test.elf.dir/Middlewares/Third_Party/FreeRTOS/Source/tasks.c.obj
                0x0800be58                vTaskDelay
 .text.vTaskSwitchContext
                0x0800bea4       0x94 CMakeFiles/DMA_test.elf.dir/Middlewares/Third_Party/FreeRTOS/Source/tasks.c.obj
                0x0800bea4                vTaskSwitchContext
 .text.vTaskPlaceOnEventList
                0x0800bf38       0x30 CMakeFiles/DMA_test.elf.dir/Middlewares/Third_Party/FreeRTOS/Source/tasks.c.obj
                0x0800bf38                vTaskPlaceOnEventList
 .text.vTaskPlaceOnEventListRestricted
                0x0800bf68       0x38 CMakeFiles/DMA_test.elf.dir/Middlewares/Third_Party/FreeRTOS/Source/tasks.c.obj
                0x0800bf68                vTaskPlaceOnEventListRestricted
 .text.xTaskRemoveFromEventList
                0x0800bfa0       0x8c CMakeFiles/DMA_test.elf.dir/Middlewares/Third_Party/FreeRTOS/Source/tasks.c.obj
                0x0800bfa0                xTaskRemoveFromEventList
 .text.vTaskInternalSetTimeOutState
                0x0800c02c       0x18 CMakeFiles/DMA_test.elf.dir/Middlewares/Third_Party/FreeRTOS/Source/tasks.c.obj
                0x0800c02c                vTaskInternalSetTimeOutState
 .text.xTaskCheckForTimeOut
                0x0800c044       0x84 CMakeFiles/DMA_test.elf.dir/Middlewares/Third_Party/FreeRTOS/Source/tasks.c.obj
                0x0800c044                xTaskCheckForTimeOut
 .text.vTaskMissedYield
                0x0800c0c8        0xc CMakeFiles/DMA_test.elf.dir/Middlewares/Third_Party/FreeRTOS/Source/tasks.c.obj
                0x0800c0c8                vTaskMissedYield
 .text.xTaskGetSchedulerState
                0x0800c0d4       0x20 CMakeFiles/DMA_test.elf.dir/Middlewares/Third_Party/FreeRTOS/Source/tasks.c.obj
                0x0800c0d4                xTaskGetSchedulerState
 .text.xTaskPriorityInherit
                0x0800c0f4       0x98 CMakeFiles/DMA_test.elf.dir/Middlewares/Third_Party/FreeRTOS/Source/tasks.c.obj
                0x0800c0f4                xTaskPriorityInherit
 .text.xTaskPriorityDisinherit
                0x0800c18c       0x90 CMakeFiles/DMA_test.elf.dir/Middlewares/Third_Party/FreeRTOS/Source/tasks.c.obj
                0x0800c18c                xTaskPriorityDisinherit
 .text.vTaskPriorityDisinheritAfterTimeout
                0x0800c21c       0xa0 CMakeFiles/DMA_test.elf.dir/Middlewares/Third_Party/FreeRTOS/Source/tasks.c.obj
                0x0800c21c                vTaskPriorityDisinheritAfterTimeout
 .text.pvTaskIncrementMutexHeldCount
                0x0800c2bc       0x1c CMakeFiles/DMA_test.elf.dir/Middlewares/Third_Party/FreeRTOS/Source/tasks.c.obj
                0x0800c2bc                pvTaskIncrementMutexHeldCount
 .text.prvGetNextExpireTime
                0x0800c2d8       0x20 CMakeFiles/DMA_test.elf.dir/Middlewares/Third_Party/FreeRTOS/Source/timers.c.obj
 .text.prvInsertTimerInActiveList
                0x0800c2f8       0x48 CMakeFiles/DMA_test.elf.dir/Middlewares/Third_Party/FreeRTOS/Source/timers.c.obj
 .text.prvCheckForValidListAndQueue
                0x0800c340       0x70 CMakeFiles/DMA_test.elf.dir/Middlewares/Third_Party/FreeRTOS/Source/timers.c.obj
 .text.xTimerCreateTimerTask
                0x0800c3b0       0x64 CMakeFiles/DMA_test.elf.dir/Middlewares/Third_Party/FreeRTOS/Source/timers.c.obj
                0x0800c3b0                xTimerCreateTimerTask
 .text.xTimerGenericCommand
                0x0800c414       0x6c CMakeFiles/DMA_test.elf.dir/Middlewares/Third_Party/FreeRTOS/Source/timers.c.obj
                0x0800c414                xTimerGenericCommand
 .text.prvSwitchTimerLists
                0x0800c480       0x7c CMakeFiles/DMA_test.elf.dir/Middlewares/Third_Party/FreeRTOS/Source/timers.c.obj
 .text.prvSampleTimeNow
                0x0800c4fc       0x2c CMakeFiles/DMA_test.elf.dir/Middlewares/Third_Party/FreeRTOS/Source/timers.c.obj
 .text.prvProcessExpiredTimer
                0x0800c528       0x6c CMakeFiles/DMA_test.elf.dir/Middlewares/Third_Party/FreeRTOS/Source/timers.c.obj
 .text.prvProcessTimerOrBlockTask
                0x0800c594       0x74 CMakeFiles/DMA_test.elf.dir/Middlewares/Third_Party/FreeRTOS/Source/timers.c.obj
 .text.prvProcessReceivedCommands
                0x0800c608      0x10c CMakeFiles/DMA_test.elf.dir/Middlewares/Third_Party/FreeRTOS/Source/timers.c.obj
 .text.prvTimerTask
                0x0800c714       0x16 CMakeFiles/DMA_test.elf.dir/Middlewares/Third_Party/FreeRTOS/Source/timers.c.obj
 *fill*         0x0800c72a        0x2 
 .text._Z7RespondIJEEvR10StreamSinkPKcDpOT_
                0x0800c72c       0x34 CMakeFiles/DMA_test.elf.dir/UserApp/ascii_protocol.cpp.obj
                0x0800c72c                void Respond<>(StreamSink&, char const*)
 .text._Z15OnUart1AsciiCmdPKcjR10StreamSink
                0x0800c760       0x38 CMakeFiles/DMA_test.elf.dir/UserApp/ascii_protocol.cpp.obj
                0x0800c760                OnUart1AsciiCmd(char const*, unsigned int, StreamSink&)
 .text._Z27ASCII_protocol_process_linePKhjR10StreamSink
                0x0800c798       0x38 CMakeFiles/DMA_test.elf.dir/UserApp/communication/ascii_processor.cpp.obj
                0x0800c798                ASCII_protocol_process_line(unsigned char const*, unsigned int, StreamSink&)
 .text._Z27ASCII_protocol_parse_streamPKhjR10StreamSink
                0x0800c7d0       0x70 CMakeFiles/DMA_test.elf.dir/UserApp/communication/ascii_processor.cpp.obj
                0x0800c7d0                ASCII_protocol_parse_stream(unsigned char const*, unsigned int, StreamSink&)
 .text.CommunicationTask
                0x0800c840       0x1c CMakeFiles/DMA_test.elf.dir/UserApp/communication/communication.cpp.obj
                0x0800c840                CommunicationTask
 .text.InitCommunication
                0x0800c85c       0x34 CMakeFiles/DMA_test.elf.dir/UserApp/communication/communication.cpp.obj
                0x0800c85c                InitCommunication
 .text._write   0x0800c890       0x18 CMakeFiles/DMA_test.elf.dir/UserApp/communication/communication.cpp.obj
                0x0800c890                _write
 .text._ZN11UART1Sender14get_free_spaceEv
                0x0800c8a8        0x6 CMakeFiles/DMA_test.elf.dir/UserApp/communication/interface_uart.cpp.obj
                0x0800c8a8                UART1Sender::get_free_space()
 *fill*         0x0800c8ae        0x2 
 .text._Z41__static_initialization_and_destruction_0ii
                0x0800c8b0       0x7c CMakeFiles/DMA_test.elf.dir/UserApp/communication/interface_uart.cpp.obj
 .text._ZL14UartServerTaskPv
                0x0800c92c       0x9c CMakeFiles/DMA_test.elf.dir/UserApp/communication/interface_uart.cpp.obj
 .text._ZN11UART1Sender13process_bytesEPKhjPj
                0x0800c9c8       0x6c CMakeFiles/DMA_test.elf.dir/UserApp/communication/interface_uart.cpp.obj
                0x0800c9c8                UART1Sender::process_bytes(unsigned char const*, unsigned int, unsigned int*)
 .text.StartUartServer
                0x0800ca34       0x44 CMakeFiles/DMA_test.elf.dir/UserApp/communication/interface_uart.cpp.obj
                0x0800ca34                StartUartServer
 .text.HAL_UART_TxCpltCallback
                0x0800ca78       0x20 CMakeFiles/DMA_test.elf.dir/UserApp/communication/interface_uart.cpp.obj
                0x0800ca78                HAL_UART_TxCpltCallback
 .text._GLOBAL__sub_I_uartServerTaskHandle
                0x0800ca98        0xe CMakeFiles/DMA_test.elf.dir/UserApp/communication/interface_uart.cpp.obj
 .text._ZN23StreamToPacketSegmenter14get_free_spaceEv
                0x0800caa6        0x6 CMakeFiles/DMA_test.elf.dir/UserApp/fibre/cpp/protocol.cpp.obj
                0x0800caa6                StreamToPacketSegmenter::get_free_space()
 .text._ZN16MemoryStreamSink14get_free_spaceEv
                0x0800caac        0x4 CMakeFiles/DMA_test.elf.dir/UserApp/fibre/cpp/protocol.cpp.obj
                0x0800caac                MemoryStreamSink::get_free_space()
 .text._ZN31BidirectionalPacketBasedChannel14process_packetEPKhj
                0x0800cab0       0xd0 CMakeFiles/DMA_test.elf.dir/UserApp/fibre/cpp/protocol.cpp.obj
                0x0800cab0                BidirectionalPacketBasedChannel::process_packet(unsigned char const*, unsigned int)
 .text._Z8calc_crcItLj15717EET_S0_h
                0x0800cb80       0x28 CMakeFiles/DMA_test.elf.dir/UserApp/fibre/cpp/protocol.cpp.obj
 .text._Z8calc_crcItLj15717EET_S0_PKhj
                0x0800cba8       0x18 CMakeFiles/DMA_test.elf.dir/UserApp/fibre/cpp/protocol.cpp.obj
 .text._Z10calc_crc16ILj15717EEttPKhj
                0x0800cbc0        0x8 CMakeFiles/DMA_test.elf.dir/UserApp/fibre/cpp/protocol.cpp.obj
 .text._Z8calc_crcIhLj55EET_S0_h
                0x0800cbc8       0x22 CMakeFiles/DMA_test.elf.dir/UserApp/fibre/cpp/protocol.cpp.obj
 .text._Z8calc_crcIhLj55EET_S0_PKhj
                0x0800cbea       0x18 CMakeFiles/DMA_test.elf.dir/UserApp/fibre/cpp/protocol.cpp.obj
 .text._Z9calc_crc8ILj55EEhhPKhj
                0x0800cc02        0x8 CMakeFiles/DMA_test.elf.dir/UserApp/fibre/cpp/protocol.cpp.obj
 .text._ZN23StreamToPacketSegmenter13process_bytesEPKhjPj
                0x0800cc0a       0xe4 CMakeFiles/DMA_test.elf.dir/UserApp/fibre/cpp/protocol.cpp.obj
                0x0800cc0a                StreamToPacketSegmenter::process_bytes(unsigned char const*, unsigned int, unsigned int*)
 .text._ZN21StreamBasedPacketSink14process_packetEPKhj
                0x0800ccee       0x9a CMakeFiles/DMA_test.elf.dir/UserApp/fibre/cpp/protocol.cpp.obj
                0x0800ccee                StreamBasedPacketSink::process_packet(unsigned char const*, unsigned int)
 .text._ZN16MemoryStreamSink13process_bytesEPKhjPj
                0x0800cd88       0x3a CMakeFiles/DMA_test.elf.dir/UserApp/fibre/cpp/protocol.cpp.obj
                0x0800cd88                MemoryStreamSink::process_bytes(unsigned char const*, unsigned int, unsigned int*)
 *fill*         0x0800cdc2        0x2 
 .text._Z7LEDTaskPv
                0x0800cdc4       0x18 CMakeFiles/DMA_test.elf.dir/UserApp/main.cpp.obj
                0x0800cdc4                LEDTask(void*)
 .text.Main     0x0800cddc       0x5c CMakeFiles/DMA_test.elf.dir/UserApp/main.cpp.obj
                0x0800cddc                Main
 .text.Reset_Handler
                0x0800ce38       0x50 CMakeFiles/DMA_test.elf.dir/startup/startup_stm32f411xe.s.obj
                0x0800ce38                Reset_Handler
 .text.Default_Handler
                0x0800ce88        0x2 CMakeFiles/DMA_test.elf.dir/startup/startup_stm32f411xe.s.obj
                0x0800ce88                RTC_Alarm_IRQHandler
                0x0800ce88                EXTI2_IRQHandler
                0x0800ce88                SPI4_IRQHandler
                0x0800ce88                TIM1_CC_IRQHandler
                0x0800ce88                DMA2_Stream5_IRQHandler
                0x0800ce88                DMA1_Stream5_IRQHandler
                0x0800ce88                PVD_IRQHandler
                0x0800ce88                SDIO_IRQHandler
                0x0800ce88                TAMP_STAMP_IRQHandler
                0x0800ce88                EXTI3_IRQHandler
                0x0800ce88                TIM1_UP_TIM10_IRQHandler
                0x0800ce88                I2C3_ER_IRQHandler
                0x0800ce88                EXTI0_IRQHandler
                0x0800ce88                I2C2_EV_IRQHandler
                0x0800ce88                DMA1_Stream2_IRQHandler
                0x0800ce88                FPU_IRQHandler
                0x0800ce88                SPI1_IRQHandler
                0x0800ce88                DMA2_Stream3_IRQHandler
                0x0800ce88                USART6_IRQHandler
                0x0800ce88                DMA2_Stream0_IRQHandler
                0x0800ce88                TIM4_IRQHandler
                0x0800ce88                I2C1_EV_IRQHandler
                0x0800ce88                DMA1_Stream6_IRQHandler
                0x0800ce88                DMA1_Stream1_IRQHandler
                0x0800ce88                TIM3_IRQHandler
                0x0800ce88                RCC_IRQHandler
                0x0800ce88                Default_Handler
                0x0800ce88                EXTI15_10_IRQHandler
                0x0800ce88                ADC_IRQHandler
                0x0800ce88                DMA1_Stream7_IRQHandler
                0x0800ce88                SPI5_IRQHandler
                0x0800ce88                TIM5_IRQHandler
                0x0800ce88                I2C3_EV_IRQHandler
                0x0800ce88                EXTI9_5_IRQHandler
                0x0800ce88                RTC_WKUP_IRQHandler
                0x0800ce88                SPI2_IRQHandler
                0x0800ce88                DMA1_Stream0_IRQHandler
                0x0800ce88                EXTI4_IRQHandler
                0x0800ce88                WWDG_IRQHandler
                0x0800ce88                TIM2_IRQHandler
                0x0800ce88                OTG_FS_WKUP_IRQHandler
                0x0800ce88                TIM1_TRG_COM_TIM11_IRQHandler
                0x0800ce88                EXTI1_IRQHandler
                0x0800ce88                I2C2_ER_IRQHandler
                0x0800ce88                DMA2_Stream1_IRQHandler
                0x0800ce88                FLASH_IRQHandler
                0x0800ce88                DMA2_Stream4_IRQHandler
                0x0800ce88                OTG_FS_IRQHandler
                0x0800ce88                SPI3_IRQHandler
                0x0800ce88                DMA1_Stream4_IRQHandler
                0x0800ce88                I2C1_ER_IRQHandler
                0x0800ce88                DMA2_Stream6_IRQHandler
                0x0800ce88                DMA1_Stream3_IRQHandler
 *fill*         0x0800ce8a        0x2 
 .text._ZNK10__cxxabiv117__class_type_info11__do_upcastEPKS0_PPv
                0x0800ce8c       0x34 d:/stm32_dk/gcc-arm-none-eabi/bin/../lib/gcc/arm-none-eabi/10.3.1/../../../../arm-none-eabi/lib/thumb/v7e-m+fp/hard\libstdc++.a(class_type_info.o)
                0x0800ce8c                __cxxabiv1::__class_type_info::__do_upcast(__cxxabiv1::__class_type_info const*, void**) const
 .text._ZNK10__cxxabiv117__class_type_info20__do_find_public_srcEiPKvPKS0_S2_
                0x0800cec0        0xc d:/stm32_dk/gcc-arm-none-eabi/bin/../lib/gcc/arm-none-eabi/10.3.1/../../../../arm-none-eabi/lib/thumb/v7e-m+fp/hard\libstdc++.a(class_type_info.o)
                0x0800cec0                __cxxabiv1::__class_type_info::__do_find_public_src(int, void const*, __cxxabiv1::__class_type_info const*, void const*) const
 .text._ZN10__cxxabiv117__class_type_infoD2Ev
                0x0800cecc       0x14 d:/stm32_dk/gcc-arm-none-eabi/bin/../lib/gcc/arm-none-eabi/10.3.1/../../../../arm-none-eabi/lib/thumb/v7e-m+fp/hard\libstdc++.a(class_type_info.o)
                0x0800cecc                __cxxabiv1::__class_type_info::~__class_type_info()
                0x0800cecc                __cxxabiv1::__class_type_info::~__class_type_info()
 .text._ZN10__cxxabiv117__class_type_infoD0Ev
                0x0800cee0       0x1c d:/stm32_dk/gcc-arm-none-eabi/bin/../lib/gcc/arm-none-eabi/10.3.1/../../../../arm-none-eabi/lib/thumb/v7e-m+fp/hard\libstdc++.a(class_type_info.o)
                0x0800cee0                __cxxabiv1::__class_type_info::~__class_type_info()
 .text._ZNK10__cxxabiv117__class_type_info12__do_dyncastEiNS0_10__sub_kindEPKS0_PKvS3_S5_RNS0_16__dyncast_resultE
                0x0800cefc       0x44 d:/stm32_dk/gcc-arm-none-eabi/bin/../lib/gcc/arm-none-eabi/10.3.1/../../../../arm-none-eabi/lib/thumb/v7e-m+fp/hard\libstdc++.a(class_type_info.o)
                0x0800cefc                __cxxabiv1::__class_type_info::__do_dyncast(int, __cxxabiv1::__class_type_info::__sub_kind, __cxxabiv1::__class_type_info const*, void const*, __cxxabiv1::__class_type_info const*, void const*, __cxxabiv1::__class_type_info::__dyncast_result&) const
 .text._ZNK10__cxxabiv117__class_type_info11__do_upcastEPKS0_PKvRNS0_15__upcast_resultE
                0x0800cf40       0x1c d:/stm32_dk/gcc-arm-none-eabi/bin/../lib/gcc/arm-none-eabi/10.3.1/../../../../arm-none-eabi/lib/thumb/v7e-m+fp/hard\libstdc++.a(class_type_info.o)
                0x0800cf40                __cxxabiv1::__class_type_info::__do_upcast(__cxxabiv1::__class_type_info const*, void const*, __cxxabiv1::__class_type_info::__upcast_result&) const
 .text._ZNK10__cxxabiv117__class_type_info10__do_catchEPKSt9type_infoPPvj
                0x0800cf5c       0x2c d:/stm32_dk/gcc-arm-none-eabi/bin/../lib/gcc/arm-none-eabi/10.3.1/../../../../arm-none-eabi/lib/thumb/v7e-m+fp/hard\libstdc++.a(class_type_info.o)
                0x0800cf5c                __cxxabiv1::__class_type_info::__do_catch(std::type_info const*, void**, unsigned int) const
 .text._ZdlPvj  0x0800cf88        0x4 d:/stm32_dk/gcc-arm-none-eabi/bin/../lib/gcc/arm-none-eabi/10.3.1/../../../../arm-none-eabi/lib/thumb/v7e-m+fp/hard\libstdc++.a(del_ops.o)
                0x0800cf88                operator delete(void*, unsigned int)
 .text.__cxa_pure_virtual
                0x0800cf8c       0x14 d:/stm32_dk/gcc-arm-none-eabi/bin/../lib/gcc/arm-none-eabi/10.3.1/../../../../arm-none-eabi/lib/thumb/v7e-m+fp/hard\libstdc++.a(pure.o)
                0x0800cf8c                __cxa_pure_virtual
 .text._ZN10__cxxabiv120__si_class_type_infoD2Ev
                0x0800cfa0       0x14 d:/stm32_dk/gcc-arm-none-eabi/bin/../lib/gcc/arm-none-eabi/10.3.1/../../../../arm-none-eabi/lib/thumb/v7e-m+fp/hard\libstdc++.a(si_class_type_info.o)
                0x0800cfa0                __cxxabiv1::__si_class_type_info::~__si_class_type_info()
                0x0800cfa0                __cxxabiv1::__si_class_type_info::~__si_class_type_info()
 .text._ZN10__cxxabiv120__si_class_type_infoD0Ev
                0x0800cfb4       0x1c d:/stm32_dk/gcc-arm-none-eabi/bin/../lib/gcc/arm-none-eabi/10.3.1/../../../../arm-none-eabi/lib/thumb/v7e-m+fp/hard\libstdc++.a(si_class_type_info.o)
                0x0800cfb4                __cxxabiv1::__si_class_type_info::~__si_class_type_info()
 .text._ZNK10__cxxabiv120__si_class_type_info20__do_find_public_srcEiPKvPKNS_17__class_type_infoES2_
                0x0800cfd0       0x3c d:/stm32_dk/gcc-arm-none-eabi/bin/../lib/gcc/arm-none-eabi/10.3.1/../../../../arm-none-eabi/lib/thumb/v7e-m+fp/hard\libstdc++.a(si_class_type_info.o)
                0x0800cfd0                __cxxabiv1::__si_class_type_info::__do_find_public_src(int, void const*, __cxxabiv1::__class_type_info const*, void const*) const
 .text._ZNK10__cxxabiv120__si_class_type_info12__do_dyncastEiNS_17__class_type_info10__sub_kindEPKS1_PKvS4_S6_RNS1_16__dyncast_resultE
                0x0800d00c       0x80 d:/stm32_dk/gcc-arm-none-eabi/bin/../lib/gcc/arm-none-eabi/10.3.1/../../../../arm-none-eabi/lib/thumb/v7e-m+fp/hard\libstdc++.a(si_class_type_info.o)
                0x0800d00c                __cxxabiv1::__si_class_type_info::__do_dyncast(int, __cxxabiv1::__class_type_info::__sub_kind, __cxxabiv1::__class_type_info const*, void const*, __cxxabiv1::__class_type_info const*, void const*, __cxxabiv1::__class_type_info::__dyncast_result&) const
 .text._ZNK10__cxxabiv120__si_class_type_info11__do_upcastEPKNS_17__class_type_infoEPKvRNS1_15__upcast_resultE
                0x0800d08c       0x2c d:/stm32_dk/gcc-arm-none-eabi/bin/../lib/gcc/arm-none-eabi/10.3.1/../../../../arm-none-eabi/lib/thumb/v7e-m+fp/hard\libstdc++.a(si_class_type_info.o)
                0x0800d08c                __cxxabiv1::__si_class_type_info::__do_upcast(__cxxabiv1::__class_type_info const*, void const*, __cxxabiv1::__class_type_info::__upcast_result&) const
 .text._ZNSt9type_infoD2Ev
                0x0800d0b8        0x4 d:/stm32_dk/gcc-arm-none-eabi/bin/../lib/gcc/arm-none-eabi/10.3.1/../../../../arm-none-eabi/lib/thumb/v7e-m+fp/hard\libstdc++.a(tinfo.o)
                0x0800d0b8                std::type_info::~type_info()
                0x0800d0b8                std::type_info::~type_info()
 .text._ZNKSt9type_info14__is_pointer_pEv
                0x0800d0bc        0x4 d:/stm32_dk/gcc-arm-none-eabi/bin/../lib/gcc/arm-none-eabi/10.3.1/../../../../arm-none-eabi/lib/thumb/v7e-m+fp/hard\libstdc++.a(tinfo.o)
                0x0800d0bc                std::type_info::__is_pointer_p() const
                0x0800d0bc                std::type_info::__is_function_p() const
 .text._ZNKSt9type_infoeqERKS_
                0x0800d0c0       0x2c d:/stm32_dk/gcc-arm-none-eabi/bin/../lib/gcc/arm-none-eabi/10.3.1/../../../../arm-none-eabi/lib/thumb/v7e-m+fp/hard\libstdc++.a(tinfo.o)
                0x0800d0c0                std::type_info::operator==(std::type_info const&) const
 .text._ZdlPv   0x0800d0ec        0x4 d:/stm32_dk/gcc-arm-none-eabi/bin/../lib/gcc/arm-none-eabi/10.3.1/../../../../arm-none-eabi/lib/thumb/v7e-m+fp/hard\libstdc++.a(del_op.o)
                0x0800d0ec                operator delete(void*)
 .text._ZN10__cxxabiv111__terminateEPFvvE
                0x0800d0f0       0x28 d:/stm32_dk/gcc-arm-none-eabi/bin/../lib/gcc/arm-none-eabi/10.3.1/../../../../arm-none-eabi/lib/thumb/v7e-m+fp/hard\libstdc++.a(eh_terminate.o)
                0x0800d0f0                __cxxabiv1::__terminate(void (*)())
 .text._ZSt9terminatev
                0x0800d118       0x14 d:/stm32_dk/gcc-arm-none-eabi/bin/../lib/gcc/arm-none-eabi/10.3.1/../../../../arm-none-eabi/lib/thumb/v7e-m+fp/hard\libstdc++.a(eh_terminate.o)
                0x0800d118                std::terminate()
 .text._ZN10__cxxabiv112__unexpectedEPFvvE
                0x0800d12c        0x8 d:/stm32_dk/gcc-arm-none-eabi/bin/../lib/gcc/arm-none-eabi/10.3.1/../../../../arm-none-eabi/lib/thumb/v7e-m+fp/hard\libstdc++.a(eh_terminate.o)
                0x0800d12c                __cxxabiv1::__unexpected(void (*)())
 .text._ZSt10unexpectedv
                0x0800d134       0x14 d:/stm32_dk/gcc-arm-none-eabi/bin/../lib/gcc/arm-none-eabi/10.3.1/../../../../arm-none-eabi/lib/thumb/v7e-m+fp/hard\libstdc++.a(eh_terminate.o)
                0x0800d134                std::unexpected()
 .text._ZSt13get_terminatev
                0x0800d148       0x10 d:/stm32_dk/gcc-arm-none-eabi/bin/../lib/gcc/arm-none-eabi/10.3.1/../../../../arm-none-eabi/lib/thumb/v7e-m+fp/hard\libstdc++.a(eh_terminate.o)
                0x0800d148                std::get_terminate()
 .text._ZSt14get_unexpectedv
                0x0800d158       0x10 d:/stm32_dk/gcc-arm-none-eabi/bin/../lib/gcc/arm-none-eabi/10.3.1/../../../../arm-none-eabi/lib/thumb/v7e-m+fp/hard\libstdc++.a(eh_terminate.o)
                0x0800d158                std::get_unexpected()
 .text._ZN9__gnu_cxx27__verbose_terminate_handlerEv
                0x0800d168      0x10c d:/stm32_dk/gcc-arm-none-eabi/bin/../lib/gcc/arm-none-eabi/10.3.1/../../../../arm-none-eabi/lib/thumb/v7e-m+fp/hard\libstdc++.a(vterminate.o)
                0x0800d168                __gnu_cxx::__verbose_terminate_handler()
 .text.__cxa_end_cleanup
                0x0800d274        0xc d:/stm32_dk/gcc-arm-none-eabi/bin/../lib/gcc/arm-none-eabi/10.3.1/../../../../arm-none-eabi/lib/thumb/v7e-m+fp/hard\libstdc++.a(eh_arm.o)
                0x0800d274                __cxa_end_cleanup
 .text.__cxa_type_match
                0x0800d280       0xb4 d:/stm32_dk/gcc-arm-none-eabi/bin/../lib/gcc/arm-none-eabi/10.3.1/../../../../arm-none-eabi/lib/thumb/v7e-m+fp/hard\libstdc++.a(eh_arm.o)
                0x0800d280                __cxa_type_match
 .text.__cxa_begin_cleanup
                0x0800d334       0x64 d:/stm32_dk/gcc-arm-none-eabi/bin/../lib/gcc/arm-none-eabi/10.3.1/../../../../arm-none-eabi/lib/thumb/v7e-m+fp/hard\libstdc++.a(eh_arm.o)
                0x0800d334                __cxa_begin_cleanup
 .text.__gnu_end_cleanup
                0x0800d398       0x70 d:/stm32_dk/gcc-arm-none-eabi/bin/../lib/gcc/arm-none-eabi/10.3.1/../../../../arm-none-eabi/lib/thumb/v7e-m+fp/hard\libstdc++.a(eh_arm.o)
                0x0800d398                __gnu_end_cleanup
 .text._ZN10__cxxabiv1L24__is_gxx_exception_classEPc
                0x0800d408       0x3c d:/stm32_dk/gcc-arm-none-eabi/bin/../lib/gcc/arm-none-eabi/10.3.1/../../../../arm-none-eabi/lib/thumb/v7e-m+fp/hard\libstdc++.a(eh_call.o)
 .text.__cxa_call_terminate
                0x0800d444       0x20 d:/stm32_dk/gcc-arm-none-eabi/bin/../lib/gcc/arm-none-eabi/10.3.1/../../../../arm-none-eabi/lib/thumb/v7e-m+fp/hard\libstdc++.a(eh_call.o)
                0x0800d444                __cxa_call_terminate
 .text.unlikely.__cxa_call_unexpected
                0x0800d464       0xe4 d:/stm32_dk/gcc-arm-none-eabi/bin/../lib/gcc/arm-none-eabi/10.3.1/../../../../arm-none-eabi/lib/thumb/v7e-m+fp/hard\libstdc++.a(eh_call.o)
                0x0800d464                __cxa_call_unexpected
 .text.__cxa_begin_catch
                0x0800d548       0x7c d:/stm32_dk/gcc-arm-none-eabi/bin/../lib/gcc/arm-none-eabi/10.3.1/../../../../arm-none-eabi/lib/thumb/v7e-m+fp/hard\libstdc++.a(eh_catch.o)
                0x0800d548                __cxa_begin_catch
 .text.__cxa_end_catch
                0x0800d5c4       0x8c d:/stm32_dk/gcc-arm-none-eabi/bin/../lib/gcc/arm-none-eabi/10.3.1/../../../../arm-none-eabi/lib/thumb/v7e-m+fp/hard\libstdc++.a(eh_catch.o)
                0x0800d5c4                __cxa_end_catch
 .text._ZNSt13bad_exceptionD2Ev
                0x0800d650        0x4 d:/stm32_dk/gcc-arm-none-eabi/bin/../lib/gcc/arm-none-eabi/10.3.1/../../../../arm-none-eabi/lib/thumb/v7e-m+fp/hard\libstdc++.a(eh_exception.o)
                0x0800d650                std::bad_exception::~bad_exception()
                0x0800d650                std::bad_exception::~bad_exception()
 .text._ZNKSt13bad_exception4whatEv
                0x0800d654        0x8 d:/stm32_dk/gcc-arm-none-eabi/bin/../lib/gcc/arm-none-eabi/10.3.1/../../../../arm-none-eabi/lib/thumb/v7e-m+fp/hard\libstdc++.a(eh_exception.o)
                0x0800d654                std::bad_exception::what() const
                0x0800d654                transaction clone for std::bad_exception::what() const
 .text._ZNSt13bad_exceptionD0Ev
                0x0800d65c       0x10 d:/stm32_dk/gcc-arm-none-eabi/bin/../lib/gcc/arm-none-eabi/10.3.1/../../../../arm-none-eabi/lib/thumb/v7e-m+fp/hard\libstdc++.a(eh_exception.o)
                0x0800d65c                std::bad_exception::~bad_exception()
 .text.__cxa_get_globals_fast
                0x0800d66c        0x8 d:/stm32_dk/gcc-arm-none-eabi/bin/../lib/gcc/arm-none-eabi/10.3.1/../../../../arm-none-eabi/lib/thumb/v7e-m+fp/hard\libstdc++.a(eh_globals.o)
                0x0800d66c                __cxa_get_globals_fast
 .text.__cxa_get_globals
                0x0800d674        0x8 d:/stm32_dk/gcc-arm-none-eabi/bin/../lib/gcc/arm-none-eabi/10.3.1/../../../../arm-none-eabi/lib/thumb/v7e-m+fp/hard\libstdc++.a(eh_globals.o)
                0x0800d674                __cxa_get_globals
 .text._ZL28read_encoded_value_with_basehjPKhPj
                0x0800d67c       0xc0 d:/stm32_dk/gcc-arm-none-eabi/bin/../lib/gcc/arm-none-eabi/10.3.1/../../../../arm-none-eabi/lib/thumb/v7e-m+fp/hard\libstdc++.a(eh_personality.o)
 .text._ZL21base_of_encoded_valuehP15_Unwind_Context
                0x0800d73c       0x50 d:/stm32_dk/gcc-arm-none-eabi/bin/../lib/gcc/arm-none-eabi/10.3.1/../../../../arm-none-eabi/lib/thumb/v7e-m+fp/hard\libstdc++.a(eh_personality.o)
 .text._ZL17parse_lsda_headerP15_Unwind_ContextPKhP16lsda_header_info
                0x0800d78c       0x94 d:/stm32_dk/gcc-arm-none-eabi/bin/../lib/gcc/arm-none-eabi/10.3.1/../../../../arm-none-eabi/lib/thumb/v7e-m+fp/hard\libstdc++.a(eh_personality.o)
 .text.__gxx_personality_v0
                0x0800d820      0x4a8 d:/stm32_dk/gcc-arm-none-eabi/bin/../lib/gcc/arm-none-eabi/10.3.1/../../../../arm-none-eabi/lib/thumb/v7e-m+fp/hard\libstdc++.a(eh_personality.o)
                0x0800d820                __gxx_personality_v0
 .text._ZL23__gxx_exception_cleanup19_Unwind_Reason_CodeP21_Unwind_Control_Block
                0x0800dcc8       0x4c d:/stm32_dk/gcc-arm-none-eabi/bin/../lib/gcc/arm-none-eabi/10.3.1/../../../../arm-none-eabi/lib/thumb/v7e-m+fp/hard\libstdc++.a(eh_throw.o)
 .text.__cxa_init_primary_exception
                0x0800dd14       0x58 d:/stm32_dk/gcc-arm-none-eabi/bin/../lib/gcc/arm-none-eabi/10.3.1/../../../../arm-none-eabi/lib/thumb/v7e-m+fp/hard\libstdc++.a(eh_throw.o)
                0x0800dd14                __cxa_init_primary_exception
 .text.__cxa_throw
                0x0800dd6c       0x38 d:/stm32_dk/gcc-arm-none-eabi/bin/../lib/gcc/arm-none-eabi/10.3.1/../../../../arm-none-eabi/lib/thumb/v7e-m+fp/hard\libstdc++.a(eh_throw.o)
                0x0800dd6c                __cxa_throw
 .text.__cxa_rethrow
                0x0800dda4       0x70 d:/stm32_dk/gcc-arm-none-eabi/bin/../lib/gcc/arm-none-eabi/10.3.1/../../../../arm-none-eabi/lib/thumb/v7e-m+fp/hard\libstdc++.a(eh_throw.o)
                0x0800dda4                __cxa_rethrow
 .text.__cxa_current_exception_type
                0x0800de14       0x1c d:/stm32_dk/gcc-arm-none-eabi/bin/../lib/gcc/arm-none-eabi/10.3.1/../../../../arm-none-eabi/lib/thumb/v7e-m+fp/hard\libstdc++.a(eh_type.o)
                0x0800de14                __cxa_current_exception_type
 .text._ZN12_GLOBAL__N_14pool4freeEPv.constprop.0
                0x0800de30       0x88 d:/stm32_dk/gcc-arm-none-eabi/bin/../lib/gcc/arm-none-eabi/10.3.1/../../../../arm-none-eabi/lib/thumb/v7e-m+fp/hard\libstdc++.a(eh_alloc.o)
 .text._ZN12_GLOBAL__N_14pool8allocateEj.constprop.0
                0x0800deb8       0x58 d:/stm32_dk/gcc-arm-none-eabi/bin/../lib/gcc/arm-none-eabi/10.3.1/../../../../arm-none-eabi/lib/thumb/v7e-m+fp/hard\libstdc++.a(eh_alloc.o)
 .text.__cxa_allocate_exception
                0x0800df10       0x30 d:/stm32_dk/gcc-arm-none-eabi/bin/../lib/gcc/arm-none-eabi/10.3.1/../../../../arm-none-eabi/lib/thumb/v7e-m+fp/hard\libstdc++.a(eh_alloc.o)
                0x0800df10                __cxa_allocate_exception
 .text.__cxa_free_exception
                0x0800df40       0x20 d:/stm32_dk/gcc-arm-none-eabi/bin/../lib/gcc/arm-none-eabi/10.3.1/../../../../arm-none-eabi/lib/thumb/v7e-m+fp/hard\libstdc++.a(eh_alloc.o)
                0x0800df40                __cxa_free_exception
 .text.startup._GLOBAL__sub_I__ZN9__gnu_cxx9__freeresEv
                0x0800df60       0x28 d:/stm32_dk/gcc-arm-none-eabi/bin/../lib/gcc/arm-none-eabi/10.3.1/../../../../arm-none-eabi/lib/thumb/v7e-m+fp/hard\libstdc++.a(eh_alloc.o)
 .text.unlikely
                0x0800df88        0xc d:/stm32_dk/gcc-arm-none-eabi/bin/../lib/gcc/arm-none-eabi/10.3.1/thumb/v7e-m+fp/hard\libgcc.a(pr-support.o)
                0x0800df88                _Unwind_GetDataRelBase
                0x0800df8e                _Unwind_GetTextRelBase
 .text.abort    0x0800df94       0x10 d:/stm32_dk/gcc-arm-none-eabi/bin/../lib/gcc/arm-none-eabi/10.3.1/../../../../arm-none-eabi/lib/thumb/v7e-m+fp/hard\libg.a(lib_a-abort.o)
                0x0800df94                abort
 .text.__errno  0x0800dfa4        0xc d:/stm32_dk/gcc-arm-none-eabi/bin/../lib/gcc/arm-none-eabi/10.3.1/../../../../arm-none-eabi/lib/thumb/v7e-m+fp/hard\libg.a(lib_a-errno.o)
                0x0800dfa4                __errno
 .text.fputc    0x0800dfb0       0x64 d:/stm32_dk/gcc-arm-none-eabi/bin/../lib/gcc/arm-none-eabi/10.3.1/../../../../arm-none-eabi/lib/thumb/v7e-m+fp/hard\libg.a(lib_a-fputc.o)
                0x0800dfb0                fputc
 .text._fputs_r
                0x0800e014       0x88 d:/stm32_dk/gcc-arm-none-eabi/bin/../lib/gcc/arm-none-eabi/10.3.1/../../../../arm-none-eabi/lib/thumb/v7e-m+fp/hard\libg.a(lib_a-fputs.o)
                0x0800e014                _fputs_r
 .text.fputs    0x0800e09c       0x18 d:/stm32_dk/gcc-arm-none-eabi/bin/../lib/gcc/arm-none-eabi/10.3.1/../../../../arm-none-eabi/lib/thumb/v7e-m+fp/hard\libg.a(lib_a-fputs.o)
                0x0800e09c                fputs
 .text.__sfvwrite_r
                0x0800e0b4      0x2f0 d:/stm32_dk/gcc-arm-none-eabi/bin/../lib/gcc/arm-none-eabi/10.3.1/../../../../arm-none-eabi/lib/thumb/v7e-m+fp/hard\libg.a(lib_a-fvwrite.o)
                0x0800e0b4                __sfvwrite_r
 .text._fwrite_r
                0x0800e3a4       0xa8 d:/stm32_dk/gcc-arm-none-eabi/bin/../lib/gcc/arm-none-eabi/10.3.1/../../../../arm-none-eabi/lib/thumb/v7e-m+fp/hard\libg.a(lib_a-fwrite.o)
                0x0800e3a4                _fwrite_r
 .text.fwrite   0x0800e44c       0x20 d:/stm32_dk/gcc-arm-none-eabi/bin/../lib/gcc/arm-none-eabi/10.3.1/../../../../arm-none-eabi/lib/thumb/v7e-m+fp/hard\libg.a(lib_a-fwrite.o)
                0x0800e44c                fwrite
 .text.__libc_init_array
                0x0800e46c       0x48 d:/stm32_dk/gcc-arm-none-eabi/bin/../lib/gcc/arm-none-eabi/10.3.1/../../../../arm-none-eabi/lib/thumb/v7e-m+fp/hard\libg.a(lib_a-init.o)
                0x0800e46c                __libc_init_array
 .text.__retarget_lock_init_recursive
                0x0800e4b4        0x4 d:/stm32_dk/gcc-arm-none-eabi/bin/../lib/gcc/arm-none-eabi/10.3.1/../../../../arm-none-eabi/lib/thumb/v7e-m+fp/hard\libg.a(lib_a-lock.o)
                0x0800e4b4                __retarget_lock_init_recursive
 .text.__retarget_lock_close_recursive
                0x0800e4b8        0x4 d:/stm32_dk/gcc-arm-none-eabi/bin/../lib/gcc/arm-none-eabi/10.3.1/../../../../arm-none-eabi/lib/thumb/v7e-m+fp/hard\libg.a(lib_a-lock.o)
                0x0800e4b8                __retarget_lock_close_recursive
 .text.__retarget_lock_acquire_recursive
                0x0800e4bc        0x4 d:/stm32_dk/gcc-arm-none-eabi/bin/../lib/gcc/arm-none-eabi/10.3.1/../../../../arm-none-eabi/lib/thumb/v7e-m+fp/hard\libg.a(lib_a-lock.o)
                0x0800e4bc                __retarget_lock_acquire_recursive
 .text.__retarget_lock_release_recursive
                0x0800e4c0        0x4 d:/stm32_dk/gcc-arm-none-eabi/bin/../lib/gcc/arm-none-eabi/10.3.1/../../../../arm-none-eabi/lib/thumb/v7e-m+fp/hard\libg.a(lib_a-lock.o)
                0x0800e4c0                __retarget_lock_release_recursive
 .text.malloc   0x0800e4c4       0x10 d:/stm32_dk/gcc-arm-none-eabi/bin/../lib/gcc/arm-none-eabi/10.3.1/../../../../arm-none-eabi/lib/thumb/v7e-m+fp/hard\libg.a(lib_a-malloc.o)
                0x0800e4c4                malloc
 .text.free     0x0800e4d4       0x10 d:/stm32_dk/gcc-arm-none-eabi/bin/../lib/gcc/arm-none-eabi/10.3.1/../../../../arm-none-eabi/lib/thumb/v7e-m+fp/hard\libg.a(lib_a-malloc.o)
                0x0800e4d4                free
 .text._malloc_r
                0x0800e4e4      0x560 d:/stm32_dk/gcc-arm-none-eabi/bin/../lib/gcc/arm-none-eabi/10.3.1/../../../../arm-none-eabi/lib/thumb/v7e-m+fp/hard\libg.a(lib_a-mallocr.o)
                0x0800e4e4                _malloc_r
 .text.memcmp   0x0800ea44       0x64 d:/stm32_dk/gcc-arm-none-eabi/bin/../lib/gcc/arm-none-eabi/10.3.1/../../../../arm-none-eabi/lib/thumb/v7e-m+fp/hard\libg.a(lib_a-memcmp.o)
                0x0800ea44                memcmp
 .text.memmove  0x0800eaa8       0xf8 d:/stm32_dk/gcc-arm-none-eabi/bin/../lib/gcc/arm-none-eabi/10.3.1/../../../../arm-none-eabi/lib/thumb/v7e-m+fp/hard\libg.a(lib_a-memmove.o)
                0x0800eaa8                memmove
 .text.memset   0x0800eba0       0xa4 d:/stm32_dk/gcc-arm-none-eabi/bin/../lib/gcc/arm-none-eabi/10.3.1/../../../../arm-none-eabi/lib/thumb/v7e-m+fp/hard\libg.a(lib_a-memset.o)
                0x0800eba0                memset
 .text.__malloc_lock
                0x0800ec44        0xc d:/stm32_dk/gcc-arm-none-eabi/bin/../lib/gcc/arm-none-eabi/10.3.1/../../../../arm-none-eabi/lib/thumb/v7e-m+fp/hard\libg.a(lib_a-mlock.o)
                0x0800ec44                __malloc_lock
 .text.__malloc_unlock
                0x0800ec50        0xc d:/stm32_dk/gcc-arm-none-eabi/bin/../lib/gcc/arm-none-eabi/10.3.1/../../../../arm-none-eabi/lib/thumb/v7e-m+fp/hard\libg.a(lib_a-mlock.o)
                0x0800ec50                __malloc_unlock
 .text._putc_r  0x0800ec5c       0x74 d:/stm32_dk/gcc-arm-none-eabi/bin/../lib/gcc/arm-none-eabi/10.3.1/../../../../arm-none-eabi/lib/thumb/v7e-m+fp/hard\libg.a(lib_a-putc.o)
                0x0800ec5c                _putc_r
 .text.realloc  0x0800ecd0       0x18 d:/stm32_dk/gcc-arm-none-eabi/bin/../lib/gcc/arm-none-eabi/10.3.1/../../../../arm-none-eabi/lib/thumb/v7e-m+fp/hard\libg.a(lib_a-realloc.o)
                0x0800ecd0                realloc
 .text._realloc_r
                0x0800ece8      0x3d8 d:/stm32_dk/gcc-arm-none-eabi/bin/../lib/gcc/arm-none-eabi/10.3.1/../../../../arm-none-eabi/lib/thumb/v7e-m+fp/hard\libg.a(lib_a-reallocr.o)
                0x0800ece8                _realloc_r
 .text._sbrk_r  0x0800f0c0       0x24 d:/stm32_dk/gcc-arm-none-eabi/bin/../lib/gcc/arm-none-eabi/10.3.1/../../../../arm-none-eabi/lib/thumb/v7e-m+fp/hard\libg.a(lib_a-sbrkr.o)
                0x0800f0c0                _sbrk_r
 .text.raise    0x0800f0e4       0x5c d:/stm32_dk/gcc-arm-none-eabi/bin/../lib/gcc/arm-none-eabi/10.3.1/../../../../arm-none-eabi/lib/thumb/v7e-m+fp/hard\libg.a(lib_a-signal.o)
                0x0800f0e4                raise
 .text._kill_r  0x0800f140       0x2c d:/stm32_dk/gcc-arm-none-eabi/bin/../lib/gcc/arm-none-eabi/10.3.1/../../../../arm-none-eabi/lib/thumb/v7e-m+fp/hard\libg.a(lib_a-signalr.o)
                0x0800f140                _kill_r
 .text._getpid_r
                0x0800f16c        0x4 d:/stm32_dk/gcc-arm-none-eabi/bin/../lib/gcc/arm-none-eabi/10.3.1/../../../../arm-none-eabi/lib/thumb/v7e-m+fp/hard\libg.a(lib_a-signalr.o)
                0x0800f16c                _getpid_r
 .text.snprintf
                0x0800f170       0x88 d:/stm32_dk/gcc-arm-none-eabi/bin/../lib/gcc/arm-none-eabi/10.3.1/../../../../arm-none-eabi/lib/thumb/v7e-m+fp/hard\libg.a(lib_a-snprintf.o)
                0x0800f170                snprintf
 .text.sprintf  0x0800f1f8       0x40 d:/stm32_dk/gcc-arm-none-eabi/bin/../lib/gcc/arm-none-eabi/10.3.1/../../../../arm-none-eabi/lib/thumb/v7e-m+fp/hard\libg.a(lib_a-sprintf.o)
                0x0800f1f8                sprintf
 .text.strncmp  0x0800f238       0x80 d:/stm32_dk/gcc-arm-none-eabi/bin/../lib/gcc/arm-none-eabi/10.3.1/../../../../arm-none-eabi/lib/thumb/v7e-m+fp/hard\libg.a(lib_a-strncmp.o)
                0x0800f238                strncmp
 .text._svfprintf_r
                0x0800f2b8     0x1acc d:/stm32_dk/gcc-arm-none-eabi/bin/../lib/gcc/arm-none-eabi/10.3.1/../../../../arm-none-eabi/lib/thumb/v7e-m+fp/hard\libg.a(lib_a-svfprintf.o)
                0x0800f2b8                _svfprintf_r
 .text.write    0x08010d84       0x1c d:/stm32_dk/gcc-arm-none-eabi/bin/../lib/gcc/arm-none-eabi/10.3.1/../../../../arm-none-eabi/lib/thumb/v7e-m+fp/hard\libg.a(lib_a-syswrite.o)
                0x08010d84                write
 .text.__swbuf_r
                0x08010da0       0xb0 d:/stm32_dk/gcc-arm-none-eabi/bin/../lib/gcc/arm-none-eabi/10.3.1/../../../../arm-none-eabi/lib/thumb/v7e-m+fp/hard\libg.a(lib_a-wbuf.o)
                0x08010da0                __swbuf_r
 .text._write_r
                0x08010e50       0x2c d:/stm32_dk/gcc-arm-none-eabi/bin/../lib/gcc/arm-none-eabi/10.3.1/../../../../arm-none-eabi/lib/thumb/v7e-m+fp/hard\libg.a(lib_a-writer.o)
                0x08010e50                _write_r
 .text.__swsetup_r
                0x08010e7c       0xd4 d:/stm32_dk/gcc-arm-none-eabi/bin/../lib/gcc/arm-none-eabi/10.3.1/../../../../arm-none-eabi/lib/thumb/v7e-m+fp/hard\libg.a(lib_a-wsetup.o)
                0x08010e7c                __swsetup_r
 .text.startup.register_fini
                0x08010f50       0x14 d:/stm32_dk/gcc-arm-none-eabi/bin/../lib/gcc/arm-none-eabi/10.3.1/../../../../arm-none-eabi/lib/thumb/v7e-m+fp/hard\libg.a(lib_a-__call_atexit.o)
 .text.atexit   0x08010f64        0xc d:/stm32_dk/gcc-arm-none-eabi/bin/../lib/gcc/arm-none-eabi/10.3.1/../../../../arm-none-eabi/lib/thumb/v7e-m+fp/hard\libg.a(lib_a-atexit.o)
                0x08010f64                atexit
 .text.quorem   0x08010f70      0x128 d:/stm32_dk/gcc-arm-none-eabi/bin/../lib/gcc/arm-none-eabi/10.3.1/../../../../arm-none-eabi/lib/thumb/v7e-m+fp/hard\libg.a(lib_a-dtoa.o)
 .text._dtoa_r  0x08011098      0xf3c d:/stm32_dk/gcc-arm-none-eabi/bin/../lib/gcc/arm-none-eabi/10.3.1/../../../../arm-none-eabi/lib/thumb/v7e-m+fp/hard\libg.a(lib_a-dtoa.o)
                0x08011098                _dtoa_r
 .text.__sflush_r
                0x08011fd4      0x130 d:/stm32_dk/gcc-arm-none-eabi/bin/../lib/gcc/arm-none-eabi/10.3.1/../../../../arm-none-eabi/lib/thumb/v7e-m+fp/hard\libg.a(lib_a-fflush.o)
                0x08011fd4                __sflush_r
 .text._fflush_r
                0x08012104       0x5c d:/stm32_dk/gcc-arm-none-eabi/bin/../lib/gcc/arm-none-eabi/10.3.1/../../../../arm-none-eabi/lib/thumb/v7e-m+fp/hard\libg.a(lib_a-fflush.o)
                0x08012104                _fflush_r
 .text._cleanup_r
                0x08012160        0xc d:/stm32_dk/gcc-arm-none-eabi/bin/../lib/gcc/arm-none-eabi/10.3.1/../../../../arm-none-eabi/lib/thumb/v7e-m+fp/hard\libg.a(lib_a-findfp.o)
                0x08012160                _cleanup_r
 .text.__sinit  0x0801216c      0x10c d:/stm32_dk/gcc-arm-none-eabi/bin/../lib/gcc/arm-none-eabi/10.3.1/../../../../arm-none-eabi/lib/thumb/v7e-m+fp/hard\libg.a(lib_a-findfp.o)
                0x0801216c                __sinit
 .text.__sfp_lock_acquire
                0x08012278        0xc d:/stm32_dk/gcc-arm-none-eabi/bin/../lib/gcc/arm-none-eabi/10.3.1/../../../../arm-none-eabi/lib/thumb/v7e-m+fp/hard\libg.a(lib_a-findfp.o)
                0x08012278                __sfp_lock_acquire
 .text.__sfp_lock_release
                0x08012284        0xc d:/stm32_dk/gcc-arm-none-eabi/bin/../lib/gcc/arm-none-eabi/10.3.1/../../../../arm-none-eabi/lib/thumb/v7e-m+fp/hard\libg.a(lib_a-findfp.o)
                0x08012284                __sfp_lock_release
 .text.__libc_fini_array
                0x08012290       0x2c d:/stm32_dk/gcc-arm-none-eabi/bin/../lib/gcc/arm-none-eabi/10.3.1/../../../../arm-none-eabi/lib/thumb/v7e-m+fp/hard\libg.a(lib_a-fini.o)
                0x08012290                __libc_fini_array
 .text._malloc_trim_r
                0x080122bc       0xa0 d:/stm32_dk/gcc-arm-none-eabi/bin/../lib/gcc/arm-none-eabi/10.3.1/../../../../arm-none-eabi/lib/thumb/v7e-m+fp/hard\libg.a(lib_a-freer.o)
                0x080122bc                _malloc_trim_r
 .text._free_r  0x0801235c      0x20c d:/stm32_dk/gcc-arm-none-eabi/bin/../lib/gcc/arm-none-eabi/10.3.1/../../../../arm-none-eabi/lib/thumb/v7e-m+fp/hard\libg.a(lib_a-freer.o)
                0x0801235c                _free_r
 .text._fwalk_reent
                0x08012568       0x48 d:/stm32_dk/gcc-arm-none-eabi/bin/../lib/gcc/arm-none-eabi/10.3.1/../../../../arm-none-eabi/lib/thumb/v7e-m+fp/hard\libg.a(lib_a-fwalk.o)
                0x08012568                _fwalk_reent
 .text._localeconv_r
                0x080125b0        0x8 d:/stm32_dk/gcc-arm-none-eabi/bin/../lib/gcc/arm-none-eabi/10.3.1/../../../../arm-none-eabi/lib/thumb/v7e-m+fp/hard\libg.a(lib_a-localeconv.o)
                0x080125b0                _localeconv_r
 .text.__smakebuf_r
                0x080125b8       0xe0 d:/stm32_dk/gcc-arm-none-eabi/bin/../lib/gcc/arm-none-eabi/10.3.1/../../../../arm-none-eabi/lib/thumb/v7e-m+fp/hard\libg.a(lib_a-makebuf.o)
                0x080125b8                __smakebuf_r
 .text._Balloc  0x08012698       0x4c d:/stm32_dk/gcc-arm-none-eabi/bin/../lib/gcc/arm-none-eabi/10.3.1/../../../../arm-none-eabi/lib/thumb/v7e-m+fp/hard\libg.a(lib_a-mprec.o)
                0x08012698                _Balloc
 .text._Bfree   0x080126e4       0x14 d:/stm32_dk/gcc-arm-none-eabi/bin/../lib/gcc/arm-none-eabi/10.3.1/../../../../arm-none-eabi/lib/thumb/v7e-m+fp/hard\libg.a(lib_a-mprec.o)
                0x080126e4                _Bfree
 .text.__multadd
                0x080126f8       0xa8 d:/stm32_dk/gcc-arm-none-eabi/bin/../lib/gcc/arm-none-eabi/10.3.1/../../../../arm-none-eabi/lib/thumb/v7e-m+fp/hard\libg.a(lib_a-mprec.o)
                0x080126f8                __multadd
 .text.__hi0bits
                0x080127a0       0x40 d:/stm32_dk/gcc-arm-none-eabi/bin/../lib/gcc/arm-none-eabi/10.3.1/../../../../arm-none-eabi/lib/thumb/v7e-m+fp/hard\libg.a(lib_a-mprec.o)
                0x080127a0                __hi0bits
 .text.__lo0bits
                0x080127e0       0x60 d:/stm32_dk/gcc-arm-none-eabi/bin/../lib/gcc/arm-none-eabi/10.3.1/../../../../arm-none-eabi/lib/thumb/v7e-m+fp/hard\libg.a(lib_a-mprec.o)
                0x080127e0                __lo0bits
 .text.__i2b    0x08012840       0x5c d:/stm32_dk/gcc-arm-none-eabi/bin/../lib/gcc/arm-none-eabi/10.3.1/../../../../arm-none-eabi/lib/thumb/v7e-m+fp/hard\libg.a(lib_a-mprec.o)
                0x08012840                __i2b
 .text.__multiply
                0x0801289c      0x15c d:/stm32_dk/gcc-arm-none-eabi/bin/../lib/gcc/arm-none-eabi/10.3.1/../../../../arm-none-eabi/lib/thumb/v7e-m+fp/hard\libg.a(lib_a-mprec.o)
                0x0801289c                __multiply
 .text.__pow5mult
                0x080129f8       0xc0 d:/stm32_dk/gcc-arm-none-eabi/bin/../lib/gcc/arm-none-eabi/10.3.1/../../../../arm-none-eabi/lib/thumb/v7e-m+fp/hard\libg.a(lib_a-mprec.o)
                0x080129f8                __pow5mult
 .text.__lshift
                0x08012ab8       0xf0 d:/stm32_dk/gcc-arm-none-eabi/bin/../lib/gcc/arm-none-eabi/10.3.1/../../../../arm-none-eabi/lib/thumb/v7e-m+fp/hard\libg.a(lib_a-mprec.o)
                0x08012ab8                __lshift
 .text.__mcmp   0x08012ba8       0x44 d:/stm32_dk/gcc-arm-none-eabi/bin/../lib/gcc/arm-none-eabi/10.3.1/../../../../arm-none-eabi/lib/thumb/v7e-m+fp/hard\libg.a(lib_a-mprec.o)
                0x08012ba8                __mcmp
 .text.__mdiff  0x08012bec      0x14c d:/stm32_dk/gcc-arm-none-eabi/bin/../lib/gcc/arm-none-eabi/10.3.1/../../../../arm-none-eabi/lib/thumb/v7e-m+fp/hard\libg.a(lib_a-mprec.o)
                0x08012bec                __mdiff
 .text.__d2b    0x08012d38       0xd0 d:/stm32_dk/gcc-arm-none-eabi/bin/../lib/gcc/arm-none-eabi/10.3.1/../../../../arm-none-eabi/lib/thumb/v7e-m+fp/hard\libg.a(lib_a-mprec.o)
                0x08012d38                __d2b
 .text.frexp    0x08012e08       0x6c d:/stm32_dk/gcc-arm-none-eabi/bin/../lib/gcc/arm-none-eabi/10.3.1/../../../../arm-none-eabi/lib/thumb/v7e-m+fp/hard\libg.a(lib_a-s_frexp.o)
                0x08012e08                frexp
 .text.__sread  0x08012e74       0x24 d:/stm32_dk/gcc-arm-none-eabi/bin/../lib/gcc/arm-none-eabi/10.3.1/../../../../arm-none-eabi/lib/thumb/v7e-m+fp/hard\libg.a(lib_a-stdio.o)
                0x08012e74                __sread
 .text.__swrite
                0x08012e98       0x40 d:/stm32_dk/gcc-arm-none-eabi/bin/../lib/gcc/arm-none-eabi/10.3.1/../../../../arm-none-eabi/lib/thumb/v7e-m+fp/hard\libg.a(lib_a-stdio.o)
                0x08012e98                __swrite
 .text.__sseek  0x08012ed8       0x20 d:/stm32_dk/gcc-arm-none-eabi/bin/../lib/gcc/arm-none-eabi/10.3.1/../../../../arm-none-eabi/lib/thumb/v7e-m+fp/hard\libg.a(lib_a-stdio.o)
                0x08012ed8                __sseek
 .text.__sclose
                0x08012ef8        0x8 d:/stm32_dk/gcc-arm-none-eabi/bin/../lib/gcc/arm-none-eabi/10.3.1/../../../../arm-none-eabi/lib/thumb/v7e-m+fp/hard\libg.a(lib_a-stdio.o)
                0x08012ef8                __sclose
 .text.strncpy  0x08012f00       0x64 d:/stm32_dk/gcc-arm-none-eabi/bin/../lib/gcc/arm-none-eabi/10.3.1/../../../../arm-none-eabi/lib/thumb/v7e-m+fp/hard\libg.a(lib_a-strncpy.o)
                0x08012f00                strncpy
 .text.__ssprint_r
                0x08012f64       0xf8 d:/stm32_dk/gcc-arm-none-eabi/bin/../lib/gcc/arm-none-eabi/10.3.1/../../../../arm-none-eabi/lib/thumb/v7e-m+fp/hard\libg.a(lib_a-svfiprintf.o)
                0x08012f64                __ssprint_r
 .text.__register_exitproc
                0x0801305c       0x8c d:/stm32_dk/gcc-arm-none-eabi/bin/../lib/gcc/arm-none-eabi/10.3.1/../../../../arm-none-eabi/lib/thumb/v7e-m+fp/hard\libg.a(lib_a-__atexit.o)
                0x0801305c                __register_exitproc
 .text.__assert_func
                0x080130e8       0x40 d:/stm32_dk/gcc-arm-none-eabi/bin/../lib/gcc/arm-none-eabi/10.3.1/../../../../arm-none-eabi/lib/thumb/v7e-m+fp/hard\libg.a(lib_a-assert.o)
                0x080130e8                __assert_func
 .text._calloc_r
                0x08013128       0x78 d:/stm32_dk/gcc-arm-none-eabi/bin/../lib/gcc/arm-none-eabi/10.3.1/../../../../arm-none-eabi/lib/thumb/v7e-m+fp/hard\libg.a(lib_a-callocr.o)
                0x08013128                _calloc_r
 .text._close_r
                0x080131a0       0x24 d:/stm32_dk/gcc-arm-none-eabi/bin/../lib/gcc/arm-none-eabi/10.3.1/../../../../arm-none-eabi/lib/thumb/v7e-m+fp/hard\libg.a(lib_a-closer.o)
                0x080131a0                _close_r
 .text._fclose_r
                0x080131c4       0xcc d:/stm32_dk/gcc-arm-none-eabi/bin/../lib/gcc/arm-none-eabi/10.3.1/../../../../arm-none-eabi/lib/thumb/v7e-m+fp/hard\libg.a(lib_a-fclose.o)
                0x080131c4                _fclose_r
 .text.fiprintf
                0x08013290       0x28 d:/stm32_dk/gcc-arm-none-eabi/bin/../lib/gcc/arm-none-eabi/10.3.1/../../../../arm-none-eabi/lib/thumb/v7e-m+fp/hard\libg.a(lib_a-fiprintf.o)
                0x08013290                fiprintf
 .text._fstat_r
                0x080132b8       0x2c d:/stm32_dk/gcc-arm-none-eabi/bin/../lib/gcc/arm-none-eabi/10.3.1/../../../../arm-none-eabi/lib/thumb/v7e-m+fp/hard\libg.a(lib_a-fstatr.o)
                0x080132b8                _fstat_r
 .text._isatty_r
                0x080132e4       0x24 d:/stm32_dk/gcc-arm-none-eabi/bin/../lib/gcc/arm-none-eabi/10.3.1/../../../../arm-none-eabi/lib/thumb/v7e-m+fp/hard\libg.a(lib_a-isattyr.o)
                0x080132e4                _isatty_r
 .text.__locale_mb_cur_max