Archive member included to satisfy reference by file (symbol)

d:/stm32_dk/gcc-arm-none-eabi/bin/../lib/gcc/arm-none-eabi/10.3.1/../../../../arm-none-eabi/lib/thumb/v7e-m+fp/hard\libstdc++.a(class_type_info.o)
                              CMakeFiles/Odrive_protocol.elf.dir/Src/3rdParty/fibre/cpp/protocol.cpp.obj (vtable for __cxxabiv1::__class_type_info)
d:/stm32_dk/gcc-arm-none-eabi/bin/../lib/gcc/arm-none-eabi/10.3.1/../../../../arm-none-eabi/lib/thumb/v7e-m+fp/hard\libstdc++.a(del_ops.o)
                              d:/stm32_dk/gcc-arm-none-eabi/bin/../lib/gcc/arm-none-eabi/10.3.1/../../../../arm-none-eabi/lib/thumb/v7e-m+fp/hard\libstdc++.a(class_type_info.o) (operator delete(void*, unsigned int))
d:/stm32_dk/gcc-arm-none-eabi/bin/../lib/gcc/arm-none-eabi/10.3.1/../../../../arm-none-eabi/lib/thumb/v7e-m+fp/hard\libstdc++.a(guard.o)
                              CMakeFiles/Odrive_protocol.elf.dir/Src/UserApp/protocols/cmd_protocol.cpp.obj (__cxa_guard_acquire)
d:/stm32_dk/gcc-arm-none-eabi/bin/../lib/gcc/arm-none-eabi/10.3.1/../../../../arm-none-eabi/lib/thumb/v7e-m+fp/hard\libstdc++.a(guard_error.o)
                              d:/stm32_dk/gcc-arm-none-eabi/bin/../lib/gcc/arm-none-eabi/10.3.1/../../../../arm-none-eabi/lib/thumb/v7e-m+fp/hard\libstdc++.a(guard.o) (__gnu_cxx::recursive_init_error::~recursive_init_error())
d:/stm32_dk/gcc-arm-none-eabi/bin/../lib/gcc/arm-none-eabi/10.3.1/../../../../arm-none-eabi/lib/thumb/v7e-m+fp/hard\libstdc++.a(pure.o)
                              CMakeFiles/Odrive_protocol.elf.dir/Src/3rdParty/fibre/cpp/protocol.cpp.obj (__cxa_pure_virtual)
d:/stm32_dk/gcc-arm-none-eabi/bin/../lib/gcc/arm-none-eabi/10.3.1/../../../../arm-none-eabi/lib/thumb/v7e-m+fp/hard\libstdc++.a(si_class_type_info.o)
                              CMakeFiles/Odrive_protocol.elf.dir/Src/3rdParty/fibre/cpp/protocol.cpp.obj (vtable for __cxxabiv1::__si_class_type_info)
d:/stm32_dk/gcc-arm-none-eabi/bin/../lib/gcc/arm-none-eabi/10.3.1/../../../../arm-none-eabi/lib/thumb/v7e-m+fp/hard\libstdc++.a(tinfo.o)
                              d:/stm32_dk/gcc-arm-none-eabi/bin/../lib/gcc/arm-none-eabi/10.3.1/../../../../arm-none-eabi/lib/thumb/v7e-m+fp/hard\libstdc++.a(class_type_info.o) (std::type_info::~type_info())
d:/stm32_dk/gcc-arm-none-eabi/bin/../lib/gcc/arm-none-eabi/10.3.1/../../../../arm-none-eabi/lib/thumb/v7e-m+fp/hard\libstdc++.a(vmi_class_type_info.o)
                              CMakeFiles/Odrive_protocol.elf.dir/Src/3rdParty/fibre/cpp/protocol.cpp.obj (vtable for __cxxabiv1::__vmi_class_type_info)
d:/stm32_dk/gcc-arm-none-eabi/bin/../lib/gcc/arm-none-eabi/10.3.1/../../../../arm-none-eabi/lib/thumb/v7e-m+fp/hard\libstdc++.a(del_op.o)
                              d:/stm32_dk/gcc-arm-none-eabi/bin/../lib/gcc/arm-none-eabi/10.3.1/../../../../arm-none-eabi/lib/thumb/v7e-m+fp/hard\libstdc++.a(del_ops.o) (operator delete(void*))
d:/stm32_dk/gcc-arm-none-eabi/bin/../lib/gcc/arm-none-eabi/10.3.1/../../../../arm-none-eabi/lib/thumb/v7e-m+fp/hard\libstdc++.a(eh_alloc.o)
                              d:/stm32_dk/gcc-arm-none-eabi/bin/../lib/gcc/arm-none-eabi/10.3.1/../../../../arm-none-eabi/lib/thumb/v7e-m+fp/hard\libstdc++.a(guard.o) (__cxa_allocate_exception)
d:/stm32_dk/gcc-arm-none-eabi/bin/../lib/gcc/arm-none-eabi/10.3.1/../../../../arm-none-eabi/lib/thumb/v7e-m+fp/hard\libstdc++.a(eh_exception.o)
                              d:/stm32_dk/gcc-arm-none-eabi/bin/../lib/gcc/arm-none-eabi/10.3.1/../../../../arm-none-eabi/lib/thumb/v7e-m+fp/hard\libstdc++.a(guard_error.o) (std::exception::~exception())
d:/stm32_dk/gcc-arm-none-eabi/bin/../lib/gcc/arm-none-eabi/10.3.1/../../../../arm-none-eabi/lib/thumb/v7e-m+fp/hard\libstdc++.a(eh_terminate.o)
                              d:/stm32_dk/gcc-arm-none-eabi/bin/../lib/gcc/arm-none-eabi/10.3.1/../../../../arm-none-eabi/lib/thumb/v7e-m+fp/hard\libstdc++.a(pure.o) (std::terminate())
d:/stm32_dk/gcc-arm-none-eabi/bin/../lib/gcc/arm-none-eabi/10.3.1/../../../../arm-none-eabi/lib/thumb/v7e-m+fp/hard\libstdc++.a(eh_throw.o)
                              d:/stm32_dk/gcc-arm-none-eabi/bin/../lib/gcc/arm-none-eabi/10.3.1/../../../../arm-none-eabi/lib/thumb/v7e-m+fp/hard\libstdc++.a(guard.o) (__cxa_throw)
d:/stm32_dk/gcc-arm-none-eabi/bin/../lib/gcc/arm-none-eabi/10.3.1/../../../../arm-none-eabi/lib/thumb/v7e-m+fp/hard\libstdc++.a(eh_unex_handler.o)
                              d:/stm32_dk/gcc-arm-none-eabi/bin/../lib/gcc/arm-none-eabi/10.3.1/../../../../arm-none-eabi/lib/thumb/v7e-m+fp/hard\libstdc++.a(eh_terminate.o) (__cxxabiv1::__unexpected_handler)
d:/stm32_dk/gcc-arm-none-eabi/bin/../lib/gcc/arm-none-eabi/10.3.1/../../../../arm-none-eabi/lib/thumb/v7e-m+fp/hard\libstdc++.a(vterminate.o)
                              d:/stm32_dk/gcc-arm-none-eabi/bin/../lib/gcc/arm-none-eabi/10.3.1/../../../../arm-none-eabi/lib/thumb/v7e-m+fp/hard\libstdc++.a(eh_terminate.o) (__gnu_cxx::__verbose_terminate_handler())
[...]
Memory Configuration

Name             Origin             Length             Attributes
RAM              0x20000000         0x00020000         xrw
FLASH            0x08000000         0x00080000         xr
*default*        0x00000000         0xffffffff

Linker script and memory map

LOAD d:/stm32_dk/gcc-arm-none-eabi/bin/../lib/gcc/arm-none-eabi/10.3.1/thumb/v7e-m+fp/hard/crti.o
LOAD d:/stm32_dk/gcc-arm-none-eabi/bin/../lib/gcc/arm-none-eabi/10.3.1/thumb/v7e-m+fp/hard/crtbegin.o
LOAD d:/stm32_dk/gcc-arm-none-eabi/bin/../lib/gcc/arm-none-eabi/10.3.1/../../../../arm-none-eabi/lib/thumb/v7e-m+fp/hard/crt0.o
LOAD CMakeFiles/Odrive_protocol.elf.dir/Core/Src/dma.c.obj
LOAD CMakeFiles/Odrive_protocol.elf.dir/Core/Src/freertos.c.obj
LOAD CMakeFiles/Odrive_protocol.elf.dir/Core/Src/gpio.c.obj
LOAD CMakeFiles/Odrive_protocol.elf.dir/Core/Src/main.c.obj
LOAD CMakeFiles/Odrive_protocol.elf.dir/Core/Src/stm32f4xx_hal_msp.c.obj
LOAD CMakeFiles/Odrive_protocol.elf.dir/Core/Src/stm32f4xx_hal_timebase_tim.c.obj
LOAD CMakeFiles/Odrive_protocol.elf.dir/Core/Src/stm32f4xx_it.c.obj
LOAD CMakeFiles/Odrive_protocol.elf.dir/Core/Src/syscalls.c.obj
LOAD CMakeFiles/Odrive_protocol.elf.dir/Core/Src/system_stm32f4xx.c.obj
LOAD CMakeFiles/Odrive_protocol.elf.dir/Core/Src/usart.c.obj
LOAD CMakeFiles/Odrive_protocol.elf.dir/Drivers/STM32F4xx_HAL_Driver/Src/stm32f4xx_hal.c.obj
LOAD CMakeFiles/Odrive_protocol.elf.dir/Drivers/STM32F4xx_HAL_Driver/Src/stm32f4xx_hal_cortex.c.obj
LOAD CMakeFiles/Odrive_protocol.elf.dir/Drivers/STM32F4xx_HAL_Driver/Src/stm32f4xx_hal_dma.c.obj
LOAD CMakeFiles/Odrive_protocol.elf.dir/Drivers/STM32F4xx_HAL_Driver/Src/stm32f4xx_hal_dma_ex.c.obj
LOAD CMakeFiles/Odrive_protocol.elf.dir/Drivers/STM32F4xx_HAL_Driver/Src/stm32f4xx_hal_exti.c.obj
LOAD CMakeFiles/Odrive_protocol.elf.dir/Drivers/STM32F4xx_HAL_Driver/Src/stm32f4xx_hal_flash.c.obj
LOAD CMakeFiles/Odrive_protocol.elf.dir/Drivers/STM32F4xx_HAL_Driver/Src/stm32f4xx_hal_flash_ex.c.obj
LOAD CMakeFiles/Odrive_protocol.elf.dir/Drivers/STM32F4xx_HAL_Driver/Src/stm32f4xx_hal_flash_ramfunc.c.obj
LOAD CMakeFiles/Odrive_protocol.elf.dir/Drivers/STM32F4xx_HAL_Driver/Src/stm32f4xx_hal_gpio.c.obj
LOAD CMakeFiles/Odrive_protocol.elf.dir/Drivers/STM32F4xx_HAL_Driver/Src/stm32f4xx_hal_pcd.c.obj
LOAD CMakeFiles/Odrive_protocol.elf.dir/Drivers/STM32F4xx_HAL_Driver/Src/stm32f4xx_hal_pcd_ex.c.obj
LOAD CMakeFiles/Odrive_protocol.elf.dir/Drivers/STM32F4xx_HAL_Driver/Src/stm32f4xx_hal_pwr.c.obj
LOAD CMakeFiles/Odrive_protocol.elf.dir/Drivers/STM32F4xx_HAL_Driver/Src/stm32f4xx_hal_pwr_ex.c.obj
LOAD CMakeFiles/Odrive_protocol.elf.dir/Drivers/STM32F4xx_HAL_Driver/Src/stm32f4xx_hal_rcc.c.obj
LOAD CMakeFiles/Odrive_protocol.elf.dir/Drivers/STM32F4xx_HAL_Driver/Src/stm32f4xx_hal_rcc_ex.c.obj
LOAD CMakeFiles/Odrive_protocol.elf.dir/Drivers/STM32F4xx_HAL_Driver/Src/stm32f4xx_hal_tim.c.obj
LOAD CMakeFiles/Odrive_protocol.elf.dir/Drivers/STM32F4xx_HAL_Driver/Src/stm32f4xx_hal_tim_ex.c.obj
LOAD CMakeFiles/Odrive_protocol.elf.dir/Drivers/STM32F4xx_HAL_Driver/Src/stm32f4xx_hal_uart.c.obj
LOAD CMakeFiles/Odrive_protocol.elf.dir/Drivers/STM32F4xx_HAL_Driver/Src/stm32f4xx_ll_usb.c.obj
LOAD CMakeFiles/Odrive_protocol.elf.dir/Middlewares/ST/STM32_USB_Device_Library/Class/CDC/Src/usbd_cdc.c.obj
LOAD CMakeFiles/Odrive_protocol.elf.dir/Middlewares/ST/STM32_USB_Device_Library/Core/Src/usbd_core.c.obj
LOAD CMakeFiles/Odrive_protocol.elf.dir/Middlewares/ST/STM32_USB_Device_Library/Core/Src/usbd_ctlreq.c.obj
LOAD CMakeFiles/Odrive_protocol.elf.dir/Middlewares/ST/STM32_USB_Device_Library/Core/Src/usbd_ioreq.c.obj
LOAD CMakeFiles/Odrive_protocol.elf.dir/Middlewares/Third_Party/FreeRTOS/Source/CMSIS_RTOS_V2/cmsis_os2.c.obj
LOAD CMakeFiles/Odrive_protocol.elf.dir/Middlewares/Third_Party/FreeRTOS/Source/croutine.c.obj
LOAD CMakeFiles/Odrive_protocol.elf.dir/Middlewares/Third_Party/FreeRTOS/Source/event_groups.c.obj
LOAD CMakeFiles/Odrive_protocol.elf.dir/Middlewares/Third_Party/FreeRTOS/Source/list.c.obj
LOAD CMakeFiles/Odrive_protocol.elf.dir/Middlewares/Third_Party/FreeRTOS/Source/portable/GCC/ARM_CM4F/port.c.obj
LOAD CMakeFiles/Odrive_protocol.elf.dir/Middlewares/Third_Party/FreeRTOS/Source/portable/MemMang/heap_4.c.obj
LOAD CMakeFiles/Odrive_protocol.elf.dir/Middlewares/Third_Party/FreeRTOS/Source/queue.c.obj
LOAD CMakeFiles/Odrive_protocol.elf.dir/Middlewares/Third_Party/FreeRTOS/Source/stream_buffer.c.obj
LOAD CMakeFiles/Odrive_protocol.elf.dir/Middlewares/Third_Party/FreeRTOS/Source/tasks.c.obj
LOAD CMakeFiles/Odrive_protocol.elf.dir/Middlewares/Third_Party/FreeRTOS/Source/timers.c.obj
LOAD CMakeFiles/Odrive_protocol.elf.dir/Src/3rdParty/fibre/cpp/protocol.cpp.obj
LOAD CMakeFiles/Odrive_protocol.elf.dir/Src/Bsp/communication/ascii_processor.cpp.obj
LOAD CMakeFiles/Odrive_protocol.elf.dir/Src/Bsp/communication/communication.cpp.obj
LOAD CMakeFiles/Odrive_protocol.elf.dir/Src/Bsp/communication/interface_uart.cpp.obj
LOAD CMakeFiles/Odrive_protocol.elf.dir/Src/Bsp/communication/interface_usb.cpp.obj
LOAD CMakeFiles/Odrive_protocol.elf.dir/Src/Bsp/utils/software_i2c/soft_i2c.c.obj
LOAD CMakeFiles/Odrive_protocol.elf.dir/Src/Bsp/utils/time_utils.c.obj
LOAD CMakeFiles/Odrive_protocol.elf.dir/Src/UserApp/main.cpp.obj
LOAD CMakeFiles/Odrive_protocol.elf.dir/Src/UserApp/protocols/ascii_protocol.cpp.obj
LOAD CMakeFiles/Odrive_protocol.elf.dir/Src/UserApp/protocols/cmd_protocol.cpp.obj
LOAD CMakeFiles/Odrive_protocol.elf.dir/USB_DEVICE/App/usb_device.c.obj
LOAD CMakeFiles/Odrive_protocol.elf.dir/USB_DEVICE/App/usbd_cdc_if.c.obj
LOAD CMakeFiles/Odrive_protocol.elf.dir/USB_DEVICE/App/usbd_desc.c.obj
LOAD CMakeFiles/Odrive_protocol.elf.dir/USB_DEVICE/Target/usbd_conf.c.obj
LOAD CMakeFiles/Odrive_protocol.elf.dir/startup/startup_stm32f411xe.s.obj
LOAD d:/stm32_dk/gcc-arm-none-eabi/bin/../lib/gcc/arm-none-eabi/10.3.1/../../../../arm-none-eabi/lib/thumb/v7e-m+fp/hard\libstdc++.a
LOAD d:/stm32_dk/gcc-arm-none-eabi/bin/../lib/gcc/arm-none-eabi/10.3.1/../../../../arm-none-eabi/lib/thumb/v7e-m+fp/hard\libm.a
START GROUP
LOAD d:/stm32_dk/gcc-arm-none-eabi/bin/../lib/gcc/arm-none-eabi/10.3.1/thumb/v7e-m+fp/hard\libgcc.a
LOAD d:/stm32_dk/gcc-arm-none-eabi/bin/../lib/gcc/arm-none-eabi/10.3.1/../../../../arm-none-eabi/lib/thumb/v7e-m+fp/hard\libg.a
LOAD d:/stm32_dk/gcc-arm-none-eabi/bin/../lib/gcc/arm-none-eabi/10.3.1/../../../../arm-none-eabi/lib/thumb/v7e-m+fp/hard\libc.a
END GROUP
LOAD d:/stm32_dk/gcc-arm-none-eabi/bin/../lib/gcc/arm-none-eabi/10.3.1/thumb/v7e-m+fp/hard/crtend.o
LOAD d:/stm32_dk/gcc-arm-none-eabi/bin/../lib/gcc/arm-none-eabi/10.3.1/thumb/v7e-m+fp/hard/crtn.o
                0x20020000                _estack = (ORIGIN (RAM) + LENGTH (RAM))
                0x00000200                _Min_Heap_Size = 0x200
                0x00000400                _Min_Stack_Size = 0x400

.isr_vector     0x08000000      0x198
                0x08000000                . = ALIGN (0x4)
 *(.isr_vector)
 .isr_vector    0x08000000      0x198 CMakeFiles/Odrive_protocol.elf.dir/startup/startup_stm32f411xe.s.obj
                0x08000000                g_pfnVectors
                0x08000198                . = ALIGN (0x4)

.text           0x080001c0    0x1bf48
                0x080001c0                . = ALIGN (0x4)
 *(.text)
 .text          0x080001c0       0x40 d:/stm32_dk/gcc-arm-none-eabi/bin/../lib/gcc/arm-none-eabi/10.3.1/thumb/v7e-m+fp/hard/crtbegin.o
 .text          0x08000200     0x5ee4 d:/stm32_dk/gcc-arm-none-eabi/bin/../lib/gcc/arm-none-eabi/10.3.1/../../../../arm-none-eabi/lib/thumb/v7e-m+fp/hard\libstdc++.a(cp-demangle.o)
                0x08005ffc                __cxa_demangle
                0x080060c0                __gcclibcxx_demangle_callback
 .text          0x080060e4       0x30 d:/stm32_dk/gcc-arm-none-eabi/bin/../lib/gcc/arm-none-eabi/10.3.1/thumb/v7e-m+fp/hard\libgcc.a(_aeabi_uldivmod.o)
                0x080060e4                __aeabi_uldivmod
 .text          0x08006114      0x2d0 d:/stm32_dk/gcc-arm-none-eabi/bin/../lib/gcc/arm-none-eabi/10.3.1/thumb/v7e-m+fp/hard\libgcc.a(_udivmoddi4.o)
                0x08006114                __udivmoddi4
 .text          0x080063e4      0x9d8 d:/stm32_dk/gcc-arm-none-eabi/bin/../lib/gcc/arm-none-eabi/10.3.1/thumb/v7e-m+fp/hard\libgcc.a(unwind-arm.o)
                0x0800668c                _Unwind_GetCFA
                0x08006690                __gnu_Unwind_RaiseException
                0x080066f8                __gnu_Unwind_ForcedUnwind
                0x08006708                __gnu_Unwind_Resume
                0x0800674c                __gnu_Unwind_Resume_or_Rethrow
                0x0800675c                _Unwind_Complete
                0x08006760                _Unwind_DeleteException
                0x0800676c                _Unwind_VRS_Get
                0x080067b8                _Unwind_VRS_Set
                0x08006800                __gnu_Unwind_Backtrace
                0x08006b2c                __aeabi_unwind_cpp_pr0
                0x08006b30                __aeabi_unwind_cpp_pr1
                0x08006b34                __aeabi_unwind_cpp_pr2
                0x08006b38                _Unwind_VRS_Pop
 .text          0x08006dbc      0x1ac d:/stm32_dk/gcc-arm-none-eabi/bin/../lib/gcc/arm-none-eabi/10.3.1/thumb/v7e-m+fp/hard\libgcc.a(libunwind.o)
                0x08006dbc                __restore_core_regs
                0x08006dbc                restore_core_regs
                0x08006dd4                __gnu_Unwind_Restore_VFP
                0x08006ddc                __gnu_Unwind_Save_VFP
                0x08006de4                __gnu_Unwind_Restore_VFP_D
                0x08006dec                __gnu_Unwind_Save_VFP_D
                0x08006df4                __gnu_Unwind_Restore_VFP_D_16_to_31
                0x08006dfc                __gnu_Unwind_Save_VFP_D_16_to_31
                0x08006e04                __gnu_Unwind_Restore_WMMXD
                0x08006e48                __gnu_Unwind_Save_WMMXD
                0x08006e8c                __gnu_Unwind_Restore_WMMXC
                0x08006ea0                __gnu_Unwind_Save_WMMXC
                0x08006eb4                ___Unwind_RaiseException
                0x08006eb4                _Unwind_RaiseException
                0x08006ed8                _Unwind_Resume
                0x08006ed8                ___Unwind_Resume
                0x08006efc                _Unwind_Resume_or_Rethrow
                0x08006efc                ___Unwind_Resume_or_Rethrow
                0x08006f20                _Unwind_ForcedUnwind
                0x08006f20                ___Unwind_ForcedUnwind
                0x08006f44                ___Unwind_Backtrace
                0x08006f44                _Unwind_Backtrace
 .text          0x08006f68      0x350 d:/stm32_dk/gcc-arm-none-eabi/bin/../lib/gcc/arm-none-eabi/10.3.1/thumb/v7e-m+fp/hard\libgcc.a(pr-support.o)
                0x08006fc0                __gnu_unwind_execute
                0x0800726c                __gnu_unwind_frame
                0x08007298                _Unwind_GetRegionStart
                0x080072a4                _Unwind_GetLanguageSpecificData
 .text          0x080072b8        0x4 d:/stm32_dk/gcc-arm-none-eabi/bin/../lib/gcc/arm-none-eabi/10.3.1/thumb/v7e-m+fp/hard\libgcc.a(_dvmd_tls.o)
                0x080072b8                __aeabi_idiv0
                0x080072b8                __aeabi_ldiv0
 *fill*         0x080072bc        0x4 
 .text          0x080072c0       0xa0 d:/stm32_dk/gcc-arm-none-eabi/bin/../lib/gcc/arm-none-eabi/10.3.1/../../../../arm-none-eabi/lib/thumb/v7e-m+fp/hard\libg.a(lib_a-memchr.o)
                0x080072c0                memchr
 .text          0x08007360      0x134 d:/stm32_dk/gcc-arm-none-eabi/bin/../lib/gcc/arm-none-eabi/10.3.1/../../../../arm-none-eabi/lib/thumb/v7e-m+fp/hard\libg.a(lib_a-memcpy.o)
                0x08007360                memcpy
 *fill*         0x08007494        0xc 
 .text          0x080074a0      0x2dc d:/stm32_dk/gcc-arm-none-eabi/bin/../lib/gcc/arm-none-eabi/10.3.1/../../../../arm-none-eabi/lib/thumb/v7e-m+fp/hard\libg.a(lib_a-strcmp.o)
                0x080074a8                strcmp
 *fill*         0x0800777c        0x4 
 .text          0x08007780       0xdc d:/stm32_dk/gcc-arm-none-eabi/bin/../lib/gcc/arm-none-eabi/10.3.1/../../../../arm-none-eabi/lib/thumb/v7e-m+fp/hard\libg.a(lib_a-strlen.o)
                0x08007780                strlen
 .text          0x0800785c      0x378 d:/stm32_dk/gcc-arm-none-eabi/bin/../lib/gcc/arm-none-eabi/10.3.1/thumb/v7e-m+fp/hard\libgcc.a(_arm_addsubdf3.o)
                0x0800785c                __aeabi_drsub
                0x08007864                __aeabi_dsub
                0x08007864                __subdf3
                0x08007868                __aeabi_dadd
                0x08007868                __adddf3
                0x08007ae0                __floatunsidf
                0x08007ae0                __aeabi_ui2d
                0x08007b00                __floatsidf
                0x08007b00                __aeabi_i2d
                0x08007b24                __aeabi_f2d
                0x08007b24                __extendsfdf2
                0x08007b68                __floatundidf
                0x08007b68                __aeabi_ul2d
                0x08007b78                __floatdidf
                0x08007b78                __aeabi_l2d
 .text          0x08007bd4      0x424 d:/stm32_dk/gcc-arm-none-eabi/bin/../lib/gcc/arm-none-eabi/10.3.1/thumb/v7e-m+fp/hard\libgcc.a(_arm_muldivdf3.o)
                0x08007bd4                __aeabi_dmul
                0x08007bd4                __muldf3
                0x08007e28                __divdf3
                0x08007e28                __aeabi_ddiv
 .text          0x08007ff8      0x110 d:/stm32_dk/gcc-arm-none-eabi/bin/../lib/gcc/arm-none-eabi/10.3.1/thumb/v7e-m+fp/hard\libgcc.a(_arm_cmpdf2.o)
                0x08007ff8                __gtdf2
                0x08007ff8                __gedf2
                0x08008000                __ltdf2
                0x08008000                __ledf2
                0x08008008                __nedf2
                0x08008008                __eqdf2
                0x08008008                __cmpdf2
                0x08008084                __aeabi_cdrcmple
                0x08008094                __aeabi_cdcmpeq
                0x08008094                __aeabi_cdcmple
                0x080080a4                __aeabi_dcmpeq
                0x080080b8                __aeabi_dcmplt
                0x080080cc                __aeabi_dcmple
                0x080080e0                __aeabi_dcmpge
                0x080080f4                __aeabi_dcmpgt
 .text          0x08008108       0x2c d:/stm32_dk/gcc-arm-none-eabi/bin/../lib/gcc/arm-none-eabi/10.3.1/thumb/v7e-m+fp/hard\libgcc.a(_arm_unorddf2.o)
                0x08008108                __unorddf2
                0x08008108                __aeabi_dcmpun
 .text          0x08008134       0x50 d:/stm32_dk/gcc-arm-none-eabi/bin/../lib/gcc/arm-none-eabi/10.3.1/thumb/v7e-m+fp/hard\libgcc.a(_arm_fixdfsi.o)
                0x08008134                __aeabi_d2iz
                0x08008134                __fixdfsi
 .text          0x08008184       0x40 d:/stm32_dk/gcc-arm-none-eabi/bin/../lib/gcc/arm-none-eabi/10.3.1/thumb/v7e-m+fp/hard\libgcc.a(_arm_fixunsdfsi.o)
                0x08008184                __aeabi_d2uiz
                0x08008184                __fixunsdfsi
 .text          0x080081c4       0xa0 d:/stm32_dk/gcc-arm-none-eabi/bin/../lib/gcc/arm-none-eabi/10.3.1/thumb/v7e-m+fp/hard\libgcc.a(_arm_truncdfsf2.o)
                0x080081c4                __truncdfsf2
                0x080081c4                __aeabi_d2f
 .text          0x08008264       0x30 d:/stm32_dk/gcc-arm-none-eabi/bin/../lib/gcc/arm-none-eabi/10.3.1/thumb/v7e-m+fp/hard\libgcc.a(_fixdfdi.o)
                0x08008264                __fixdfdi
                0x08008264                __aeabi_d2lz
 .text          0x08008294       0x3c d:/stm32_dk/gcc-arm-none-eabi/bin/../lib/gcc/arm-none-eabi/10.3.1/thumb/v7e-m+fp/hard\libgcc.a(_fixunsdfdi.o)
                0x08008294                __fixunsdfdi
                0x08008294                __aeabi_d2ulz
 *(.text*)
 .text.MX_DMA_Init
                0x080082d0       0x78 CMakeFiles/Odrive_protocol.elf.dir/Core/Src/dma.c.obj
                0x080082d0                MX_DMA_Init
 .text.StartDefaultTask
                0x08008348       0x18 CMakeFiles/Odrive_protocol.elf.dir/Core/Src/freertos.c.obj
                0x08008348                StartDefaultTask
 .text.MX_FREERTOS_Init
                0x08008360       0xc4 CMakeFiles/Odrive_protocol.elf.dir/Core/Src/freertos.c.obj
                0x08008360                MX_FREERTOS_Init
 .text.MX_GPIO_Init
                0x08008424       0x68 CMakeFiles/Odrive_protocol.elf.dir/Core/Src/gpio.c.obj
                0x08008424                MX_GPIO_Init
 .text.HAL_TIM_PeriodElapsedCallback
                0x0800848c       0x18 CMakeFiles/Odrive_protocol.elf.dir/Core/Src/main.c.obj
                0x0800848c                HAL_TIM_PeriodElapsedCallback
 .text.Error_Handler
                0x080084a4        0x4 CMakeFiles/Odrive_protocol.elf.dir/Core/Src/main.c.obj
                0x080084a4                Error_Handler
 .text.SystemClock_Config
                0x080084a8       0xa4 CMakeFiles/Odrive_protocol.elf.dir/Core/Src/main.c.obj
                0x080084a8                SystemClock_Config
 .text.main     0x0800854c       0x84 CMakeFiles/Odrive_protocol.elf.dir/Core/Src/main.c.obj
                0x0800854c                main
 .text.HAL_MspInit
                0x080085d0       0x44 CMakeFiles/Odrive_protocol.elf.dir/Core/Src/stm32f4xx_hal_msp.c.obj
                0x080085d0                HAL_MspInit
 .text.HAL_InitTick
                0x08008614       0x78 CMakeFiles/Odrive_protocol.elf.dir/Core/Src/stm32f4xx_hal_timebase_tim.c.obj
                0x08008614                HAL_InitTick
 .text.NMI_Handler
                0x0800868c        0x2 CMakeFiles/Odrive_protocol.elf.dir/Core/Src/stm32f4xx_it.c.obj
                0x0800868c                NMI_Handler
 .text.HardFault_Handler
                0x0800868e        0x2 CMakeFiles/Odrive_protocol.elf.dir/Core/Src/stm32f4xx_it.c.obj
                0x0800868e                HardFault_Handler
 .text.MemManage_Handler
                0x08008690        0x2 CMakeFiles/Odrive_protocol.elf.dir/Core/Src/stm32f4xx_it.c.obj
                0x08008690                MemManage_Handler
 .text.BusFault_Handler
                0x08008692        0x2 CMakeFiles/Odrive_protocol.elf.dir/Core/Src/stm32f4xx_it.c.obj
                0x08008692                BusFault_Handler
 .text.UsageFault_Handler
                0x08008694        0x2 CMakeFiles/Odrive_protocol.elf.dir/Core/Src/stm32f4xx_it.c.obj
                0x08008694                UsageFault_Handler
 .text.DebugMon_Handler
                0x08008696        0x2 CMakeFiles/Odrive_protocol.elf.dir/Core/Src/stm32f4xx_it.c.obj
                0x08008696                DebugMon_Handler
 .text.DMA1_Stream5_IRQHandler
                0x08008698       0x10 CMakeFiles/Odrive_protocol.elf.dir/Core/Src/stm32f4xx_it.c.obj
                0x08008698                DMA1_Stream5_IRQHandler
 .text.DMA1_Stream6_IRQHandler
                0x080086a8       0x10 CMakeFiles/Odrive_protocol.elf.dir/Core/Src/stm32f4xx_it.c.obj
                0x080086a8                DMA1_Stream6_IRQHandler
 .text.TIM1_UP_TIM10_IRQHandler
                0x080086b8       0x10 CMakeFiles/Odrive_protocol.elf.dir/Core/Src/stm32f4xx_it.c.obj
                0x080086b8                TIM1_UP_TIM10_IRQHandler
 .text.USART1_IRQHandler
                0x080086c8       0x10 CMakeFiles/Odrive_protocol.elf.dir/Core/Src/stm32f4xx_it.c.obj
                0x080086c8                USART1_IRQHandler
 .text.USART2_IRQHandler
                0x080086d8       0x10 CMakeFiles/Odrive_protocol.elf.dir/Core/Src/stm32f4xx_it.c.obj
                0x080086d8                USART2_IRQHandler
 .text.DMA2_Stream2_IRQHandler
                0x080086e8       0x10 CMakeFiles/Odrive_protocol.elf.dir/Core/Src/stm32f4xx_it.c.obj
                0x080086e8                DMA2_Stream2_IRQHandler
 .text.OTG_FS_IRQHandler
                0x080086f8       0x10 CMakeFiles/Odrive_protocol.elf.dir/Core/Src/stm32f4xx_it.c.obj
                0x080086f8                OTG_FS_IRQHandler
 .text.DMA2_Stream7_IRQHandler
                0x08008708       0x10 CMakeFiles/Odrive_protocol.elf.dir/Core/Src/stm32f4xx_it.c.obj
                0x08008708                DMA2_Stream7_IRQHandler
 .text._getpid  0x08008718        0x4 CMakeFiles/Odrive_protocol.elf.dir/Core/Src/syscalls.c.obj
                0x08008718                _getpid
 .text._kill    0x0800871c       0x10 CMakeFiles/Odrive_protocol.elf.dir/Core/Src/syscalls.c.obj
                0x0800871c                _kill
 .text._exit    0x0800872c        0xc CMakeFiles/Odrive_protocol.elf.dir/Core/Src/syscalls.c.obj
                0x0800872c                _exit
 .text._read    0x08008738       0x20 CMakeFiles/Odrive_protocol.elf.dir/Core/Src/syscalls.c.obj
                0x08008738                _read
 .text._sbrk    0x08008758       0x3c CMakeFiles/Odrive_protocol.elf.dir/Core/Src/syscalls.c.obj
                0x08008758                _sbrk
 .text._close   0x08008794        0x6 CMakeFiles/Odrive_protocol.elf.dir/Core/Src/syscalls.c.obj
                0x08008794                _close
 .text._fstat   0x0800879a        0xa CMakeFiles/Odrive_protocol.elf.dir/Core/Src/syscalls.c.obj
                0x0800879a                _fstat
 .text._isatty  0x080087a4        0x4 CMakeFiles/Odrive_protocol.elf.dir/Core/Src/syscalls.c.obj
                0x080087a4                _isatty
 .text._lseek   0x080087a8        0x4 CMakeFiles/Odrive_protocol.elf.dir/Core/Src/syscalls.c.obj
                0x080087a8                _lseek
 .text.SystemInit
                0x080087ac       0x14 CMakeFiles/Odrive_protocol.elf.dir/Core/Src/system_stm32f4xx.c.obj
                0x080087ac                SystemInit
 .text.MX_USART1_UART_Init
                0x080087c0       0x34 CMakeFiles/Odrive_protocol.elf.dir/Core/Src/usart.c.obj
                0x080087c0                MX_USART1_UART_Init
 .text.MX_USART2_UART_Init
                0x080087f4       0x34 CMakeFiles/Odrive_protocol.elf.dir/Core/Src/usart.c.obj
                0x080087f4                MX_USART2_UART_Init
 .text.HAL_UART_MspInit
                0x08008828      0x1dc CMakeFiles/Odrive_protocol.elf.dir/Core/Src/usart.c.obj
                0x08008828                HAL_UART_MspInit
 .text.HAL_Init
                0x08008a04       0x34 CMakeFiles/Odrive_protocol.elf.dir/Drivers/STM32F4xx_HAL_Driver/Src/stm32f4xx_hal.c.obj
                0x08008a04                HAL_Init
 .text.HAL_IncTick
                0x08008a38       0x18 CMakeFiles/Odrive_protocol.elf.dir/Drivers/STM32F4xx_HAL_Driver/Src/stm32f4xx_hal.c.obj
                0x08008a38                HAL_IncTick
 .text.HAL_GetTick
                0x08008a50        0xc CMakeFiles/Odrive_protocol.elf.dir/Drivers/STM32F4xx_HAL_Driver/Src/stm32f4xx_hal.c.obj
                0x08008a50                HAL_GetTick
 .text.HAL_Delay
                0x08008a5c       0x28 CMakeFiles/Odrive_protocol.elf.dir/Drivers/STM32F4xx_HAL_Driver/Src/stm32f4xx_hal.c.obj
                0x08008a5c                HAL_Delay
 .text.HAL_NVIC_SetPriorityGrouping
                0x08008a84       0x24 CMakeFiles/Odrive_protocol.elf.dir/Drivers/STM32F4xx_HAL_Driver/Src/stm32f4xx_hal_cortex.c.obj
                0x08008a84                HAL_NVIC_SetPriorityGrouping
 .text.HAL_NVIC_SetPriority
                0x08008aa8       0x70 CMakeFiles/Odrive_protocol.elf.dir/Drivers/STM32F4xx_HAL_Driver/Src/stm32f4xx_hal_cortex.c.obj
                0x08008aa8                HAL_NVIC_SetPriority
 .text.HAL_NVIC_EnableIRQ
                0x08008b18       0x1c CMakeFiles/Odrive_protocol.elf.dir/Drivers/STM32F4xx_HAL_Driver/Src/stm32f4xx_hal_cortex.c.obj
                0x08008b18                HAL_NVIC_EnableIRQ
 .text.DMA_SetConfig
                0x08008b34       0x2c CMakeFiles/Odrive_protocol.elf.dir/Drivers/STM32F4xx_HAL_Driver/Src/stm32f4xx_hal_dma.c.obj
 .text.DMA_CalcBaseAndBitshift
                0x08008b60       0x44 CMakeFiles/Odrive_protocol.elf.dir/Drivers/STM32F4xx_HAL_Driver/Src/stm32f4xx_hal_dma.c.obj
 .text.DMA_CheckFifoParam
                0x08008ba4       0x8e CMakeFiles/Odrive_protocol.elf.dir/Drivers/STM32F4xx_HAL_Driver/Src/stm32f4xx_hal_dma.c.obj
 *fill*         0x08008c32        0x2 
 .text.HAL_DMA_Init
                0x08008c34       0xcc CMakeFiles/Odrive_protocol.elf.dir/Drivers/STM32F4xx_HAL_Driver/Src/stm32f4xx_hal_dma.c.obj
                0x08008c34                HAL_DMA_Init
 .text.HAL_DMA_Start_IT
                0x08008d00       0x6a CMakeFiles/Odrive_protocol.elf.dir/Drivers/STM32F4xx_HAL_Driver/Src/stm32f4xx_hal_dma.c.obj
                0x08008d00                HAL_DMA_Start_IT
 .text.HAL_DMA_Abort
                0x08008d6a       0x94 CMakeFiles/Odrive_protocol.elf.dir/Drivers/STM32F4xx_HAL_Driver/Src/stm32f4xx_hal_dma.c.obj
                0x08008d6a                HAL_DMA_Abort
 .text.HAL_DMA_Abort_IT
                0x08008dfe       0x26 CMakeFiles/Odrive_protocol.elf.dir/Drivers/STM32F4xx_HAL_Driver/Src/stm32f4xx_hal_dma.c.obj
                0x08008dfe                HAL_DMA_Abort_IT
 .text.HAL_DMA_IRQHandler
                0x08008e24      0x1dc CMakeFiles/Odrive_protocol.elf.dir/Drivers/STM32F4xx_HAL_Driver/Src/stm32f4xx_hal_dma.c.obj
                0x08008e24                HAL_DMA_IRQHandler
 .text.HAL_DMA_GetError
                0x08009000        0x4 CMakeFiles/Odrive_protocol.elf.dir/Drivers/STM32F4xx_HAL_Driver/Src/stm32f4xx_hal_dma.c.obj
                0x08009000                HAL_DMA_GetError
 .text.HAL_GPIO_Init
                0x08009004      0x1c0 CMakeFiles/Odrive_protocol.elf.dir/Drivers/STM32F4xx_HAL_Driver/Src/stm32f4xx_hal_gpio.c.obj
                0x08009004                HAL_GPIO_Init
 .text.HAL_GPIO_WritePin
                0x080091c4        0xc CMakeFiles/Odrive_protocol.elf.dir/Drivers/STM32F4xx_HAL_Driver/Src/stm32f4xx_hal_gpio.c.obj
                0x080091c4                HAL_GPIO_WritePin
 .text.HAL_GPIO_TogglePin
                0x080091d0       0x12 CMakeFiles/Odrive_protocol.elf.dir/Drivers/STM32F4xx_HAL_Driver/Src/stm32f4xx_hal_gpio.c.obj
                0x080091d0                HAL_GPIO_TogglePin
 .text.PCD_WriteEmptyTxFifo
                0x080091e2       0xd0 CMakeFiles/Odrive_protocol.elf.dir/Drivers/STM32F4xx_HAL_Driver/Src/stm32f4xx_hal_pcd.c.obj
 .text.HAL_PCD_Init
                0x080092b2      0x12e CMakeFiles/Odrive_protocol.elf.dir/Drivers/STM32F4xx_HAL_Driver/Src/stm32f4xx_hal_pcd.c.obj
                0x080092b2                HAL_PCD_Init
 .text.HAL_PCD_Start
                0x080093e0       0x42 CMakeFiles/Odrive_protocol.elf.dir/Drivers/STM32F4xx_HAL_Driver/Src/stm32f4xx_hal_pcd.c.obj
                0x080093e0                HAL_PCD_Start
 *fill*         0x08009422        0x2 
 .text.PCD_EP_OutXfrComplete_int
                0x08009424      0x104 CMakeFiles/Odrive_protocol.elf.dir/Drivers/STM32F4xx_HAL_Driver/Src/stm32f4xx_hal_pcd.c.obj
 .text.PCD_EP_OutSetupPacket_int
                0x08009528       0x50 CMakeFiles/Odrive_protocol.elf.dir/Drivers/STM32F4xx_HAL_Driver/Src/stm32f4xx_hal_pcd.c.obj
 .text.HAL_PCD_SetAddress
                0x08009578       0x28 CMakeFiles/Odrive_protocol.elf.dir/Drivers/STM32F4xx_HAL_Driver/Src/stm32f4xx_hal_pcd.c.obj
                0x08009578                HAL_PCD_SetAddress
 .text.HAL_PCD_EP_Open
                0x080095a0       0x8a CMakeFiles/Odrive_protocol.elf.dir/Drivers/STM32F4xx_HAL_Driver/Src/stm32f4xx_hal_pcd.c.obj
                0x080095a0                HAL_PCD_EP_Open
 .text.HAL_PCD_EP_Close
                0x0800962a       0x72 CMakeFiles/Odrive_protocol.elf.dir/Drivers/STM32F4xx_HAL_Driver/Src/stm32f4xx_hal_pcd.c.obj
                0x0800962a                HAL_PCD_EP_Close
 .text.HAL_PCD_EP_Receive
                0x0800969c       0x5e CMakeFiles/Odrive_protocol.elf.dir/Drivers/STM32F4xx_HAL_Driver/Src/stm32f4xx_hal_pcd.c.obj
                0x0800969c                HAL_PCD_EP_Receive
 .text.HAL_PCD_EP_GetRxCount
                0x080096fa       0x12 CMakeFiles/Odrive_protocol.elf.dir/Drivers/STM32F4xx_HAL_Driver/Src/stm32f4xx_hal_pcd.c.obj
                0x080096fa                HAL_PCD_EP_GetRxCount
 .text.HAL_PCD_EP_Transmit
                0x0800970c       0x5e CMakeFiles/Odrive_protocol.elf.dir/Drivers/STM32F4xx_HAL_Driver/Src/stm32f4xx_hal_pcd.c.obj
                0x0800970c                HAL_PCD_EP_Transmit
 .text.HAL_PCD_EP_SetStall
                0x0800976a       0x88 CMakeFiles/Odrive_protocol.elf.dir/Drivers/STM32F4xx_HAL_Driver/Src/stm32f4xx_hal_pcd.c.obj
                0x0800976a                HAL_PCD_EP_SetStall
 .text.HAL_PCD_EP_ClrStall
                0x080097f2       0x76 CMakeFiles/Odrive_protocol.elf.dir/Drivers/STM32F4xx_HAL_Driver/Src/stm32f4xx_hal_pcd.c.obj
                0x080097f2                HAL_PCD_EP_ClrStall
 .text.HAL_PCD_EP_Abort
                0x08009868       0x34 CMakeFiles/Odrive_protocol.elf.dir/Drivers/STM32F4xx_HAL_Driver/Src/stm32f4xx_hal_pcd.c.obj
                0x08009868                HAL_PCD_EP_Abort
 .text.HAL_PCD_IRQHandler
                0x0800989c      0x5c4 CMakeFiles/Odrive_protocol.elf.dir/Drivers/STM32F4xx_HAL_Driver/Src/stm32f4xx_hal_pcd.c.obj
                0x0800989c                HAL_PCD_IRQHandler
 .text.HAL_PCDEx_SetTxFiFo
                0x08009e60       0x4c CMakeFiles/Odrive_protocol.elf.dir/Drivers/STM32F4xx_HAL_Driver/Src/stm32f4xx_hal_pcd_ex.c.obj
                0x08009e60                HAL_PCDEx_SetTxFiFo
 .text.HAL_PCDEx_SetRxFiFo
                0x08009eac        0x8 CMakeFiles/Odrive_protocol.elf.dir/Drivers/STM32F4xx_HAL_Driver/Src/stm32f4xx_hal_pcd_ex.c.obj
                0x08009eac                HAL_PCDEx_SetRxFiFo
 .text.HAL_PCDEx_LPM_Callback
                0x08009eb4        0x2 CMakeFiles/Odrive_protocol.elf.dir/Drivers/STM32F4xx_HAL_Driver/Src/stm32f4xx_hal_pcd_ex.c.obj
                0x08009eb4                HAL_PCDEx_LPM_Callback
 *fill*         0x08009eb6        0x2 
 .text.HAL_RCC_OscConfig
                0x08009eb8      0x3f8 CMakeFiles/Odrive_protocol.elf.dir/Drivers/STM32F4xx_HAL_Driver/Src/stm32f4xx_hal_rcc.c.obj
                0x08009eb8                HAL_RCC_OscConfig
 .text.HAL_RCC_GetSysClockFreq
                0x0800a2b0       0xa4 CMakeFiles/Odrive_protocol.elf.dir/Drivers/STM32F4xx_HAL_Driver/Src/stm32f4xx_hal_rcc.c.obj
                0x0800a2b0                HAL_RCC_GetSysClockFreq
 .text.HAL_RCC_ClockConfig
                0x0800a354      0x160 CMakeFiles/Odrive_protocol.elf.dir/Drivers/STM32F4xx_HAL_Driver/Src/stm32f4xx_hal_rcc.c.obj
                0x0800a354                HAL_RCC_ClockConfig
 .text.HAL_RCC_GetHCLKFreq
                0x0800a4b4        0xc CMakeFiles/Odrive_protocol.elf.dir/Drivers/STM32F4xx_HAL_Driver/Src/stm32f4xx_hal_rcc.c.obj
                0x0800a4b4                HAL_RCC_GetHCLKFreq
 .text.HAL_RCC_GetPCLK1Freq
                0x0800a4c0       0x20 CMakeFiles/Odrive_protocol.elf.dir/Drivers/STM32F4xx_HAL_Driver/Src/stm32f4xx_hal_rcc.c.obj
                0x0800a4c0                HAL_RCC_GetPCLK1Freq
 .text.HAL_RCC_GetPCLK2Freq
                0x0800a4e0       0x20 CMakeFiles/Odrive_protocol.elf.dir/Drivers/STM32F4xx_HAL_Driver/Src/stm32f4xx_hal_rcc.c.obj
                0x0800a4e0                HAL_RCC_GetPCLK2Freq
 .text.HAL_RCC_GetClockConfig
                0x0800a500       0x3c CMakeFiles/Odrive_protocol.elf.dir/Drivers/STM32F4xx_HAL_Driver/Src/stm32f4xx_hal_rcc.c.obj
                0x0800a500                HAL_RCC_GetClockConfig
 .text.HAL_RCC_DeInit
                0x0800a53c      0x13c CMakeFiles/Odrive_protocol.elf.dir/Drivers/STM32F4xx_HAL_Driver/Src/stm32f4xx_hal_rcc_ex.c.obj
                0x0800a53c                HAL_RCC_DeInit
 .text.HAL_TIM_Base_MspInit
                0x0800a678        0x2 CMakeFiles/Odrive_protocol.elf.dir/Drivers/STM32F4xx_HAL_Driver/Src/stm32f4xx_hal_tim.c.obj
                0x0800a678                HAL_TIM_Base_MspInit
 *fill*         0x0800a67a        0x2 
 .text.HAL_TIM_Base_Start_IT
                0x0800a67c       0x78 CMakeFiles/Odrive_protocol.elf.dir/Drivers/STM32F4xx_HAL_Driver/Src/stm32f4xx_hal_tim.c.obj
                0x0800a67c                HAL_TIM_Base_Start_IT
 .text.HAL_TIM_OC_DelayElapsedCallback
                0x0800a6f4        0x2 CMakeFiles/Odrive_protocol.elf.dir/Drivers/STM32F4xx_HAL_Driver/Src/stm32f4xx_hal_tim.c.obj
                0x0800a6f4                HAL_TIM_OC_DelayElapsedCallback
 .text.HAL_TIM_IC_CaptureCallback
                0x0800a6f6        0x2 CMakeFiles/Odrive_protocol.elf.dir/Drivers/STM32F4xx_HAL_Driver/Src/stm32f4xx_hal_tim.c.obj
                0x0800a6f6                HAL_TIM_IC_CaptureCallback
 .text.HAL_TIM_PWM_PulseFinishedCallback
                0x0800a6f8        0x2 CMakeFiles/Odrive_protocol.elf.dir/Drivers/STM32F4xx_HAL_Driver/Src/stm32f4xx_hal_tim.c.obj
                0x0800a6f8                HAL_TIM_PWM_PulseFinishedCallback
 .text.HAL_TIM_TriggerCallback
                0x0800a6fa        0x2 CMakeFiles/Odrive_protocol.elf.dir/Drivers/STM32F4xx_HAL_Driver/Src/stm32f4xx_hal_tim.c.obj
                0x0800a6fa                HAL_TIM_TriggerCallback
 .text.HAL_TIM_IRQHandler
                0x0800a6fc      0x17a CMakeFiles/Odrive_protocol.elf.dir/Drivers/STM32F4xx_HAL_Driver/Src/stm32f4xx_hal_tim.c.obj
                0x0800a6fc                HAL_TIM_IRQHandler
 *fill*         0x0800a876        0x2 
 .text.TIM_Base_SetConfig
                0x0800a878       0x9c CMakeFiles/Odrive_protocol.elf.dir/Drivers/STM32F4xx_HAL_Driver/Src/stm32f4xx_hal_tim.c.obj
                0x0800a878                TIM_Base_SetConfig
 .text.HAL_TIM_Base_Init
                0x0800a914       0x58 CMakeFiles/Odrive_protocol.elf.dir/Drivers/STM32F4xx_HAL_Driver/Src/stm32f4xx_hal_tim.c.obj
                0x0800a914                HAL_TIM_Base_Init
 .text.HAL_TIMEx_CommutCallback
                0x0800a96c        0x2 CMakeFiles/Odrive_protocol.elf.dir/Drivers/STM32F4xx_HAL_Driver/Src/stm32f4xx_hal_tim_ex.c.obj
                0x0800a96c                HAL_TIMEx_CommutCallback
 .text.HAL_TIMEx_BreakCallback
                0x0800a96e        0x2 CMakeFiles/Odrive_protocol.elf.dir/Drivers/STM32F4xx_HAL_Driver/Src/stm32f4xx_hal_tim_ex.c.obj
                0x0800a96e                HAL_TIMEx_BreakCallback
 .text.UART_EndTxTransfer
                0x0800a970       0x20 CMakeFiles/Odrive_protocol.elf.dir/Drivers/STM32F4xx_HAL_Driver/Src/stm32f4xx_hal_uart.c.obj
 .text.UART_EndRxTransfer
                0x0800a990       0x5c CMakeFiles/Odrive_protocol.elf.dir/Drivers/STM32F4xx_HAL_Driver/Src/stm32f4xx_hal_uart.c.obj
 .text.UART_Transmit_IT
                0x0800a9ec       0x60 CMakeFiles/Odrive_protocol.elf.dir/Drivers/STM32F4xx_HAL_Driver/Src/stm32f4xx_hal_uart.c.obj
 .text.UART_SetConfig
                0x0800aa4c      0x110 CMakeFiles/Odrive_protocol.elf.dir/Drivers/STM32F4xx_HAL_Driver/Src/stm32f4xx_hal_uart.c.obj
 .text.UART_WaitOnFlagUntilTimeout
                0x0800ab5c       0x88 CMakeFiles/Odrive_protocol.elf.dir/Drivers/STM32F4xx_HAL_Driver/Src/stm32f4xx_hal_uart.c.obj
 .text.HAL_UART_Init
                0x0800abe4       0x5e CMakeFiles/Odrive_protocol.elf.dir/Drivers/STM32F4xx_HAL_Driver/Src/stm32f4xx_hal_uart.c.obj
                0x0800abe4                HAL_UART_Init
 .text.HAL_UART_Receive
                0x0800ac42       0xe4 CMakeFiles/Odrive_protocol.elf.dir/Drivers/STM32F4xx_HAL_Driver/Src/stm32f4xx_hal_uart.c.obj
                0x0800ac42                HAL_UART_Receive
 *fill*         0x0800ad26        0x2 
 .text.HAL_UART_Transmit_DMA
                0x0800ad28       0x9c CMakeFiles/Odrive_protocol.elf.dir/Drivers/STM32F4xx_HAL_Driver/Src/stm32f4xx_hal_uart.c.obj
                0x0800ad28                HAL_UART_Transmit_DMA
 .text.HAL_UART_AbortReceive
                0x0800adc4       0xa6 CMakeFiles/Odrive_protocol.elf.dir/Drivers/STM32F4xx_HAL_Driver/Src/stm32f4xx_hal_uart.c.obj
                0x0800adc4                HAL_UART_AbortReceive
 .text.UART_DMATransmitCplt
                0x0800ae6a       0x4c CMakeFiles/Odrive_protocol.elf.dir/Drivers/STM32F4xx_HAL_Driver/Src/stm32f4xx_hal_uart.c.obj
 .text.UART_EndTransmit_IT
                0x0800aeb6       0x1a CMakeFiles/Odrive_protocol.elf.dir/Drivers/STM32F4xx_HAL_Driver/Src/stm32f4xx_hal_uart.c.obj
 .text.HAL_UART_TxHalfCpltCallback
                0x0800aed0        0x2 CMakeFiles/Odrive_protocol.elf.dir/Drivers/STM32F4xx_HAL_Driver/Src/stm32f4xx_hal_uart.c.obj
                0x0800aed0                HAL_UART_TxHalfCpltCallback
 .text.UART_DMATxHalfCplt
                0x0800aed2        0xa CMakeFiles/Odrive_protocol.elf.dir/Drivers/STM32F4xx_HAL_Driver/Src/stm32f4xx_hal_uart.c.obj
 .text.HAL_UART_RxCpltCallback
                0x0800aedc        0x2 CMakeFiles/Odrive_protocol.elf.dir/Drivers/STM32F4xx_HAL_Driver/Src/stm32f4xx_hal_uart.c.obj
                0x0800aedc                HAL_UART_RxCpltCallback
 .text.HAL_UART_RxHalfCpltCallback
                0x0800aede        0x2 CMakeFiles/Odrive_protocol.elf.dir/Drivers/STM32F4xx_HAL_Driver/Src/stm32f4xx_hal_uart.c.obj
                0x0800aede                HAL_UART_RxHalfCpltCallback
 .text.HAL_UART_ErrorCallback
                0x0800aee0        0x2 CMakeFiles/Odrive_protocol.elf.dir/Drivers/STM32F4xx_HAL_Driver/Src/stm32f4xx_hal_uart.c.obj
                0x0800aee0                HAL_UART_ErrorCallback
 .text.UART_DMAError
                0x0800aee2       0x58 CMakeFiles/Odrive_protocol.elf.dir/Drivers/STM32F4xx_HAL_Driver/Src/stm32f4xx_hal_uart.c.obj
 .text.UART_DMAAbortOnError
                0x0800af3a       0x10 CMakeFiles/Odrive_protocol.elf.dir/Drivers/STM32F4xx_HAL_Driver/Src/stm32f4xx_hal_uart.c.obj
 .text.HAL_UARTEx_RxEventCallback
                0x0800af4a        0x2 CMakeFiles/Odrive_protocol.elf.dir/Drivers/STM32F4xx_HAL_Driver/Src/stm32f4xx_hal_uart.c.obj
                0x0800af4a                HAL_UARTEx_RxEventCallback
 .text.UART_Receive_IT
                0x0800af4c       0xe2 CMakeFiles/Odrive_protocol.elf.dir/Drivers/STM32F4xx_HAL_Driver/Src/stm32f4xx_hal_uart.c.obj
 *fill*         0x0800b02e        0x2 
 .text.HAL_UART_IRQHandler
                0x0800b030      0x280 CMakeFiles/Odrive_protocol.elf.dir/Drivers/STM32F4xx_HAL_Driver/Src/stm32f4xx_hal_uart.c.obj
                0x0800b030                HAL_UART_IRQHandler
 .text.UART_DMARxHalfCplt
                0x0800b2b0       0x1a CMakeFiles/Odrive_protocol.elf.dir/Drivers/STM32F4xx_HAL_Driver/Src/stm32f4xx_hal_uart.c.obj
 .text.UART_DMAReceiveCplt
                0x0800b2ca       0x96 CMakeFiles/Odrive_protocol.elf.dir/Drivers/STM32F4xx_HAL_Driver/Src/stm32f4xx_hal_uart.c.obj
 .text.UART_Start_Receive_DMA
                0x0800b360       0xa8 CMakeFiles/Odrive_protocol.elf.dir/Drivers/STM32F4xx_HAL_Driver/Src/stm32f4xx_hal_uart.c.obj
                0x0800b360                UART_Start_Receive_DMA
 .text.HAL_UART_Receive_DMA
                0x0800b408       0x38 CMakeFiles/Odrive_protocol.elf.dir/Drivers/STM32F4xx_HAL_Driver/Src/stm32f4xx_hal_uart.c.obj
                0x0800b408                HAL_UART_Receive_DMA
 .text.USB_CoreReset
                0x0800b440       0x50 CMakeFiles/Odrive_protocol.elf.dir/Drivers/STM32F4xx_HAL_Driver/Src/stm32f4xx_ll_usb.c.obj
 .text.USB_CoreInit
                0x0800b490       0x8a CMakeFiles/Odrive_protocol.elf.dir/Drivers/STM32F4xx_HAL_Driver/Src/stm32f4xx_ll_usb.c.obj
                0x0800b490                USB_CoreInit
 *fill*         0x0800b51a        0x2 
 .text.USB_SetTurnaroundTime
                0x0800b51c       0xe4 CMakeFiles/Odrive_protocol.elf.dir/Drivers/STM32F4xx_HAL_Driver/Src/stm32f4xx_ll_usb.c.obj
                0x0800b51c                USB_SetTurnaroundTime
 .text.USB_EnableGlobalInt
                0x0800b600        0xc CMakeFiles/Odrive_protocol.elf.dir/Drivers/STM32F4xx_HAL_Driver/Src/stm32f4xx_ll_usb.c.obj
                0x0800b600                USB_EnableGlobalInt
 .text.USB_DisableGlobalInt
                0x0800b60c        0xc CMakeFiles/Odrive_protocol.elf.dir/Drivers/STM32F4xx_HAL_Driver/Src/stm32f4xx_ll_usb.c.obj
                0x0800b60c                USB_DisableGlobalInt
 .text.USB_FlushTxFifo
                0x0800b618       0x50 CMakeFiles/Odrive_protocol.elf.dir/Drivers/STM32F4xx_HAL_Driver/Src/stm32f4xx_ll_usb.c.obj
                0x0800b618                USB_FlushTxFifo
 .text.USB_FlushRxFifo
                0x0800b668       0x4c CMakeFiles/Odrive_protocol.elf.dir/Drivers/STM32F4xx_HAL_Driver/Src/stm32f4xx_ll_usb.c.obj
                0x0800b668                USB_FlushRxFifo
 .text.USB_SetDevSpeed
                0x0800b6b4        0xe CMakeFiles/Odrive_protocol.elf.dir/Drivers/STM32F4xx_HAL_Driver/Src/stm32f4xx_ll_usb.c.obj
                0x0800b6b4                USB_SetDevSpeed
 *fill*         0x0800b6c2        0x2 
 .text.USB_DevInit
                0x0800b6c4      0x190 CMakeFiles/Odrive_protocol.elf.dir/Drivers/STM32F4xx_HAL_Driver/Src/stm32f4xx_ll_usb.c.obj
                0x0800b6c4                USB_DevInit
 .text.USB_GetDevSpeed
                0x0800b854       0x22 CMakeFiles/Odrive_protocol.elf.dir/Drivers/STM32F4xx_HAL_Driver/Src/stm32f4xx_ll_usb.c.obj
                0x0800b854                USB_GetDevSpeed
 .text.USB_ActivateEndpoint
                0x0800b876       0x9c CMakeFiles/Odrive_protocol.elf.dir/Drivers/STM32F4xx_HAL_Driver/Src/stm32f4xx_ll_usb.c.obj
                0x0800b876                USB_ActivateEndpoint
 *fill*         0x0800b912        0x2 
 .text.USB_DeactivateEndpoint
                0x0800b914       0xe0 CMakeFiles/Odrive_protocol.elf.dir/Drivers/STM32F4xx_HAL_Driver/Src/stm32f4xx_ll_usb.c.obj
                0x0800b914                USB_DeactivateEndpoint
 .text.USB_EP0StartXfer
                0x0800b9f4      0x124 CMakeFiles/Odrive_protocol.elf.dir/Drivers/STM32F4xx_HAL_Driver/Src/stm32f4xx_ll_usb.c.obj
                0x0800b9f4                USB_EP0StartXfer
 .text.USB_EPStopXfer
                0x0800bb18       0xbe CMakeFiles/Odrive_protocol.elf.dir/Drivers/STM32F4xx_HAL_Driver/Src/stm32f4xx_ll_usb.c.obj
                0x0800bb18                USB_EPStopXfer
 .text.USB_WritePacket
                0x0800bbd6       0x2e CMakeFiles/Odrive_protocol.elf.dir/Drivers/STM32F4xx_HAL_Driver/Src/stm32f4xx_ll_usb.c.obj
                0x0800bbd6                USB_WritePacket
 .text.USB_EPStartXfer
                0x0800bc04      0x234 CMakeFiles/Odrive_protocol.elf.dir/Drivers/STM32F4xx_HAL_Driver/Src/stm32f4xx_ll_usb.c.obj
                0x0800bc04                USB_EPStartXfer
 .text.USB_ReadPacket
                0x0800be38       0x54 CMakeFiles/Odrive_protocol.elf.dir/Drivers/STM32F4xx_HAL_Driver/Src/stm32f4xx_ll_usb.c.obj
                0x0800be38                USB_ReadPacket
 .text.USB_EPSetStall
                0x0800be8c       0x5a CMakeFiles/Odrive_protocol.elf.dir/Drivers/STM32F4xx_HAL_Driver/Src/stm32f4xx_ll_usb.c.obj
                0x0800be8c                USB_EPSetStall
 .text.USB_EPClearStall
                0x0800bee6       0x5c CMakeFiles/Odrive_protocol.elf.dir/Drivers/STM32F4xx_HAL_Driver/Src/stm32f4xx_ll_usb.c.obj
                0x0800bee6                USB_EPClearStall
 .text.USB_SetDevAddress
                0x0800bf42       0x20 CMakeFiles/Odrive_protocol.elf.dir/Drivers/STM32F4xx_HAL_Driver/Src/stm32f4xx_ll_usb.c.obj
                0x0800bf42                USB_SetDevAddress
 .text.USB_DevConnect
                0x0800bf62       0x1c CMakeFiles/Odrive_protocol.elf.dir/Drivers/STM32F4xx_HAL_Driver/Src/stm32f4xx_ll_usb.c.obj
                0x0800bf62                USB_DevConnect
 .text.USB_DevDisconnect
                0x0800bf7e       0x1c CMakeFiles/Odrive_protocol.elf.dir/Drivers/STM32F4xx_HAL_Driver/Src/stm32f4xx_ll_usb.c.obj
                0x0800bf7e                USB_DevDisconnect
 .text.USB_ReadInterrupts
                0x0800bf9a        0x8 CMakeFiles/Odrive_protocol.elf.dir/Drivers/STM32F4xx_HAL_Driver/Src/stm32f4xx_ll_usb.c.obj
                0x0800bf9a                USB_ReadInterrupts
 .text.USB_ReadDevAllOutEpInterrupt
                0x0800bfa2       0x10 CMakeFiles/Odrive_protocol.elf.dir/Drivers/STM32F4xx_HAL_Driver/Src/stm32f4xx_ll_usb.c.obj
                0x0800bfa2                USB_ReadDevAllOutEpInterrupt
 .text.USB_ReadDevAllInEpInterrupt
                0x0800bfb2       0x10 CMakeFiles/Odrive_protocol.elf.dir/Drivers/STM32F4xx_HAL_Driver/Src/stm32f4xx_ll_usb.c.obj
                0x0800bfb2                USB_ReadDevAllInEpInterrupt
 .text.USB_ReadDevOutEPInterrupt
                0x0800bfc2       0x12 CMakeFiles/Odrive_protocol.elf.dir/Drivers/STM32F4xx_HAL_Driver/Src/stm32f4xx_ll_usb.c.obj
                0x0800bfc2                USB_ReadDevOutEPInterrupt
 .text.USB_ReadDevInEPInterrupt
                0x0800bfd4       0x28 CMakeFiles/Odrive_protocol.elf.dir/Drivers/STM32F4xx_HAL_Driver/Src/stm32f4xx_ll_usb.c.obj
                0x0800bfd4                USB_ReadDevInEPInterrupt
 .text.USB_GetMode
                0x0800bffc        0x8 CMakeFiles/Odrive_protocol.elf.dir/Drivers/STM32F4xx_HAL_Driver/Src/stm32f4xx_ll_usb.c.obj
                0x0800bffc                USB_GetMode
 .text.USB_SetCurrentMode
                0x0800c004       0x62 CMakeFiles/Odrive_protocol.elf.dir/Drivers/STM32F4xx_HAL_Driver/Src/stm32f4xx_ll_usb.c.obj
                0x0800c004                USB_SetCurrentMode
 .text.USB_ActivateSetup
                0x0800c066       0x20 CMakeFiles/Odrive_protocol.elf.dir/Drivers/STM32F4xx_HAL_Driver/Src/stm32f4xx_ll_usb.c.obj
                0x0800c066                USB_ActivateSetup
 *fill*         0x0800c086        0x2 
 .text.USB_EP0_OutStart
                0x0800c088       0x60 CMakeFiles/Odrive_protocol.elf.dir/Drivers/STM32F4xx_HAL_Driver/Src/stm32f4xx_ll_usb.c.obj
                0x0800c088                USB_EP0_OutStart
 .text.USBD_CDC_EP0_RxReady
                0x0800c0e8       0x28 CMakeFiles/Odrive_protocol.elf.dir/Middlewares/ST/STM32_USB_Device_Library/Class/CDC/Src/usbd_cdc.c.obj
 .text.USBD_CDC_GetFSCfgDesc
                0x0800c110        0xc CMakeFiles/Odrive_protocol.elf.dir/Middlewares/ST/STM32_USB_Device_Library/Class/CDC/Src/usbd_cdc.c.obj
 .text.USBD_CDC_GetHSCfgDesc
                0x0800c11c        0xc CMakeFiles/Odrive_protocol.elf.dir/Middlewares/ST/STM32_USB_Device_Library/Class/CDC/Src/usbd_cdc.c.obj
 .text.USBD_CDC_GetOtherSpeedCfgDesc
                0x0800c128        0xc CMakeFiles/Odrive_protocol.elf.dir/Middlewares/ST/STM32_USB_Device_Library/Class/CDC/Src/usbd_cdc.c.obj
 .text.USBD_CDC_GetDeviceQualifierDescriptor
                0x0800c134        0xc CMakeFiles/Odrive_protocol.elf.dir/Middlewares/ST/STM32_USB_Device_Library/Class/CDC/Src/usbd_cdc.c.obj
                0x0800c134                USBD_CDC_GetDeviceQualifierDescriptor
 .text.USBD_CDC_DataOut
                0x0800c140       0x44 CMakeFiles/Odrive_protocol.elf.dir/Middlewares/ST/STM32_USB_Device_Library/Class/CDC/Src/usbd_cdc.c.obj
 .text.USBD_CDC_DataIn
                0x0800c184       0x34 CMakeFiles/Odrive_protocol.elf.dir/Middlewares/ST/STM32_USB_Device_Library/Class/CDC/Src/usbd_cdc.c.obj
 .text.USBD_WinUSBComm_GetMSExtendedCompatIDOSDescriptor
                0x0800c1b8       0x20 CMakeFiles/Odrive_protocol.elf.dir/Middlewares/ST/STM32_USB_Device_Library/Class/CDC/Src/usbd_cdc.c.obj
 .text.USBD_WinUSBComm_SetupVendorDevice
                0x0800c1d8        0xa CMakeFiles/Odrive_protocol.elf.dir/Middlewares/ST/STM32_USB_Device_Library/Class/CDC/Src/usbd_cdc.c.obj
 *fill*         0x0800c1e2        0x2 
 .text.USBD_WinUSBComm_GetMSExtendedPropertiesOSDescriptor
                0x0800c1e4       0x2c CMakeFiles/Odrive_protocol.elf.dir/Middlewares/ST/STM32_USB_Device_Library/Class/CDC/Src/usbd_cdc.c.obj
 .text.USBD_WinUSBComm_SetupVendorInterface
                0x0800c210        0xa CMakeFiles/Odrive_protocol.elf.dir/Middlewares/ST/STM32_USB_Device_Library/Class/CDC/Src/usbd_cdc.c.obj
 .text.USBD_WinUSBComm_SetupVendor
                0x0800c21a       0x3a CMakeFiles/Odrive_protocol.elf.dir/Middlewares/ST/STM32_USB_Device_Library/Class/CDC/Src/usbd_cdc.c.obj
 .text.USBD_CDC_Setup
                0x0800c254       0x8c CMakeFiles/Odrive_protocol.elf.dir/Middlewares/ST/STM32_USB_Device_Library/Class/CDC/Src/usbd_cdc.c.obj
 .text.USBD_CDC_DeInit
                0x0800c2e0       0x4a CMakeFiles/Odrive_protocol.elf.dir/Middlewares/ST/STM32_USB_Device_Library/Class/CDC/Src/usbd_cdc.c.obj
 .text.USBD_CDC_Init
                0x0800c32a       0xb6 CMakeFiles/Odrive_protocol.elf.dir/Middlewares/ST/STM32_USB_Device_Library/Class/CDC/Src/usbd_cdc.c.obj
 .text.USBD_CDC_RegisterInterface
                0x0800c3e0        0xe CMakeFiles/Odrive_protocol.elf.dir/Middlewares/ST/STM32_USB_Device_Library/Class/CDC/Src/usbd_cdc.c.obj
                0x0800c3e0                USBD_CDC_RegisterInterface
 .text.USBD_CDC_SetTxBuffer
                0x0800c3ee       0x22 CMakeFiles/Odrive_protocol.elf.dir/Middlewares/ST/STM32_USB_Device_Library/Class/CDC/Src/usbd_cdc.c.obj
                0x0800c3ee                USBD_CDC_SetTxBuffer
 .text.USBD_CDC_SetRxBuffer
                0x0800c410       0x1c CMakeFiles/Odrive_protocol.elf.dir/Middlewares/ST/STM32_USB_Device_Library/Class/CDC/Src/usbd_cdc.c.obj
                0x0800c410                USBD_CDC_SetRxBuffer
 .text.USBD_CDC_TransmitPacket
                0x0800c42c       0x3e CMakeFiles/Odrive_protocol.elf.dir/Middlewares/ST/STM32_USB_Device_Library/Class/CDC/Src/usbd_cdc.c.obj
                0x0800c42c                USBD_CDC_TransmitPacket
 .text.USBD_CDC_ReceivePacket
                0x0800c46a       0x2a CMakeFiles/Odrive_protocol.elf.dir/Middlewares/ST/STM32_USB_Device_Library/Class/CDC/Src/usbd_cdc.c.obj
                0x0800c46a                USBD_CDC_ReceivePacket
 .text.USBD_Init
                0x0800c494       0x2e CMakeFiles/Odrive_protocol.elf.dir/Middlewares/ST/STM32_USB_Device_Library/Core/Src/usbd_core.c.obj
                0x0800c494                USBD_Init
 .text.USBD_RegisterClass
                0x0800c4c2        0xe CMakeFiles/Odrive_protocol.elf.dir/Middlewares/ST/STM32_USB_Device_Library/Core/Src/usbd_core.c.obj
                0x0800c4c2                USBD_RegisterClass
 .text.USBD_Start
                0x0800c4d0        0xa CMakeFiles/Odrive_protocol.elf.dir/Middlewares/ST/STM32_USB_Device_Library/Core/Src/usbd_core.c.obj
                0x0800c4d0                USBD_Start
 .text.USBD_SetClassConfig
                0x0800c4da       0x18 CMakeFiles/Odrive_protocol.elf.dir/Middlewares/ST/STM32_USB_Device_Library/Core/Src/usbd_core.c.obj
                0x0800c4da                USBD_SetClassConfig
 .text.USBD_ClrClassConfig
                0x0800c4f2        0xe CMakeFiles/Odrive_protocol.elf.dir/Middlewares/ST/STM32_USB_Device_Library/Core/Src/usbd_core.c.obj
                0x0800c4f2                USBD_ClrClassConfig
 .text.USBD_LL_SetupStage
                0x0800c500       0x5a CMakeFiles/Odrive_protocol.elf.dir/Middlewares/ST/STM32_USB_Device_Library/Core/Src/usbd_core.c.obj
                0x0800c500                USBD_LL_SetupStage
 .text.USBD_LL_DataOutStage
                0x0800c55a       0x6c CMakeFiles/Odrive_protocol.elf.dir/Middlewares/ST/STM32_USB_Device_Library/Core/Src/usbd_core.c.obj
                0x0800c55a                USBD_LL_DataOutStage
 .text.USBD_LL_DataInStage
                0x0800c5c6       0xb2 CMakeFiles/Odrive_protocol.elf.dir/Middlewares/ST/STM32_USB_Device_Library/Core/Src/usbd_core.c.obj
                0x0800c5c6                USBD_LL_DataInStage
 .text.USBD_LL_Reset
                0x0800c678       0x3e CMakeFiles/Odrive_protocol.elf.dir/Middlewares/ST/STM32_USB_Device_Library/Core/Src/usbd_core.c.obj
                0x0800c678                USBD_LL_Reset
 .text.USBD_LL_SetSpeed
                0x0800c6b6        0x6 CMakeFiles/Odrive_protocol.elf.dir/Middlewares/ST/STM32_USB_Device_Library/Core/Src/usbd_core.c.obj
                0x0800c6b6                USBD_LL_SetSpeed
 .text.USBD_LL_Suspend
                0x0800c6bc       0x12 CMakeFiles/Odrive_protocol.elf.dir/Middlewares/ST/STM32_USB_Device_Library/Core/Src/usbd_core.c.obj
                0x0800c6bc                USBD_LL_Suspend
 .text.USBD_LL_Resume
                0x0800c6ce        0xc CMakeFiles/Odrive_protocol.elf.dir/Middlewares/ST/STM32_USB_Device_Library/Core/Src/usbd_core.c.obj
                0x0800c6ce                USBD_LL_Resume
 .text.USBD_LL_SOF
                0x0800c6da       0x1c CMakeFiles/Odrive_protocol.elf.dir/Middlewares/ST/STM32_USB_Device_Library/Core/Src/usbd_core.c.obj
                0x0800c6da                USBD_LL_SOF
 .text.USBD_LL_IsoINIncomplete
                0x0800c6f6        0x4 CMakeFiles/Odrive_protocol.elf.dir/Middlewares/ST/STM32_USB_Device_Library/Core/Src/usbd_core.c.obj
                0x0800c6f6                USBD_LL_IsoINIncomplete
 .text.USBD_LL_IsoOUTIncomplete
                0x0800c6fa        0x4 CMakeFiles/Odrive_protocol.elf.dir/Middlewares/ST/STM32_USB_Device_Library/Core/Src/usbd_core.c.obj
                0x0800c6fa                USBD_LL_IsoOUTIncomplete
 .text.USBD_LL_DevConnected
                0x0800c6fe        0x4 CMakeFiles/Odrive_protocol.elf.dir/Middlewares/ST/STM32_USB_Device_Library/Core/Src/usbd_core.c.obj
                0x0800c6fe                USBD_LL_DevConnected
 .text.USBD_LL_DevDisconnected
                0x0800c702       0x16 CMakeFiles/Odrive_protocol.elf.dir/Middlewares/ST/STM32_USB_Device_Library/Core/Src/usbd_core.c.obj
                0x0800c702                USBD_LL_DevDisconnected
 .text.USBD_GetLen
                0x0800c718       0x14 CMakeFiles/Odrive_protocol.elf.dir/Middlewares/ST/STM32_USB_Device_Library/Core/Src/usbd_ctlreq.c.obj
 .text.USBD_SetFeature
                0x0800c72c       0x20 CMakeFiles/Odrive_protocol.elf.dir/Middlewares/ST/STM32_USB_Device_Library/Core/Src/usbd_ctlreq.c.obj
 .text.USBD_ParseSetupRequest
                0x0800c74c       0x28 CMakeFiles/Odrive_protocol.elf.dir/Middlewares/ST/STM32_USB_Device_Library/Core/Src/usbd_ctlreq.c.obj
                0x0800c74c                USBD_ParseSetupRequest
 .text.USBD_CtlError
                0x0800c774       0x14 CMakeFiles/Odrive_protocol.elf.dir/Middlewares/ST/STM32_USB_Device_Library/Core/Src/usbd_ctlreq.c.obj
                0x0800c774                USBD_CtlError
 .text.USBD_GetDescriptor
                0x0800c788      0x138 CMakeFiles/Odrive_protocol.elf.dir/Middlewares/ST/STM32_USB_Device_Library/Core/Src/usbd_ctlreq.c.obj
 .text.USBD_SetAddress
                0x0800c8c0       0x4a CMakeFiles/Odrive_protocol.elf.dir/Middlewares/ST/STM32_USB_Device_Library/Core/Src/usbd_ctlreq.c.obj
 *fill*         0x0800c90a        0x2 
 .text.USBD_SetConfig
                0x0800c90c       0xa4 CMakeFiles/Odrive_protocol.elf.dir/Middlewares/ST/STM32_USB_Device_Library/Core/Src/usbd_ctlreq.c.obj
 .text.USBD_GetConfig
                0x0800c9b0       0x3a CMakeFiles/Odrive_protocol.elf.dir/Middlewares/ST/STM32_USB_Device_Library/Core/Src/usbd_ctlreq.c.obj
 .text.USBD_GetStatus
                0x0800c9ea       0x2c CMakeFiles/Odrive_protocol.elf.dir/Middlewares/ST/STM32_USB_Device_Library/Core/Src/usbd_ctlreq.c.obj
 .text.USBD_ClrFeature
                0x0800ca16       0x30 CMakeFiles/Odrive_protocol.elf.dir/Middlewares/ST/STM32_USB_Device_Library/Core/Src/usbd_ctlreq.c.obj
 .text.USBD_StdDevReq
                0x0800ca46       0x48 CMakeFiles/Odrive_protocol.elf.dir/Middlewares/ST/STM32_USB_Device_Library/Core/Src/usbd_ctlreq.c.obj
                0x0800ca46                USBD_StdDevReq
 .text.USBD_StdItfReq
                0x0800ca8e       0x36 CMakeFiles/Odrive_protocol.elf.dir/Middlewares/ST/STM32_USB_Device_Library/Core/Src/usbd_ctlreq.c.obj
                0x0800ca8e                USBD_StdItfReq
 .text.USBD_StdEPReq
                0x0800cac4      0x11c CMakeFiles/Odrive_protocol.elf.dir/Middlewares/ST/STM32_USB_Device_Library/Core/Src/usbd_ctlreq.c.obj
                0x0800cac4                USBD_StdEPReq
 .text.USBD_GetString
                0x0800cbe0       0x3a CMakeFiles/Odrive_protocol.elf.dir/Middlewares/ST/STM32_USB_Device_Library/Core/Src/usbd_ctlreq.c.obj
                0x0800cbe0                USBD_GetString
 .text.USBD_CtlSendData
                0x0800cc1a       0x1a CMakeFiles/Odrive_protocol.elf.dir/Middlewares/ST/STM32_USB_Device_Library/Core/Src/usbd_ioreq.c.obj
                0x0800cc1a                USBD_CtlSendData
 .text.USBD_CtlContinueSendData
                0x0800cc34       0x10 CMakeFiles/Odrive_protocol.elf.dir/Middlewares/ST/STM32_USB_Device_Library/Core/Src/usbd_ioreq.c.obj
                0x0800cc34                USBD_CtlContinueSendData
 .text.USBD_CtlPrepareRx
                0x0800cc44       0x1e CMakeFiles/Odrive_protocol.elf.dir/Middlewares/ST/STM32_USB_Device_Library/Core/Src/usbd_ioreq.c.obj
                0x0800cc44                USBD_CtlPrepareRx
 .text.USBD_CtlContinueRx
                0x0800cc62       0x10 CMakeFiles/Odrive_protocol.elf.dir/Middlewares/ST/STM32_USB_Device_Library/Core/Src/usbd_ioreq.c.obj
                0x0800cc62                USBD_CtlContinueRx
 .text.USBD_CtlSendStatus
                0x0800cc72       0x16 CMakeFiles/Odrive_protocol.elf.dir/Middlewares/ST/STM32_USB_Device_Library/Core/Src/usbd_ioreq.c.obj
                0x0800cc72                USBD_CtlSendStatus
 .text.USBD_CtlReceiveStatus
                0x0800cc88       0x16 CMakeFiles/Odrive_protocol.elf.dir/Middlewares/ST/STM32_USB_Device_Library/Core/Src/usbd_ioreq.c.obj
                0x0800cc88                USBD_CtlReceiveStatus
 .text.SysTick_Handler
                0x0800cc9e       0x18 CMakeFiles/Odrive_protocol.elf.dir/Middlewares/Third_Party/FreeRTOS/Source/CMSIS_RTOS_V2/cmsis_os2.c.obj
                0x0800cc9e                SysTick_Handler
 *fill*         0x0800ccb6        0x2 
 .text.osKernelInitialize
                0x0800ccb8       0x24 CMakeFiles/Odrive_protocol.elf.dir/Middlewares/Third_Party/FreeRTOS/Source/CMSIS_RTOS_V2/cmsis_os2.c.obj
                0x0800ccb8                osKernelInitialize
 .text.osKernelStart
                0x0800ccdc       0x38 CMakeFiles/Odrive_protocol.elf.dir/Middlewares/Third_Party/FreeRTOS/Source/CMSIS_RTOS_V2/cmsis_os2.c.obj
                0x0800ccdc                osKernelStart
 .text.osThreadNew
                0x0800cd14       0xbc CMakeFiles/Odrive_protocol.elf.dir/Middlewares/Third_Party/FreeRTOS/Source/CMSIS_RTOS_V2/cmsis_os2.c.obj
                0x0800cd14                osThreadNew
 .text.osDelay  0x0800cdd0       0x1c CMakeFiles/Odrive_protocol.elf.dir/Middlewares/Third_Party/FreeRTOS/Source/CMSIS_RTOS_V2/cmsis_os2.c.obj
                0x0800cdd0                osDelay
 .text.osSemaphoreNew
                0x0800cdec       0xb4 CMakeFiles/Odrive_protocol.elf.dir/Middlewares/Third_Party/FreeRTOS/Source/CMSIS_RTOS_V2/cmsis_os2.c.obj
                0x0800cdec                osSemaphoreNew
 .text.osSemaphoreAcquire
                0x0800cea0       0x68 CMakeFiles/Odrive_protocol.elf.dir/Middlewares/Third_Party/FreeRTOS/Source/CMSIS_RTOS_V2/cmsis_os2.c.obj
                0x0800cea0                osSemaphoreAcquire
 .text.osSemaphoreRelease
                0x0800cf08       0x5e CMakeFiles/Odrive_protocol.elf.dir/Middlewares/Third_Party/FreeRTOS/Source/CMSIS_RTOS_V2/cmsis_os2.c.obj
                0x0800cf08                osSemaphoreRelease
 *fill*         0x0800cf66        0x2 
 .text.vApplicationGetIdleTaskMemory
                0x0800cf68       0x18 CMakeFiles/Odrive_protocol.elf.dir/Middlewares/Third_Party/FreeRTOS/Source/CMSIS_RTOS_V2/cmsis_os2.c.obj
                0x0800cf68                vApplicationGetIdleTaskMemory
 .text.vApplicationGetTimerTaskMemory
                0x0800cf80       0x18 CMakeFiles/Odrive_protocol.elf.dir/Middlewares/Third_Party/FreeRTOS/Source/CMSIS_RTOS_V2/cmsis_os2.c.obj
                0x0800cf80                vApplicationGetTimerTaskMemory
 .text.vListInitialise
                0x0800cf98       0x16 CMakeFiles/Odrive_protocol.elf.dir/Middlewares/Third_Party/FreeRTOS/Source/list.c.obj
                0x0800cf98                vListInitialise
 .text.vListInitialiseItem
                0x0800cfae        0x6 CMakeFiles/Odrive_protocol.elf.dir/Middlewares/Third_Party/FreeRTOS/Source/list.c.obj
                0x0800cfae                vListInitialiseItem
 .text.vListInsertEnd
                0x0800cfb4       0x16 CMakeFiles/Odrive_protocol.elf.dir/Middlewares/Third_Party/FreeRTOS/Source/list.c.obj
                0x0800cfb4                vListInsertEnd
 .text.vListInsert
                0x0800cfca       0x32 CMakeFiles/Odrive_protocol.elf.dir/Middlewares/Third_Party/FreeRTOS/Source/list.c.obj
                0x0800cfca                vListInsert
 .text.uxListRemove
                0x0800cffc       0x26 CMakeFiles/Odrive_protocol.elf.dir/Middlewares/Third_Party/FreeRTOS/Source/list.c.obj
                0x0800cffc                uxListRemove
 *fill*         0x0800d022        0x2 
 .text.prvTaskExitError
                0x0800d024       0x40 CMakeFiles/Odrive_protocol.elf.dir/Middlewares/Third_Party/FreeRTOS/Source/portable/GCC/ARM_CM4F/port.c.obj
 .text.prvPortStartFirstTask
                0x0800d064       0x28 CMakeFiles/Odrive_protocol.elf.dir/Middlewares/Third_Party/FreeRTOS/Source/portable/GCC/ARM_CM4F/port.c.obj
 .text.vPortEnableVFP
                0x0800d08c       0x14 CMakeFiles/Odrive_protocol.elf.dir/Middlewares/Third_Party/FreeRTOS/Source/portable/GCC/ARM_CM4F/port.c.obj
 .text.pxPortInitialiseStack
                0x0800d0a0       0x2c CMakeFiles/Odrive_protocol.elf.dir/Middlewares/Third_Party/FreeRTOS/Source/portable/GCC/ARM_CM4F/port.c.obj
                0x0800d0a0                pxPortInitialiseStack
 *fill*         0x0800d0cc        0x4 
 .text.SVC_Handler
                0x0800d0d0       0x24 CMakeFiles/Odrive_protocol.elf.dir/Middlewares/Third_Party/FreeRTOS/Source/portable/GCC/ARM_CM4F/port.c.obj
                0x0800d0d0                SVC_Handler
 .text.vPortEnterCritical
                0x0800d0f4       0x44 CMakeFiles/Odrive_protocol.elf.dir/Middlewares/Third_Party/FreeRTOS/Source/portable/GCC/ARM_CM4F/port.c.obj
                0x0800d0f4                vPortEnterCritical
 .text.vPortExitCritical
                0x0800d138       0x2c CMakeFiles/Odrive_protocol.elf.dir/Middlewares/Third_Party/FreeRTOS/Source/portable/GCC/ARM_CM4F/port.c.obj
                0x0800d138                vPortExitCritical
 *fill*         0x0800d164        0xc 
 .text.PendSV_Handler
                0x0800d170       0x64 CMakeFiles/Odrive_protocol.elf.dir/Middlewares/Third_Party/FreeRTOS/Source/portable/GCC/ARM_CM4F/port.c.obj
                0x0800d170                PendSV_Handler
 .text.xPortSysTickHandler
                0x0800d1d4       0x2c CMakeFiles/Odrive_protocol.elf.dir/Middlewares/Third_Party/FreeRTOS/Source/portable/GCC/ARM_CM4F/port.c.obj
                0x0800d1d4                xPortSysTickHandler
 .text.vPortSetupTimerInterrupt
                0x0800d200       0x28 CMakeFiles/Odrive_protocol.elf.dir/Middlewares/Third_Party/FreeRTOS/Source/portable/GCC/ARM_CM4F/port.c.obj
                0x0800d200                vPortSetupTimerInterrupt
 .text.xPortStartScheduler
                0x0800d228      0x118 CMakeFiles/Odrive_protocol.elf.dir/Middlewares/Third_Party/FreeRTOS/Source/portable/GCC/ARM_CM4F/port.c.obj
                0x0800d228                xPortStartScheduler
 .text.vPortValidateInterruptPriority
                0x0800d340       0x5c CMakeFiles/Odrive_protocol.elf.dir/Middlewares/Third_Party/FreeRTOS/Source/portable/GCC/ARM_CM4F/port.c.obj
                0x0800d340                vPortValidateInterruptPriority
 .text.prvHeapInit
                0x0800d39c       0x64 CMakeFiles/Odrive_protocol.elf.dir/Middlewares/Third_Party/FreeRTOS/Source/portable/MemMang/heap_4.c.obj
 .text.prvInsertBlockIntoFreeList
                0x0800d400       0x64 CMakeFiles/Odrive_protocol.elf.dir/Middlewares/Third_Party/FreeRTOS/Source/portable/MemMang/heap_4.c.obj
 .text.pvPortMalloc
                0x0800d464       0xfc CMakeFiles/Odrive_protocol.elf.dir/Middlewares/Third_Party/FreeRTOS/Source/portable/MemMang/heap_4.c.obj
                0x0800d464                pvPortMalloc
 .text.vPortFree
                0x0800d560       0x7c CMakeFiles/Odrive_protocol.elf.dir/Middlewares/Third_Party/FreeRTOS/Source/portable/MemMang/heap_4.c.obj
                0x0800d560                vPortFree
 .text.prvGetDisinheritPriorityAfterTimeout
                0x0800d5dc       0x10 CMakeFiles/Odrive_protocol.elf.dir/Middlewares/Third_Party/FreeRTOS/Source/queue.c.obj
 .text.prvIsQueueFull
                0x0800d5ec       0x1e CMakeFiles/Odrive_protocol.elf.dir/Middlewares/Third_Party/FreeRTOS/Source/queue.c.obj
 .text.prvIsQueueEmpty
                0x0800d60a       0x1a CMakeFiles/Odrive_protocol.elf.dir/Middlewares/Third_Party/FreeRTOS/Source/queue.c.obj
 .text.prvCopyDataToQueue
                0x0800d624       0x76 CMakeFiles/Odrive_protocol.elf.dir/Middlewares/Third_Party/FreeRTOS/Source/queue.c.obj
 .text.prvCopyDataFromQueue
                0x0800d69a       0x24 CMakeFiles/Odrive_protocol.elf.dir/Middlewares/Third_Party/FreeRTOS/Source/queue.c.obj
 .text.prvUnlockQueue
                0x0800d6be       0x6e CMakeFiles/Odrive_protocol.elf.dir/Middlewares/Third_Party/FreeRTOS/Source/queue.c.obj
 .text.xQueueGenericReset
                0x0800d72c       0x84 CMakeFiles/Odrive_protocol.elf.dir/Middlewares/Third_Party/FreeRTOS/Source/queue.c.obj
                0x0800d72c                xQueueGenericReset
 .text.prvInitialiseNewQueue
                0x0800d7b0       0x22 CMakeFiles/Odrive_protocol.elf.dir/Middlewares/Third_Party/FreeRTOS/Source/queue.c.obj
 .text.xQueueGenericCreateStatic
                0x0800d7d2       0x94 CMakeFiles/Odrive_protocol.elf.dir/Middlewares/Third_Party/FreeRTOS/Source/queue.c.obj
                0x0800d7d2                xQueueGenericCreateStatic
 .text.xQueueGenericCreate
                0x0800d866       0x48 CMakeFiles/Odrive_protocol.elf.dir/Middlewares/Third_Party/FreeRTOS/Source/queue.c.obj
                0x0800d866                xQueueGenericCreate
 .text.xQueueCreateCountingSemaphoreStatic
                0x0800d8ae       0x46 CMakeFiles/Odrive_protocol.elf.dir/Middlewares/Third_Party/FreeRTOS/Source/queue.c.obj
                0x0800d8ae                xQueueCreateCountingSemaphoreStatic
 .text.xQueueCreateCountingSemaphore
                0x0800d8f4       0x3c CMakeFiles/Odrive_protocol.elf.dir/Middlewares/Third_Party/FreeRTOS/Source/queue.c.obj
                0x0800d8f4                xQueueCreateCountingSemaphore
 .text.xQueueGenericSend
                0x0800d930      0x188 CMakeFiles/Odrive_protocol.elf.dir/Middlewares/Third_Party/FreeRTOS/Source/queue.c.obj
                0x0800d930                xQueueGenericSend
 .text.xQueueGenericSendFromISR
                0x0800dab8       0xce CMakeFiles/Odrive_protocol.elf.dir/Middlewares/Third_Party/FreeRTOS/Source/queue.c.obj
                0x0800dab8                xQueueGenericSendFromISR
 .text.xQueueGiveFromISR
                0x0800db86       0xb2 CMakeFiles/Odrive_protocol.elf.dir/Middlewares/Third_Party/FreeRTOS/Source/queue.c.obj
                0x0800db86                xQueueGiveFromISR
 .text.xQueueReceive
                0x0800dc38      0x15e CMakeFiles/Odrive_protocol.elf.dir/Middlewares/Third_Party/FreeRTOS/Source/queue.c.obj
                0x0800dc38                xQueueReceive
 .text.xQueueSemaphoreTake
                0x0800dd96      0x1a6 CMakeFiles/Odrive_protocol.elf.dir/Middlewares/Third_Party/FreeRTOS/Source/queue.c.obj
                0x0800dd96                xQueueSemaphoreTake
 .text.xQueueReceiveFromISR
                0x0800df3c       0xa8 CMakeFiles/Odrive_protocol.elf.dir/Middlewares/Third_Party/FreeRTOS/Source/queue.c.obj
                0x0800df3c                xQueueReceiveFromISR
 .text.vQueueAddToRegistry
                0x0800dfe4       0x28 CMakeFiles/Odrive_protocol.elf.dir/Middlewares/Third_Party/FreeRTOS/Source/queue.c.obj
                0x0800dfe4                vQueueAddToRegistry
 .text.vQueueUnregisterQueue
                0x0800e00c       0x2c CMakeFiles/Odrive_protocol.elf.dir/Middlewares/Third_Party/FreeRTOS/Source/queue.c.obj
                0x0800e00c                vQueueUnregisterQueue
 .text.vQueueDelete
                0x0800e038       0x2c CMakeFiles/Odrive_protocol.elf.dir/Middlewares/Third_Party/FreeRTOS/Source/queue.c.obj
                0x0800e038                vQueueDelete
 .text.vQueueWaitForMessageRestricted
                0x0800e064       0x52 CMakeFiles/Odrive_protocol.elf.dir/Middlewares/Third_Party/FreeRTOS/Source/queue.c.obj
                0x0800e064                vQueueWaitForMessageRestricted
 *fill*         0x0800e0b6        0x2 
 .text.prvResetNextTaskUnblockTime
                0x0800e0b8       0x2c CMakeFiles/Odrive_protocol.elf.dir/Middlewares/Third_Party/FreeRTOS/Source/tasks.c.obj
 .text.prvInitialiseNewTask
                0x0800e0e4       0xa6 CMakeFiles/Odrive_protocol.elf.dir/Middlewares/Third_Party/FreeRTOS/Source/tasks.c.obj
 *fill*         0x0800e18a        0x2 
 .text.prvInitialiseTaskLists
                0x0800e18c       0x68 CMakeFiles/Odrive_protocol.elf.dir/Middlewares/Third_Party/FreeRTOS/Source/tasks.c.obj
 .text.prvAddNewTaskToReadyList
                0x0800e1f4       0xac CMakeFiles/Odrive_protocol.elf.dir/Middlewares/Third_Party/FreeRTOS/Source/tasks.c.obj
 .text.prvDeleteTCB
                0x0800e2a0       0x38 CMakeFiles/Odrive_protocol.elf.dir/Middlewares/Third_Party/FreeRTOS/Source/tasks.c.obj
 .text.prvCheckTasksWaitingTermination
                0x0800e2d8       0x4c CMakeFiles/Odrive_protocol.elf.dir/Middlewares/Third_Party/FreeRTOS/Source/tasks.c.obj
 .text.prvIdleTask
                0x0800e324       0x28 CMakeFiles/Odrive_protocol.elf.dir/Middlewares/Third_Party/FreeRTOS/Source/tasks.c.obj
 .text.prvAddCurrentTaskToDelayedList
                0x0800e34c       0x7c CMakeFiles/Odrive_protocol.elf.dir/Middlewares/Third_Party/FreeRTOS/Source/tasks.c.obj
 .text.xTaskCreateStatic
                0x0800e3c8       0x76 CMakeFiles/Odrive_protocol.elf.dir/Middlewares/Third_Party/FreeRTOS/Source/tasks.c.obj
                0x0800e3c8                xTaskCreateStatic
 .text.xTaskCreate
                0x0800e43e       0x68 CMakeFiles/Odrive_protocol.elf.dir/Middlewares/Third_Party/FreeRTOS/Source/tasks.c.obj
                0x0800e43e                xTaskCreate
 *fill*         0x0800e4a6        0x2 
 .text.vTaskDelete
                0x0800e4a8       0xb8 CMakeFiles/Odrive_protocol.elf.dir/Middlewares/Third_Party/FreeRTOS/Source/tasks.c.obj
                0x0800e4a8                vTaskDelete
 .text.vTaskStartScheduler
                0x0800e560       0x9c CMakeFiles/Odrive_protocol.elf.dir/Middlewares/Third_Party/FreeRTOS/Source/tasks.c.obj
                0x0800e560                vTaskStartScheduler
 .text.vTaskSuspendAll
                0x0800e5fc       0x10 CMakeFiles/Odrive_protocol.elf.dir/Middlewares/Third_Party/FreeRTOS/Source/tasks.c.obj
                0x0800e5fc                vTaskSuspendAll
 .text.xTaskGetTickCount
                0x0800e60c        0xc CMakeFiles/Odrive_protocol.elf.dir/Middlewares/Third_Party/FreeRTOS/Source/tasks.c.obj
                0x0800e60c                xTaskGetTickCount
 .text.xTaskIncrementTick
                0x0800e618      0x118 CMakeFiles/Odrive_protocol.elf.dir/Middlewares/Third_Party/FreeRTOS/Source/tasks.c.obj
                0x0800e618                xTaskIncrementTick
 .text.xTaskResumeAll
                0x0800e730       0xf8 CMakeFiles/Odrive_protocol.elf.dir/Middlewares/Third_Party/FreeRTOS/Source/tasks.c.obj
                0x0800e730                xTaskResumeAll
 .text.vTaskDelay
                0x0800e828       0x4c CMakeFiles/Odrive_protocol.elf.dir/Middlewares/Third_Party/FreeRTOS/Source/tasks.c.obj
                0x0800e828                vTaskDelay
 .text.vTaskSwitchContext
                0x0800e874       0x94 CMakeFiles/Odrive_protocol.elf.dir/Middlewares/Third_Party/FreeRTOS/Source/tasks.c.obj
                0x0800e874                vTaskSwitchContext
 .text.vTaskPlaceOnEventList
                0x0800e908       0x30 CMakeFiles/Odrive_protocol.elf.dir/Middlewares/Third_Party/FreeRTOS/Source/tasks.c.obj
                0x0800e908                vTaskPlaceOnEventList
 .text.vTaskPlaceOnEventListRestricted
                0x0800e938       0x38 CMakeFiles/Odrive_protocol.elf.dir/Middlewares/Third_Party/FreeRTOS/Source/tasks.c.obj
                0x0800e938                vTaskPlaceOnEventListRestricted
 .text.xTaskRemoveFromEventList
                0x0800e970       0x8c CMakeFiles/Odrive_protocol.elf.dir/Middlewares/Third_Party/FreeRTOS/Source/tasks.c.obj
                0x0800e970                xTaskRemoveFromEventList
 .text.vTaskInternalSetTimeOutState
                0x0800e9fc       0x18 CMakeFiles/Odrive_protocol.elf.dir/Middlewares/Third_Party/FreeRTOS/Source/tasks.c.obj
                0x0800e9fc                vTaskInternalSetTimeOutState
 .text.xTaskCheckForTimeOut
                0x0800ea14       0x84 CMakeFiles/Odrive_protocol.elf.dir/Middlewares/Third_Party/FreeRTOS/Source/tasks.c.obj
                0x0800ea14                xTaskCheckForTimeOut
 .text.vTaskMissedYield
                0x0800ea98        0xc CMakeFiles/Odrive_protocol.elf.dir/Middlewares/Third_Party/FreeRTOS/Source/tasks.c.obj
                0x0800ea98                vTaskMissedYield
 .text.xTaskGetSchedulerState
                0x0800eaa4       0x20 CMakeFiles/Odrive_protocol.elf.dir/Middlewares/Third_Party/FreeRTOS/Source/tasks.c.obj
                0x0800eaa4                xTaskGetSchedulerState
 .text.xTaskPriorityInherit
                0x0800eac4       0x98 CMakeFiles/Odrive_protocol.elf.dir/Middlewares/Third_Party/FreeRTOS/Source/tasks.c.obj
                0x0800eac4                xTaskPriorityInherit
 .text.xTaskPriorityDisinherit
                0x0800eb5c       0x90 CMakeFiles/Odrive_protocol.elf.dir/Middlewares/Third_Party/FreeRTOS/Source/tasks.c.obj
                0x0800eb5c                xTaskPriorityDisinherit
 .text.vTaskPriorityDisinheritAfterTimeout
                0x0800ebec       0xa0 CMakeFiles/Odrive_protocol.elf.dir/Middlewares/Third_Party/FreeRTOS/Source/tasks.c.obj
                0x0800ebec                vTaskPriorityDisinheritAfterTimeout
 .text.pvTaskIncrementMutexHeldCount
                0x0800ec8c       0x1c CMakeFiles/Odrive_protocol.elf.dir/Middlewares/Third_Party/FreeRTOS/Source/tasks.c.obj
                0x0800ec8c                pvTaskIncrementMutexHeldCount
 .text.prvGetNextExpireTime
                0x0800eca8       0x20 CMakeFiles/Odrive_protocol.elf.dir/Middlewares/Third_Party/FreeRTOS/Source/timers.c.obj
 .text.prvInsertTimerInActiveList
                0x0800ecc8       0x48 CMakeFiles/Odrive_protocol.elf.dir/Middlewares/Third_Party/FreeRTOS/Source/timers.c.obj
 .text.prvCheckForValidListAndQueue
                0x0800ed10       0x70 CMakeFiles/Odrive_protocol.elf.dir/Middlewares/Third_Party/FreeRTOS/Source/timers.c.obj
 .text.xTimerCreateTimerTask
                0x0800ed80       0x64 CMakeFiles/Odrive_protocol.elf.dir/Middlewares/Third_Party/FreeRTOS/Source/timers.c.obj
                0x0800ed80                xTimerCreateTimerTask
 .text.xTimerGenericCommand
                0x0800ede4       0x6c CMakeFiles/Odrive_protocol.elf.dir/Middlewares/Third_Party/FreeRTOS/Source/timers.c.obj
                0x0800ede4                xTimerGenericCommand
 .text.prvSwitchTimerLists
                0x0800ee50       0x7c CMakeFiles/Odrive_protocol.elf.dir/Middlewares/Third_Party/FreeRTOS/Source/timers.c.obj
 .text.prvSampleTimeNow
                0x0800eecc       0x2c CMakeFiles/Odrive_protocol.elf.dir/Middlewares/Third_Party/FreeRTOS/Source/timers.c.obj
 .text.prvProcessExpiredTimer
                0x0800eef8       0x6c CMakeFiles/Odrive_protocol.elf.dir/Middlewares/Third_Party/FreeRTOS/Source/timers.c.obj
 .text.prvProcessTimerOrBlockTask
                0x0800ef64       0x74 CMakeFiles/Odrive_protocol.elf.dir/Middlewares/Third_Party/FreeRTOS/Source/timers.c.obj
 .text.prvProcessReceivedCommands
                0x0800efd8      0x10c CMakeFiles/Odrive_protocol.elf.dir/Middlewares/Third_Party/FreeRTOS/Source/timers.c.obj
 .text.prvTimerTask
                0x0800f0e4       0x16 CMakeFiles/Odrive_protocol.elf.dir/Middlewares/Third_Party/FreeRTOS/Source/timers.c.obj
 .text._ZN23StreamToPacketSegmenter14get_free_spaceEv
                0x0800f0fa        0x6 CMakeFiles/Odrive_protocol.elf.dir/Src/3rdParty/fibre/cpp/protocol.cpp.obj
                0x0800f0fa                StreamToPacketSegmenter::get_free_space()
 .text._ZN16MemoryStreamSink14get_free_spaceEv
                0x0800f100        0x4 CMakeFiles/Odrive_protocol.elf.dir/Src/3rdParty/fibre/cpp/protocol.cpp.obj
                0x0800f100                MemoryStreamSink::get_free_space()
 .text._ZN14NullStreamSink13process_bytesEPKhjPj
                0x0800f104       0x32 CMakeFiles/Odrive_protocol.elf.dir/Src/3rdParty/fibre/cpp/protocol.cpp.obj
                0x0800f104                NullStreamSink::process_bytes(unsigned char const*, unsigned int, unsigned int*)
 .text._ZN14NullStreamSink14get_free_spaceEv
                0x0800f136       0x10 CMakeFiles/Odrive_protocol.elf.dir/Src/3rdParty/fibre/cpp/protocol.cpp.obj
                0x0800f136                NullStreamSink::get_free_space()
 .text._ZN8Endpoint10get_stringEPcj
                0x0800f146        0x4 CMakeFiles/Odrive_protocol.elf.dir/Src/3rdParty/fibre/cpp/protocol.cpp.obj
                0x0800f146                Endpoint::get_string(char*, unsigned int)
 .text._ZN8Endpoint10set_stringEPcj
                0x0800f14a        0x4 CMakeFiles/Odrive_protocol.elf.dir/Src/3rdParty/fibre/cpp/protocol.cpp.obj
                0x0800f14a                Endpoint::set_string(char*, unsigned int)
 .text._ZN8Endpoint14set_from_floatEf
                0x0800f14e        0x4 CMakeFiles/Odrive_protocol.elf.dir/Src/3rdParty/fibre/cpp/protocol.cpp.obj
                0x0800f14e                Endpoint::set_from_float(float)
 *fill*         0x0800f152        0x2 
 .text._ZN31BidirectionalPacketBasedChannel14process_packetEPKhj
                0x0800f154       0xd0 CMakeFiles/Odrive_protocol.elf.dir/Src/3rdParty/fibre/cpp/protocol.cpp.obj
                0x0800f154                BidirectionalPacketBasedChannel::process_packet(unsigned char const*, unsigned int)
 .text._Z8calc_crcItLj15717EET_S0_h
                0x0800f224       0x28 CMakeFiles/Odrive_protocol.elf.dir/Src/3rdParty/fibre/cpp/protocol.cpp.obj
 .text._Z8calc_crcItLj15717EET_S0_PKhj
                0x0800f24c       0x18 CMakeFiles/Odrive_protocol.elf.dir/Src/3rdParty/fibre/cpp/protocol.cpp.obj
 .text._Z10calc_crc16ILj15717EEttPKhj
                0x0800f264        0x8 CMakeFiles/Odrive_protocol.elf.dir/Src/3rdParty/fibre/cpp/protocol.cpp.obj
 .text._Z8calc_crcIhLj55EET_S0_h
                0x0800f26c       0x22 CMakeFiles/Odrive_protocol.elf.dir/Src/3rdParty/fibre/cpp/protocol.cpp.obj
 .text._Z8calc_crcIhLj55EET_S0_PKhj
                0x0800f28e       0x18 CMakeFiles/Odrive_protocol.elf.dir/Src/3rdParty/fibre/cpp/protocol.cpp.obj
 .text._Z9calc_crc8ILj55EEhhPKhj
                0x0800f2a6        0x8 CMakeFiles/Odrive_protocol.elf.dir/Src/3rdParty/fibre/cpp/protocol.cpp.obj
 .text._ZN23StreamToPacketSegmenter13process_bytesEPKhjPj
                0x0800f2ae       0xe4 CMakeFiles/Odrive_protocol.elf.dir/Src/3rdParty/fibre/cpp/protocol.cpp.obj
                0x0800f2ae                StreamToPacketSegmenter::process_bytes(unsigned char const*, unsigned int, unsigned int*)
 .text._ZN21StreamBasedPacketSink14process_packetEPKhj
                0x0800f392       0x9a CMakeFiles/Odrive_protocol.elf.dir/Src/3rdParty/fibre/cpp/protocol.cpp.obj
                0x0800f392                StreamBasedPacketSink::process_packet(unsigned char const*, unsigned int)
 .text._ZN16MemoryStreamSink13process_bytesEPKhjPj
                0x0800f42c       0x3a CMakeFiles/Odrive_protocol.elf.dir/Src/3rdParty/fibre/cpp/protocol.cpp.obj
                0x0800f42c                MemoryStreamSink::process_bytes(unsigned char const*, unsigned int, unsigned int*)
 *fill*         0x0800f466        0x2 
 .text._ZN22JSONDescriptorEndpoint10write_jsonEjP10StreamSink
                0x0800f468       0x68 CMakeFiles/Odrive_protocol.elf.dir/Src/3rdParty/fibre/cpp/protocol.cpp.obj
                0x0800f468                JSONDescriptorEndpoint::write_json(unsigned int, StreamSink*)
 .text._ZN22JSONDescriptorEndpoint6handleEPKhjP10StreamSink
                0x0800f4d0       0x78 CMakeFiles/Odrive_protocol.elf.dir/Src/3rdParty/fibre/cpp/protocol.cpp.obj
                0x0800f4d0                JSONDescriptorEndpoint::handle(unsigned char const*, unsigned int, StreamSink*)
 .text._ZN22JSONDescriptorEndpoint18register_endpointsEPP8Endpointjj
                0x0800f548        0xa CMakeFiles/Odrive_protocol.elf.dir/Src/3rdParty/fibre/cpp/protocol.cpp.obj
                0x0800f548                JSONDescriptorEndpoint::register_endpoints(Endpoint**, unsigned int, unsigned int)
 .text._Z27ASCII_protocol_process_linePKhjR10StreamSink
                0x0800f552       0x56 CMakeFiles/Odrive_protocol.elf.dir/Src/Bsp/communication/ascii_processor.cpp.obj
                0x0800f552                ASCII_protocol_process_line(unsigned char const*, unsigned int, StreamSink&)
 .text._Z27ASCII_protocol_parse_streamPKhjR10StreamSink
                0x0800f5a8       0x70 CMakeFiles/Odrive_protocol.elf.dir/Src/Bsp/communication/ascii_processor.cpp.obj
                0x0800f5a8                ASCII_protocol_parse_stream(unsigned char const*, unsigned int, StreamSink&)
 .text.CommunicationTask
                0x0800f618       0x24 CMakeFiles/Odrive_protocol.elf.dir/Src/Bsp/communication/communication.cpp.obj
                0x0800f618                CommunicationTask
 .text.InitCommunication
                0x0800f63c       0x34 CMakeFiles/Odrive_protocol.elf.dir/Src/Bsp/communication/communication.cpp.obj
                0x0800f63c                InitCommunication
 .text._write   0x0800f670       0x30 CMakeFiles/Odrive_protocol.elf.dir/Src/Bsp/communication/communication.cpp.obj
                0x0800f670                _write
 .text._ZN11UART1Sender14get_free_spaceEv
                0x0800f6a0        0x6 CMakeFiles/Odrive_protocol.elf.dir/Src/Bsp/communication/interface_uart.cpp.obj
                0x0800f6a0                UART1Sender::get_free_space()
 .text._ZN11UART2Sender14get_free_spaceEv
                0x0800f6a6        0x6 CMakeFiles/Odrive_protocol.elf.dir/Src/Bsp/communication/interface_uart.cpp.obj
                0x0800f6a6                UART2Sender::get_free_space()
 .text._Z41__static_initialization_and_destruction_0ii
                0x0800f6ac       0xc4 CMakeFiles/Odrive_protocol.elf.dir/Src/Bsp/communication/interface_uart.cpp.obj
 .text._ZL14UartServerTaskPv
                0x0800f770      0x124 CMakeFiles/Odrive_protocol.elf.dir/Src/Bsp/communication/interface_uart.cpp.obj
 .text._ZN11UART1Sender13process_bytesEPKhjPj
                0x0800f894       0x6c CMakeFiles/Odrive_protocol.elf.dir/Src/Bsp/communication/interface_uart.cpp.obj
                0x0800f894                UART1Sender::process_bytes(unsigned char const*, unsigned int, unsigned int*)
 .text._ZN11UART2Sender13process_bytesEPKhjPj
                0x0800f900       0x6c CMakeFiles/Odrive_protocol.elf.dir/Src/Bsp/communication/interface_uart.cpp.obj
                0x0800f900                UART2Sender::process_bytes(unsigned char const*, unsigned int, unsigned int*)
 .text.StartUartServer
                0x0800f96c       0x64 CMakeFiles/Odrive_protocol.elf.dir/Src/Bsp/communication/interface_uart.cpp.obj
                0x0800f96c                StartUartServer
 .text.HAL_UART_TxCpltCallback
                0x0800f9d0       0x38 CMakeFiles/Odrive_protocol.elf.dir/Src/Bsp/communication/interface_uart.cpp.obj
                0x0800f9d0                HAL_UART_TxCpltCallback
 .text._GLOBAL__sub_I_uartServerTaskHandle
                0x0800fa08        0xe CMakeFiles/Odrive_protocol.elf.dir/Src/Bsp/communication/interface_uart.cpp.obj
 .text._ZN27TreatPacketSinkAsStreamSink13process_bytesEPKhjPj
                0x0800fa16       0x42 CMakeFiles/Odrive_protocol.elf.dir/Src/Bsp/communication/interface_usb.cpp.obj
                0x0800fa16                TreatPacketSinkAsStreamSink::process_bytes(unsigned char const*, unsigned int, unsigned int*)
 .text._ZN27TreatPacketSinkAsStreamSink14get_free_spaceEv
                0x0800fa58        0x6 CMakeFiles/Odrive_protocol.elf.dir/Src/Bsp/communication/interface_usb.cpp.obj
                0x0800fa58                TreatPacketSinkAsStreamSink::get_free_space()
 *fill*         0x0800fa5e        0x2 
 .text._Z41__static_initialization_and_destruction_0ii
                0x0800fa60       0x78 CMakeFiles/Odrive_protocol.elf.dir/Src/Bsp/communication/interface_usb.cpp.obj
 .text._ZL13UsbServerTaskPv
                0x0800fad8       0x78 CMakeFiles/Odrive_protocol.elf.dir/Src/Bsp/communication/interface_usb.cpp.obj
 .text._ZN9USBSender14process_packetEPKhj
                0x0800fb50       0x50 CMakeFiles/Odrive_protocol.elf.dir/Src/Bsp/communication/interface_usb.cpp.obj
                0x0800fb50                USBSender::process_packet(unsigned char const*, unsigned int)
 .text.usb_rx_process_packet
                0x0800fba0       0x38 CMakeFiles/Odrive_protocol.elf.dir/Src/Bsp/communication/interface_usb.cpp.obj
                0x0800fba0                usb_rx_process_packet
 .text.StartUsbServer
                0x0800fbd8       0x20 CMakeFiles/Odrive_protocol.elf.dir/Src/Bsp/communication/interface_usb.cpp.obj
                0x0800fbd8                StartUsbServer
 .text._GLOBAL__sub_I_usbServerTaskHandle
                0x0800fbf8        0xe CMakeFiles/Odrive_protocol.elf.dir/Src/Bsp/communication/interface_usb.cpp.obj
 *fill*         0x0800fc06        0x2 
 .text.Main     0x0800fc08       0x40 CMakeFiles/Odrive_protocol.elf.dir/Src/UserApp/main.cpp.obj
                0x0800fc08                Main
 .text._Z7RespondIJEEvR10StreamSinkPKcDpOT_
                0x0800fc48       0x34 CMakeFiles/Odrive_protocol.elf.dir/Src/UserApp/main.cpp.obj
                0x0800fc48                void Respond<>(StreamSink&, char const*)
 .text._Z7LEDTaskPv
                0x0800fc7c       0x2c CMakeFiles/Odrive_protocol.elf.dir/Src/UserApp/main.cpp.obj
                0x0800fc7c                LEDTask(void*)
 .text._Z13OnUsbAsciiCmdPKcjR10StreamSink
                0x0800fca8       0x18 CMakeFiles/Odrive_protocol.elf.dir/Src/UserApp/protocols/ascii_protocol.cpp.obj
                0x0800fca8                OnUsbAsciiCmd(char const*, unsigned int, StreamSink&)
 .text._Z15OnUart2AsciiCmdPKcjR10StreamSink
                0x0800fcc0       0x18 CMakeFiles/Odrive_protocol.elf.dir/Src/UserApp/protocols/ascii_protocol.cpp.obj
                0x0800fcc0                OnUart2AsciiCmd(char const*, unsigned int, StreamSink&)
 .text._Z15OnUart1AsciiCmdPKcjR10StreamSink
                0x0800fcd8       0x38 CMakeFiles/Odrive_protocol.elf.dir/Src/UserApp/protocols/ascii_protocol.cpp.obj
                0x0800fcd8                OnUart1AsciiCmd(char const*, unsigned int, StreamSink&)
 .text._ZN15CRC16Calculator14get_free_spaceEv
                0x0800fd10        0x6 CMakeFiles/Odrive_protocol.elf.dir/Src/UserApp/protocols/cmd_protocol.cpp.obj
                0x0800fd10                CRC16Calculator::get_free_space()
 .text._Z8calc_crcItLj15717EET_S0_h
                0x0800fd16       0x28 CMakeFiles/Odrive_protocol.elf.dir/Src/UserApp/protocols/cmd_protocol.cpp.obj
 .text._Z8calc_crcItLj15717EET_S0_PKhj
                0x0800fd3e       0x18 CMakeFiles/Odrive_protocol.elf.dir/Src/UserApp/protocols/cmd_protocol.cpp.obj
 .text._Z10calc_crc16ILj15717EEttPKhj
                0x0800fd56        0x8 CMakeFiles/Odrive_protocol.elf.dir/Src/UserApp/protocols/cmd_protocol.cpp.obj
 .text._ZN15CRC16Calculator13process_bytesEPKhjPj
                0x0800fd5e       0x1c CMakeFiles/Odrive_protocol.elf.dir/Src/UserApp/protocols/cmd_protocol.cpp.obj
                0x0800fd5e                CRC16Calculator::process_bytes(unsigned char const*, unsigned int, unsigned int*)
 .text._ZN32EndpointProvider_from_MemberListI10MemberListIJ16ProtocolPropertyIKyE16ProtocolFunctionI15HelperFunctionsJSt5tupleIJEES6_IJhEEEEEEE18get_endpoint_countEv
                0x0800fd7a        0x4 CMakeFiles/Odrive_protocol.elf.dir/Src/UserApp/protocols/cmd_protocol.cpp.obj
                0x0800fd7a                EndpointProvider_from_MemberList<MemberList<ProtocolProperty<unsigned long long const>, ProtocolFunction<HelperFunctions, std::tuple<>, std::tuple<unsigned char> > > >::get_endpoint_count()
 .text._ZN32EndpointProvider_from_MemberListI10MemberListIJ16ProtocolPropertyIKyE16ProtocolFunctionI15HelperFunctionsJSt5tupleIJEES6_IJhEEEEEEE18register_endpointsEPP8Endpointjj
                0x0800fd7e       0x3e CMakeFiles/Odrive_protocol.elf.dir/Src/UserApp/protocols/cmd_protocol.cpp.obj
                0x0800fd7e                EndpointProvider_from_MemberList<MemberList<ProtocolProperty<unsigned long long const>, ProtocolFunction<HelperFunctions, std::tuple<>, std::tuple<unsigned char> > > >::register_endpoints(Endpoint**, unsigned int, unsigned int)
 .text._Z11from_stringIKyEbPKcjPT_z
                0x0800fdbc        0x8 CMakeFiles/Odrive_protocol.elf.dir/Src/UserApp/protocols/cmd_protocol.cpp.obj
 .text._ZN16ProtocolPropertyIKyE10set_stringEPcj
                0x0800fdc4       0x14 CMakeFiles/Odrive_protocol.elf.dir/Src/UserApp/protocols/cmd_protocol.cpp.obj
                0x0800fdc4                ProtocolProperty<unsigned long long const>::set_string(char*, unsigned int)
 .text._ZN15HelperFunctions11Change_LED0Ev
                0x0800fdd8       0x14 CMakeFiles/Odrive_protocol.elf.dir/Src/UserApp/protocols/cmd_protocol.cpp.obj
                0x0800fdd8                HelperFunctions::Change_LED0()
 .text._Z9to_stringIyvEbRKT_Pcji
                0x0800fdec       0x24 CMakeFiles/Odrive_protocol.elf.dir/Src/UserApp/protocols/cmd_protocol.cpp.obj
 .text._ZN16ProtocolPropertyIKyE10get_stringEPcj
                0x0800fe10        0xc CMakeFiles/Odrive_protocol.elf.dir/Src/UserApp/protocols/cmd_protocol.cpp.obj
                0x0800fe10                ProtocolProperty<unsigned long long const>::get_string(char*, unsigned int)
 .text._Z9to_stringIhvEbRKT_Pcji
                0x0800fe1c       0x18 CMakeFiles/Odrive_protocol.elf.dir/Src/UserApp/protocols/cmd_protocol.cpp.obj
 .text._ZN16ProtocolPropertyIhE10get_stringEPcj
                0x0800fe34        0xc CMakeFiles/Odrive_protocol.elf.dir/Src/UserApp/protocols/cmd_protocol.cpp.obj
                0x0800fe34                ProtocolProperty<unsigned char>::get_string(char*, unsigned int)
 .text._Z11from_stringIhvEbPKcjPT_i
                0x0800fe40       0x18 CMakeFiles/Odrive_protocol.elf.dir/Src/UserApp/protocols/cmd_protocol.cpp.obj
 .text._ZN16ProtocolPropertyIhE10set_stringEPcj
                0x0800fe58       0x14 CMakeFiles/Odrive_protocol.elf.dir/Src/UserApp/protocols/cmd_protocol.cpp.obj
                0x0800fe58                ProtocolProperty<unsigned char>::set_string(char*, unsigned int)
 .text._ZN32EndpointProvider_from_MemberListI10MemberListIJ16ProtocolPropertyIKyE16ProtocolFunctionI15HelperFunctionsJSt5tupleIJEES6_IJhEEEEEEE11get_by_nameEPcj
                0x0800fe6c       0x38 CMakeFiles/Odrive_protocol.elf.dir/Src/UserApp/protocols/cmd_protocol.cpp.obj
                0x0800fe6c                EndpointProvider_from_MemberList<MemberList<ProtocolProperty<unsigned long long const>, ProtocolFunction<HelperFunctions, std::tuple<>, std::tuple<unsigned char> > > >::get_by_name(char*, unsigned int)
 .text._ZN32EndpointProvider_from_MemberListI10MemberListIJ16ProtocolPropertyIKyE16ProtocolFunctionI15HelperFunctionsJSt5tupleIJEES6_IJhEEEEEEE10write_jsonEjP10StreamSink
                0x0800fea4      0x1ec CMakeFiles/Odrive_protocol.elf.dir/Src/UserApp/protocols/cmd_protocol.cpp.obj
                0x0800fea4                EndpointProvider_from_MemberList<MemberList<ProtocolProperty<unsigned long long const>, ProtocolFunction<HelperFunctions, std::tuple<>, std::tuple<unsigned char> > > >::write_json(unsigned int, StreamSink*)
 .text._Z25make_protocol_ro_propertyIyvE16ProtocolPropertyIKT_EPKcPS1_PFvPvES7_
                0x08010090       0x24 CMakeFiles/Odrive_protocol.elf.dir/Src/UserApp/protocols/cmd_protocol.cpp.obj
                0x08010090                ProtocolProperty<unsigned long long const> make_protocol_ro_property<unsigned long long, void>(char const*, unsigned long long*, void (*)(void*), void*)
 .text._Z22make_protocol_propertyIhvE16ProtocolPropertyIT_EPKcPS1_PFvPvES6_
                0x080100b4       0x24 CMakeFiles/Odrive_protocol.elf.dir/Src/UserApp/protocols/cmd_protocol.cpp.obj
                0x080100b4                ProtocolProperty<unsigned char> make_protocol_property<unsigned char, void>(char const*, unsigned char*, void (*)(void*), void*)
 .text._Z25make_protocol_member_listIJ16ProtocolPropertyIKyE16ProtocolFunctionI15HelperFunctionsJSt5tupleIJEES5_IJhEEEEEE10MemberListIJDpT_EEDpOSA_
                0x080100d8       0x7c CMakeFiles/Odrive_protocol.elf.dir/Src/UserApp/protocols/cmd_protocol.cpp.obj
                0x080100d8                MemberList<ProtocolProperty<unsigned long long const>, ProtocolFunction<HelperFunctions, std::tuple<>, std::tuple<unsigned char> > > make_protocol_member_list<ProtocolProperty<unsigned long long const>, ProtocolFunction<HelperFunctions, std::tuple<>, std::tuple<unsigned char> > >(ProtocolProperty<unsigned long long const>&&, ProtocolFunction<HelperFunctions, std::tuple<>, std::tuple<unsigned char> >&&)
 .text._Z22make_protocol_functionI15HelperFunctionshJEJEvE16ProtocolFunctionIT_JSt5tupleIJDpT1_EES3_IJT0_EEEEPKcRS2_MS2_FS7_S5_EDpT2_
                0x08010154       0x78 CMakeFiles/Odrive_protocol.elf.dir/Src/UserApp/protocols/cmd_protocol.cpp.obj