Archive member included to satisfy reference by file (symbol)

d:/stm32_dk/gcc-arm-none-eabi/bin/../lib/gcc/arm-none-eabi/10.3.1/thumb/v7e-m+fp/hard\libgcc.a(_aeabi_uldivmod.o)
                              CMakeFiles/Odrive_protocol.elf.dir/Drivers/STM32F4xx_HAL_Driver/Src/stm32f4xx_hal_rcc.c.obj (__aeabi_uldivmod)
d:/stm32_dk/gcc-arm-none-eabi/bin/../lib/gcc/arm-none-eabi/10.3.1/thumb/v7e-m+fp/hard\libgcc.a(_udivmoddi4.o)
                              d:/stm32_dk/gcc-arm-none-eabi/bin/../lib/gcc/arm-none-eabi/10.3.1/thumb/v7e-m+fp/hard\libgcc.a(_aeabi_uldivmod.o) (__udivmoddi4)
d:/stm32_dk/gcc-arm-none-eabi/bin/../lib/gcc/arm-none-eabi/10.3.1/thumb/v7e-m+fp/hard\libgcc.a(_dvmd_tls.o)
                              d:/stm32_dk/gcc-arm-none-eabi/bin/../lib/gcc/arm-none-eabi/10.3.1/thumb/v7e-m+fp/hard\libgcc.a(_aeabi_uldivmod.o) (__aeabi_ldiv0)
d:/stm32_dk/gcc-arm-none-eabi/bin/../lib/gcc/arm-none-eabi/10.3.1/../../../../arm-none-eabi/lib/thumb/v7e-m+fp/hard\libg.a(lib_a-errno.o)
                              CMakeFiles/Odrive_protocol.elf.dir/Core/Src/syscalls.c.obj (__errno)
d:/stm32_dk/gcc-arm-none-eabi/bin/../lib/gcc/arm-none-eabi/10.3.1/../../../../arm-none-eabi/lib/thumb/v7e-m+fp/hard\libg.a(lib_a-exit.o)
                              d:/stm32_dk/gcc-arm-none-eabi/bin/../lib/gcc/arm-none-eabi/10.3.1/../../../../arm-none-eabi/lib/thumb/v7e-m+fp/hard/crt0.o (exit)
d:/stm32_dk/gcc-arm-none-eabi/bin/../lib/gcc/arm-none-eabi/10.3.1/../../../../arm-none-eabi/lib/thumb/v7e-m+fp/hard\libg.a(lib_a-impure.o)
                              d:/stm32_dk/gcc-arm-none-eabi/bin/../lib/gcc/arm-none-eabi/10.3.1/../../../../arm-none-eabi/lib/thumb/v7e-m+fp/hard\libg.a(lib_a-exit.o) (_global_impure_ptr)
d:/stm32_dk/gcc-arm-none-eabi/bin/../lib/gcc/arm-none-eabi/10.3.1/../../../../arm-none-eabi/lib/thumb/v7e-m+fp/hard\libg.a(lib_a-init.o)
                              d:/stm32_dk/gcc-arm-none-eabi/bin/../lib/gcc/arm-none-eabi/10.3.1/../../../../arm-none-eabi/lib/thumb/v7e-m+fp/hard/crt0.o (__libc_init_array)
d:/stm32_dk/gcc-arm-none-eabi/bin/../lib/gcc/arm-none-eabi/10.3.1/../../../../arm-none-eabi/lib/thumb/v7e-m+fp/hard\libg.a(lib_a-memcpy.o)
                              CMakeFiles/Odrive_protocol.elf.dir/Middlewares/Third_Party/FreeRTOS/Source/CMSIS_RTOS_V2/cmsis_os2.c.obj (memcpy)
d:/stm32_dk/gcc-arm-none-eabi/bin/../lib/gcc/arm-none-eabi/10.3.1/../../../../arm-none-eabi/lib/thumb/v7e-m+fp/hard\libg.a(lib_a-memset.o)
                              d:/stm32_dk/gcc-arm-none-eabi/bin/../lib/gcc/arm-none-eabi/10.3.1/../../../../arm-none-eabi/lib/thumb/v7e-m+fp/hard/crt0.o (memset)
d:/stm32_dk/gcc-arm-none-eabi/bin/../lib/gcc/arm-none-eabi/10.3.1/../../../../arm-none-eabi/lib/thumb/v7e-m+fp/hard\libg.a(lib_a-__call_atexit.o)
                              d:/stm32_dk/gcc-arm-none-eabi/bin/../lib/gcc/arm-none-eabi/10.3.1/../../../../arm-none-eabi/lib/thumb/v7e-m+fp/hard\libg.a(lib_a-exit.o) (__call_exitprocs)
d:/stm32_dk/gcc-arm-none-eabi/bin/../lib/gcc/arm-none-eabi/10.3.1/../../../../arm-none-eabi/lib/thumb/v7e-m+fp/hard\libg.a(lib_a-atexit.o)
                              d:/stm32_dk/gcc-arm-none-eabi/bin/../lib/gcc/arm-none-eabi/10.3.1/../../../../arm-none-eabi/lib/thumb/v7e-m+fp/hard\libg.a(lib_a-__call_atexit.o) (atexit)
d:/stm32_dk/gcc-arm-none-eabi/bin/../lib/gcc/arm-none-eabi/10.3.1/../../../../arm-none-eabi/lib/thumb/v7e-m+fp/hard\libg.a(lib_a-fini.o)
                              d:/stm32_dk/gcc-arm-none-eabi/bin/../lib/gcc/arm-none-eabi/10.3.1/../../../../arm-none-eabi/lib/thumb/v7e-m+fp/hard\libg.a(lib_a-__call_atexit.o) (__libc_fini_array)
d:/stm32_dk/gcc-arm-none-eabi/bin/../lib/gcc/arm-none-eabi/10.3.1/../../../../arm-none-eabi/lib/thumb/v7e-m+fp/hard\libg.a(lib_a-lock.o)
                              d:/stm32_dk/gcc-arm-none-eabi/bin/../lib/gcc/arm-none-eabi/10.3.1/../../../../arm-none-eabi/lib/thumb/v7e-m+fp/hard\libg.a(lib_a-__call_atexit.o) (__retarget_lock_acquire_recursive)
d:/stm32_dk/gcc-arm-none-eabi/bin/../lib/gcc/arm-none-eabi/10.3.1/../../../../arm-none-eabi/lib/thumb/v7e-m+fp/hard\libg.a(lib_a-__atexit.o)
                              d:/stm32_dk/gcc-arm-none-eabi/bin/../lib/gcc/arm-none-eabi/10.3.1/../../../../arm-none-eabi/lib/thumb/v7e-m+fp/hard\libg.a(lib_a-atexit.o) (__register_exitproc)

Discarded input sections

 .text          0x00000000        0x0 d:/stm32_dk/gcc-arm-none-eabi/bin/../lib/gcc/arm-none-eabi/10.3.1/thumb/v7e-m+fp/hard/crti.o
 .data          0x00000000        0x0 d:/stm32_dk/gcc-arm-none-eabi/bin/../lib/gcc/arm-none-eabi/10.3.1/thumb/v7e-m+fp/hard/crti.o
 .bss           0x00000000        0x0 d:/stm32_dk/gcc-arm-none-eabi/bin/../lib/gcc/arm-none-eabi/10.3.1/thumb/v7e-m+fp/hard/crti.o
 .data          0x00000000        0x4 d:/stm32_dk/gcc-arm-none-eabi/bin/../lib/gcc/arm-none-eabi/10.3.1/thumb/v7e-m+fp/hard/crtbegin.o
 .rodata        0x00000000       0x24 d:/stm32_dk/gcc-arm-none-eabi/bin/../lib/gcc/arm-none-eabi/10.3.1/thumb/v7e-m+fp/hard/crtbegin.o
[...]
Memory Configuration

Name             Origin             Length             Attributes
RAM              0x20000000         0x00020000         xrw
FLASH            0x08000000         0x00080000         xr
*default*        0x00000000         0xffffffff

Linker script and memory map

LOAD d:/stm32_dk/gcc-arm-none-eabi/bin/../lib/gcc/arm-none-eabi/10.3.1/thumb/v7e-m+fp/hard/crti.o
LOAD d:/stm32_dk/gcc-arm-none-eabi/bin/../lib/gcc/arm-none-eabi/10.3.1/thumb/v7e-m+fp/hard/crtbegin.o
LOAD d:/stm32_dk/gcc-arm-none-eabi/bin/../lib/gcc/arm-none-eabi/10.3.1/../../../../arm-none-eabi/lib/thumb/v7e-m+fp/hard/crt0.o
LOAD CMakeFiles/Odrive_protocol.elf.dir/Core/Src/dma.c.obj
LOAD CMakeFiles/Odrive_protocol.elf.dir/Core/Src/freertos.c.obj
LOAD CMakeFiles/Odrive_protocol.elf.dir/Core/Src/gpio.c.obj
LOAD CMakeFiles/Odrive_protocol.elf.dir/Core/Src/main.c.obj
LOAD CMakeFiles/Odrive_protocol.elf.dir/Core/Src/stm32f4xx_hal_msp.c.obj
LOAD CMakeFiles/Odrive_protocol.elf.dir/Core/Src/stm32f4xx_hal_timebase_tim.c.obj
LOAD CMakeFiles/Odrive_protocol.elf.dir/Core/Src/stm32f4xx_it.c.obj
LOAD CMakeFiles/Odrive_protocol.elf.dir/Core/Src/syscalls.c.obj
LOAD CMakeFiles/Odrive_protocol.elf.dir/Core/Src/system_stm32f4xx.c.obj
LOAD CMakeFiles/Odrive_protocol.elf.dir/Core/Src/usart.c.obj
LOAD CMakeFiles/Odrive_protocol.elf.dir/Drivers/STM32F4xx_HAL_Driver/Src/stm32f4xx_hal.c.obj
LOAD CMakeFiles/Odrive_protocol.elf.dir/Drivers/STM32F4xx_HAL_Driver/Src/stm32f4xx_hal_cortex.c.obj
LOAD CMakeFiles/Odrive_protocol.elf.dir/Drivers/STM32F4xx_HAL_Driver/Src/stm32f4xx_hal_dma.c.obj
LOAD CMakeFiles/Odrive_protocol.elf.dir/Drivers/STM32F4xx_HAL_Driver/Src/stm32f4xx_hal_dma_ex.c.obj
LOAD CMakeFiles/Odrive_protocol.elf.dir/Drivers/STM32F4xx_HAL_Driver/Src/stm32f4xx_hal_exti.c.obj
LOAD CMakeFiles/Odrive_protocol.elf.dir/Drivers/STM32F4xx_HAL_Driver/Src/stm32f4xx_hal_flash.c.obj
LOAD CMakeFiles/Odrive_protocol.elf.dir/Drivers/STM32F4xx_HAL_Driver/Src/stm32f4xx_hal_flash_ex.c.obj
LOAD CMakeFiles/Odrive_protocol.elf.dir/Drivers/STM32F4xx_HAL_Driver/Src/stm32f4xx_hal_flash_ramfunc.c.obj
LOAD CMakeFiles/Odrive_protocol.elf.dir/Drivers/STM32F4xx_HAL_Driver/Src/stm32f4xx_hal_gpio.c.obj
LOAD CMakeFiles/Odrive_protocol.elf.dir/Drivers/STM32F4xx_HAL_Driver/Src/stm32f4xx_hal_pcd.c.obj
LOAD CMakeFiles/Odrive_protocol.elf.dir/Drivers/STM32F4xx_HAL_Driver/Src/stm32f4xx_hal_pcd_ex.c.obj
LOAD CMakeFiles/Odrive_protocol.elf.dir/Drivers/STM32F4xx_HAL_Driver/Src/stm32f4xx_hal_pwr.c.obj
LOAD CMakeFiles/Odrive_protocol.elf.dir/Drivers/STM32F4xx_HAL_Driver/Src/stm32f4xx_hal_pwr_ex.c.obj
LOAD CMakeFiles/Odrive_protocol.elf.dir/Drivers/STM32F4xx_HAL_Driver/Src/stm32f4xx_hal_rcc.c.obj
LOAD CMakeFiles/Odrive_protocol.elf.dir/Drivers/STM32F4xx_HAL_Driver/Src/stm32f4xx_hal_rcc_ex.c.obj
LOAD CMakeFiles/Odrive_protocol.elf.dir/Drivers/STM32F4xx_HAL_Driver/Src/stm32f4xx_hal_tim.c.obj
LOAD CMakeFiles/Odrive_protocol.elf.dir/Drivers/STM32F4xx_HAL_Driver/Src/stm32f4xx_hal_tim_ex.c.obj
LOAD CMakeFiles/Odrive_protocol.elf.dir/Drivers/STM32F4xx_HAL_Driver/Src/stm32f4xx_hal_uart.c.obj
LOAD CMakeFiles/Odrive_protocol.elf.dir/Drivers/STM32F4xx_HAL_Driver/Src/stm32f4xx_ll_usb.c.obj
LOAD CMakeFiles/Odrive_protocol.elf.dir/Middlewares/ST/STM32_USB_Device_Library/Class/CDC/Src/usbd_cdc.c.obj
LOAD CMakeFiles/Odrive_protocol.elf.dir/Middlewares/ST/STM32_USB_Device_Library/Core/Src/usbd_core.c.obj
LOAD CMakeFiles/Odrive_protocol.elf.dir/Middlewares/ST/STM32_USB_Device_Library/Core/Src/usbd_ctlreq.c.obj
LOAD CMakeFiles/Odrive_protocol.elf.dir/Middlewares/ST/STM32_USB_Device_Library/Core/Src/usbd_ioreq.c.obj
LOAD CMakeFiles/Odrive_protocol.elf.dir/Middlewares/Third_Party/FreeRTOS/Source/CMSIS_RTOS_V2/cmsis_os2.c.obj
LOAD CMakeFiles/Odrive_protocol.elf.dir/Middlewares/Third_Party/FreeRTOS/Source/croutine.c.obj
LOAD CMakeFiles/Odrive_protocol.elf.dir/Middlewares/Third_Party/FreeRTOS/Source/event_groups.c.obj
LOAD CMakeFiles/Odrive_protocol.elf.dir/Middlewares/Third_Party/FreeRTOS/Source/list.c.obj
LOAD CMakeFiles/Odrive_protocol.elf.dir/Middlewares/Third_Party/FreeRTOS/Source/portable/GCC/ARM_CM4F/port.c.obj
LOAD CMakeFiles/Odrive_protocol.elf.dir/Middlewares/Third_Party/FreeRTOS/Source/portable/MemMang/heap_4.c.obj
LOAD CMakeFiles/Odrive_protocol.elf.dir/Middlewares/Third_Party/FreeRTOS/Source/queue.c.obj
LOAD CMakeFiles/Odrive_protocol.elf.dir/Middlewares/Third_Party/FreeRTOS/Source/stream_buffer.c.obj
LOAD CMakeFiles/Odrive_protocol.elf.dir/Middlewares/Third_Party/FreeRTOS/Source/tasks.c.obj
LOAD CMakeFiles/Odrive_protocol.elf.dir/Middlewares/Third_Party/FreeRTOS/Source/timers.c.obj
LOAD CMakeFiles/Odrive_protocol.elf.dir/USB_DEVICE/App/usb_device.c.obj
LOAD CMakeFiles/Odrive_protocol.elf.dir/USB_DEVICE/App/usbd_cdc_if.c.obj
LOAD CMakeFiles/Odrive_protocol.elf.dir/USB_DEVICE/App/usbd_desc.c.obj
LOAD CMakeFiles/Odrive_protocol.elf.dir/USB_DEVICE/Target/usbd_conf.c.obj
LOAD CMakeFiles/Odrive_protocol.elf.dir/startup/startup_stm32f411xe.s.obj
START GROUP
LOAD d:/stm32_dk/gcc-arm-none-eabi/bin/../lib/gcc/arm-none-eabi/10.3.1/thumb/v7e-m+fp/hard\libgcc.a
LOAD d:/stm32_dk/gcc-arm-none-eabi/bin/../lib/gcc/arm-none-eabi/10.3.1/../../../../arm-none-eabi/lib/thumb/v7e-m+fp/hard\libg.a
LOAD d:/stm32_dk/gcc-arm-none-eabi/bin/../lib/gcc/arm-none-eabi/10.3.1/../../../../arm-none-eabi/lib/thumb/v7e-m+fp/hard\libc.a
END GROUP
LOAD d:/stm32_dk/gcc-arm-none-eabi/bin/../lib/gcc/arm-none-eabi/10.3.1/thumb/v7e-m+fp/hard/crtend.o
LOAD d:/stm32_dk/gcc-arm-none-eabi/bin/../lib/gcc/arm-none-eabi/10.3.1/thumb/v7e-m+fp/hard/crtn.o
                0x20020000                _estack = (ORIGIN (RAM) + LENGTH (RAM))
                0x00000200                _Min_Heap_Size = 0x200
                0x00000400                _Min_Stack_Size = 0x400

.isr_vector     0x08000000      0x198
                0x08000000                . = ALIGN (0x4)
 *(.isr_vector)
 .isr_vector    0x08000000      0x198 CMakeFiles/Odrive_protocol.elf.dir/startup/startup_stm32f411xe.s.obj
                0x08000000                g_pfnVectors
                0x08000198                . = ALIGN (0x4)

.text           0x080001a0     0x6dd8
                0x080001a0                . = ALIGN (0x4)
 *(.text)
 .text          0x080001a0       0x40 d:/stm32_dk/gcc-arm-none-eabi/bin/../lib/gcc/arm-none-eabi/10.3.1/thumb/v7e-m+fp/hard/crtbegin.o
 .text          0x080001e0       0x30 d:/stm32_dk/gcc-arm-none-eabi/bin/../lib/gcc/arm-none-eabi/10.3.1/thumb/v7e-m+fp/hard\libgcc.a(_aeabi_uldivmod.o)
                0x080001e0                __aeabi_uldivmod
 .text          0x08000210      0x2d0 d:/stm32_dk/gcc-arm-none-eabi/bin/../lib/gcc/arm-none-eabi/10.3.1/thumb/v7e-m+fp/hard\libgcc.a(_udivmoddi4.o)
                0x08000210                __udivmoddi4
 .text          0x080004e0        0x4 d:/stm32_dk/gcc-arm-none-eabi/bin/../lib/gcc/arm-none-eabi/10.3.1/thumb/v7e-m+fp/hard\libgcc.a(_dvmd_tls.o)
                0x080004e0                __aeabi_idiv0
                0x080004e0                __aeabi_ldiv0
 .text          0x080004e4      0x134 d:/stm32_dk/gcc-arm-none-eabi/bin/../lib/gcc/arm-none-eabi/10.3.1/../../../../arm-none-eabi/lib/thumb/v7e-m+fp/hard\libg.a(lib_a-memcpy.o)
                0x080004e4                memcpy
 *(.text*)
 .text.MX_DMA_Init
                0x08000618       0x78 CMakeFiles/Odrive_protocol.elf.dir/Core/Src/dma.c.obj
                0x08000618                MX_DMA_Init
 .text.StartDefaultTask
                0x08000690        0xe CMakeFiles/Odrive_protocol.elf.dir/Core/Src/freertos.c.obj
                0x08000690                StartDefaultTask
 *fill*         0x0800069e        0x2 
 .text.MX_FREERTOS_Init
                0x080006a0       0x20 CMakeFiles/Odrive_protocol.elf.dir/Core/Src/freertos.c.obj
                0x080006a0                MX_FREERTOS_Init
 .text.MX_GPIO_Init
                0x080006c0       0x68 CMakeFiles/Odrive_protocol.elf.dir/Core/Src/gpio.c.obj
                0x080006c0                MX_GPIO_Init
 .text.HAL_TIM_PeriodElapsedCallback
                0x08000728       0x18 CMakeFiles/Odrive_protocol.elf.dir/Core/Src/main.c.obj
                0x08000728                HAL_TIM_PeriodElapsedCallback
 .text.Error_Handler
                0x08000740        0x4 CMakeFiles/Odrive_protocol.elf.dir/Core/Src/main.c.obj
                0x08000740                Error_Handler
 .text.SystemClock_Config
                0x08000744       0xa4 CMakeFiles/Odrive_protocol.elf.dir/Core/Src/main.c.obj
                0x08000744                SystemClock_Config
 .text.main     0x080007e8       0x28 CMakeFiles/Odrive_protocol.elf.dir/Core/Src/main.c.obj
                0x080007e8                main
 .text.HAL_MspInit
                0x08000810       0x44 CMakeFiles/Odrive_protocol.elf.dir/Core/Src/stm32f4xx_hal_msp.c.obj
                0x08000810                HAL_MspInit
 .text.HAL_InitTick
                0x08000854       0x78 CMakeFiles/Odrive_protocol.elf.dir/Core/Src/stm32f4xx_hal_timebase_tim.c.obj
                0x08000854                HAL_InitTick
 .text.NMI_Handler
                0x080008cc        0x2 CMakeFiles/Odrive_protocol.elf.dir/Core/Src/stm32f4xx_it.c.obj
                0x080008cc                NMI_Handler
 .text.HardFault_Handler
                0x080008ce        0x2 CMakeFiles/Odrive_protocol.elf.dir/Core/Src/stm32f4xx_it.c.obj
                0x080008ce                HardFault_Handler
 .text.MemManage_Handler
                0x080008d0        0x2 CMakeFiles/Odrive_protocol.elf.dir/Core/Src/stm32f4xx_it.c.obj
                0x080008d0                MemManage_Handler
 .text.BusFault_Handler
                0x080008d2        0x2 CMakeFiles/Odrive_protocol.elf.dir/Core/Src/stm32f4xx_it.c.obj
                0x080008d2                BusFault_Handler
 .text.UsageFault_Handler
                0x080008d4        0x2 CMakeFiles/Odrive_protocol.elf.dir/Core/Src/stm32f4xx_it.c.obj
                0x080008d4                UsageFault_Handler
 .text.DebugMon_Handler
                0x080008d6        0x2 CMakeFiles/Odrive_protocol.elf.dir/Core/Src/stm32f4xx_it.c.obj
                0x080008d6                DebugMon_Handler
 .text.DMA1_Stream5_IRQHandler
                0x080008d8       0x10 CMakeFiles/Odrive_protocol.elf.dir/Core/Src/stm32f4xx_it.c.obj
                0x080008d8                DMA1_Stream5_IRQHandler
 .text.DMA1_Stream6_IRQHandler
                0x080008e8       0x10 CMakeFiles/Odrive_protocol.elf.dir/Core/Src/stm32f4xx_it.c.obj
                0x080008e8                DMA1_Stream6_IRQHandler
 .text.TIM1_UP_TIM10_IRQHandler
                0x080008f8       0x10 CMakeFiles/Odrive_protocol.elf.dir/Core/Src/stm32f4xx_it.c.obj
                0x080008f8                TIM1_UP_TIM10_IRQHandler
 .text.USART1_IRQHandler
                0x08000908       0x10 CMakeFiles/Odrive_protocol.elf.dir/Core/Src/stm32f4xx_it.c.obj
                0x08000908                USART1_IRQHandler
 .text.USART2_IRQHandler
                0x08000918       0x10 CMakeFiles/Odrive_protocol.elf.dir/Core/Src/stm32f4xx_it.c.obj
                0x08000918                USART2_IRQHandler
 .text.DMA2_Stream2_IRQHandler
                0x08000928       0x10 CMakeFiles/Odrive_protocol.elf.dir/Core/Src/stm32f4xx_it.c.obj
                0x08000928                DMA2_Stream2_IRQHandler
 .text.OTG_FS_IRQHandler
                0x08000938       0x10 CMakeFiles/Odrive_protocol.elf.dir/Core/Src/stm32f4xx_it.c.obj
                0x08000938                OTG_FS_IRQHandler
 .text.DMA2_Stream7_IRQHandler
                0x08000948       0x10 CMakeFiles/Odrive_protocol.elf.dir/Core/Src/stm32f4xx_it.c.obj
                0x08000948                DMA2_Stream7_IRQHandler
 .text.SystemInit
                0x08000958       0x14 CMakeFiles/Odrive_protocol.elf.dir/Core/Src/system_stm32f4xx.c.obj
                0x08000958                SystemInit
 .text.MX_USART1_UART_Init
                0x0800096c       0x34 CMakeFiles/Odrive_protocol.elf.dir/Core/Src/usart.c.obj
                0x0800096c                MX_USART1_UART_Init
 .text.MX_USART2_UART_Init
                0x080009a0       0x34 CMakeFiles/Odrive_protocol.elf.dir/Core/Src/usart.c.obj
                0x080009a0                MX_USART2_UART_Init
 .text.HAL_UART_MspInit
                0x080009d4      0x1dc CMakeFiles/Odrive_protocol.elf.dir/Core/Src/usart.c.obj
                0x080009d4                HAL_UART_MspInit
 .text.HAL_Init
                0x08000bb0       0x34 CMakeFiles/Odrive_protocol.elf.dir/Drivers/STM32F4xx_HAL_Driver/Src/stm32f4xx_hal.c.obj
                0x08000bb0                HAL_Init
 .text.HAL_IncTick
                0x08000be4       0x18 CMakeFiles/Odrive_protocol.elf.dir/Drivers/STM32F4xx_HAL_Driver/Src/stm32f4xx_hal.c.obj
                0x08000be4                HAL_IncTick
 .text.HAL_GetTick
                0x08000bfc        0xc CMakeFiles/Odrive_protocol.elf.dir/Drivers/STM32F4xx_HAL_Driver/Src/stm32f4xx_hal.c.obj
                0x08000bfc                HAL_GetTick
 .text.HAL_Delay
                0x08000c08       0x28 CMakeFiles/Odrive_protocol.elf.dir/Drivers/STM32F4xx_HAL_Driver/Src/stm32f4xx_hal.c.obj
                0x08000c08                HAL_Delay
 .text.HAL_NVIC_SetPriorityGrouping
                0x08000c30       0x24 CMakeFiles/Odrive_protocol.elf.dir/Drivers/STM32F4xx_HAL_Driver/Src/stm32f4xx_hal_cortex.c.obj
                0x08000c30                HAL_NVIC_SetPriorityGrouping
 .text.HAL_NVIC_SetPriority
                0x08000c54       0x70 CMakeFiles/Odrive_protocol.elf.dir/Drivers/STM32F4xx_HAL_Driver/Src/stm32f4xx_hal_cortex.c.obj
                0x08000c54                HAL_NVIC_SetPriority
 .text.HAL_NVIC_EnableIRQ
                0x08000cc4       0x1c CMakeFiles/Odrive_protocol.elf.dir/Drivers/STM32F4xx_HAL_Driver/Src/stm32f4xx_hal_cortex.c.obj
                0x08000cc4                HAL_NVIC_EnableIRQ
 .text.DMA_CalcBaseAndBitshift
                0x08000ce0       0x44 CMakeFiles/Odrive_protocol.elf.dir/Drivers/STM32F4xx_HAL_Driver/Src/stm32f4xx_hal_dma.c.obj
 .text.DMA_CheckFifoParam
                0x08000d24       0x8e CMakeFiles/Odrive_protocol.elf.dir/Drivers/STM32F4xx_HAL_Driver/Src/stm32f4xx_hal_dma.c.obj
 *fill*         0x08000db2        0x2 
 .text.HAL_DMA_Init
                0x08000db4       0xcc CMakeFiles/Odrive_protocol.elf.dir/Drivers/STM32F4xx_HAL_Driver/Src/stm32f4xx_hal_dma.c.obj
                0x08000db4                HAL_DMA_Init
 .text.HAL_DMA_Abort
                0x08000e80       0x94 CMakeFiles/Odrive_protocol.elf.dir/Drivers/STM32F4xx_HAL_Driver/Src/stm32f4xx_hal_dma.c.obj
                0x08000e80                HAL_DMA_Abort
 .text.HAL_DMA_Abort_IT
                0x08000f14       0x26 CMakeFiles/Odrive_protocol.elf.dir/Drivers/STM32F4xx_HAL_Driver/Src/stm32f4xx_hal_dma.c.obj
                0x08000f14                HAL_DMA_Abort_IT
 *fill*         0x08000f3a        0x2 
 .text.HAL_DMA_IRQHandler
                0x08000f3c      0x1dc CMakeFiles/Odrive_protocol.elf.dir/Drivers/STM32F4xx_HAL_Driver/Src/stm32f4xx_hal_dma.c.obj
                0x08000f3c                HAL_DMA_IRQHandler
 .text.HAL_GPIO_Init
                0x08001118      0x1c0 CMakeFiles/Odrive_protocol.elf.dir/Drivers/STM32F4xx_HAL_Driver/Src/stm32f4xx_hal_gpio.c.obj
                0x08001118                HAL_GPIO_Init
 .text.HAL_GPIO_WritePin
                0x080012d8        0xc CMakeFiles/Odrive_protocol.elf.dir/Drivers/STM32F4xx_HAL_Driver/Src/stm32f4xx_hal_gpio.c.obj
                0x080012d8                HAL_GPIO_WritePin
 .text.PCD_WriteEmptyTxFifo
                0x080012e4       0xd0 CMakeFiles/Odrive_protocol.elf.dir/Drivers/STM32F4xx_HAL_Driver/Src/stm32f4xx_hal_pcd.c.obj
 .text.HAL_PCD_Init
                0x080013b4      0x12e CMakeFiles/Odrive_protocol.elf.dir/Drivers/STM32F4xx_HAL_Driver/Src/stm32f4xx_hal_pcd.c.obj
                0x080013b4                HAL_PCD_Init
 .text.HAL_PCD_Start
                0x080014e2       0x42 CMakeFiles/Odrive_protocol.elf.dir/Drivers/STM32F4xx_HAL_Driver/Src/stm32f4xx_hal_pcd.c.obj
                0x080014e2                HAL_PCD_Start
 .text.PCD_EP_OutXfrComplete_int
                0x08001524      0x104 CMakeFiles/Odrive_protocol.elf.dir/Drivers/STM32F4xx_HAL_Driver/Src/stm32f4xx_hal_pcd.c.obj
 .text.PCD_EP_OutSetupPacket_int
                0x08001628       0x50 CMakeFiles/Odrive_protocol.elf.dir/Drivers/STM32F4xx_HAL_Driver/Src/stm32f4xx_hal_pcd.c.obj
 .text.HAL_PCD_SetAddress
                0x08001678       0x28 CMakeFiles/Odrive_protocol.elf.dir/Drivers/STM32F4xx_HAL_Driver/Src/stm32f4xx_hal_pcd.c.obj
                0x08001678                HAL_PCD_SetAddress
 .text.HAL_PCD_EP_Open
                0x080016a0       0x8a CMakeFiles/Odrive_protocol.elf.dir/Drivers/STM32F4xx_HAL_Driver/Src/stm32f4xx_hal_pcd.c.obj
                0x080016a0                HAL_PCD_EP_Open
 .text.HAL_PCD_EP_Close
                0x0800172a       0x72 CMakeFiles/Odrive_protocol.elf.dir/Drivers/STM32F4xx_HAL_Driver/Src/stm32f4xx_hal_pcd.c.obj
                0x0800172a                HAL_PCD_EP_Close
 .text.HAL_PCD_EP_Receive
                0x0800179c       0x5e CMakeFiles/Odrive_protocol.elf.dir/Drivers/STM32F4xx_HAL_Driver/Src/stm32f4xx_hal_pcd.c.obj
                0x0800179c                HAL_PCD_EP_Receive
 .text.HAL_PCD_EP_GetRxCount
                0x080017fa       0x12 CMakeFiles/Odrive_protocol.elf.dir/Drivers/STM32F4xx_HAL_Driver/Src/stm32f4xx_hal_pcd.c.obj
                0x080017fa                HAL_PCD_EP_GetRxCount
 .text.HAL_PCD_EP_Transmit
                0x0800180c       0x5e CMakeFiles/Odrive_protocol.elf.dir/Drivers/STM32F4xx_HAL_Driver/Src/stm32f4xx_hal_pcd.c.obj
                0x0800180c                HAL_PCD_EP_Transmit
 .text.HAL_PCD_EP_SetStall
                0x0800186a       0x88 CMakeFiles/Odrive_protocol.elf.dir/Drivers/STM32F4xx_HAL_Driver/Src/stm32f4xx_hal_pcd.c.obj
                0x0800186a                HAL_PCD_EP_SetStall
 .text.HAL_PCD_EP_ClrStall
                0x080018f2       0x76 CMakeFiles/Odrive_protocol.elf.dir/Drivers/STM32F4xx_HAL_Driver/Src/stm32f4xx_hal_pcd.c.obj
                0x080018f2                HAL_PCD_EP_ClrStall
 .text.HAL_PCD_EP_Abort
                0x08001968       0x34 CMakeFiles/Odrive_protocol.elf.dir/Drivers/STM32F4xx_HAL_Driver/Src/stm32f4xx_hal_pcd.c.obj
                0x08001968                HAL_PCD_EP_Abort
 .text.HAL_PCD_IRQHandler
                0x0800199c      0x5c4 CMakeFiles/Odrive_protocol.elf.dir/Drivers/STM32F4xx_HAL_Driver/Src/stm32f4xx_hal_pcd.c.obj
                0x0800199c                HAL_PCD_IRQHandler
 .text.HAL_PCDEx_SetTxFiFo
                0x08001f60       0x4c CMakeFiles/Odrive_protocol.elf.dir/Drivers/STM32F4xx_HAL_Driver/Src/stm32f4xx_hal_pcd_ex.c.obj
                0x08001f60                HAL_PCDEx_SetTxFiFo
 .text.HAL_PCDEx_SetRxFiFo
                0x08001fac        0x8 CMakeFiles/Odrive_protocol.elf.dir/Drivers/STM32F4xx_HAL_Driver/Src/stm32f4xx_hal_pcd_ex.c.obj
                0x08001fac                HAL_PCDEx_SetRxFiFo
 .text.HAL_PCDEx_LPM_Callback
                0x08001fb4        0x2 CMakeFiles/Odrive_protocol.elf.dir/Drivers/STM32F4xx_HAL_Driver/Src/stm32f4xx_hal_pcd_ex.c.obj
                0x08001fb4                HAL_PCDEx_LPM_Callback
 *fill*         0x08001fb6        0x2 
 .text.HAL_RCC_OscConfig
                0x08001fb8      0x3f8 CMakeFiles/Odrive_protocol.elf.dir/Drivers/STM32F4xx_HAL_Driver/Src/stm32f4xx_hal_rcc.c.obj
                0x08001fb8                HAL_RCC_OscConfig
 .text.HAL_RCC_GetSysClockFreq
                0x080023b0       0xa4 CMakeFiles/Odrive_protocol.elf.dir/Drivers/STM32F4xx_HAL_Driver/Src/stm32f4xx_hal_rcc.c.obj
                0x080023b0                HAL_RCC_GetSysClockFreq
 .text.HAL_RCC_ClockConfig
                0x08002454      0x160 CMakeFiles/Odrive_protocol.elf.dir/Drivers/STM32F4xx_HAL_Driver/Src/stm32f4xx_hal_rcc.c.obj
                0x08002454                HAL_RCC_ClockConfig
 .text.HAL_RCC_GetHCLKFreq
                0x080025b4        0xc CMakeFiles/Odrive_protocol.elf.dir/Drivers/STM32F4xx_HAL_Driver/Src/stm32f4xx_hal_rcc.c.obj
                0x080025b4                HAL_RCC_GetHCLKFreq
 .text.HAL_RCC_GetPCLK1Freq
                0x080025c0       0x20 CMakeFiles/Odrive_protocol.elf.dir/Drivers/STM32F4xx_HAL_Driver/Src/stm32f4xx_hal_rcc.c.obj
                0x080025c0                HAL_RCC_GetPCLK1Freq
 .text.HAL_RCC_GetPCLK2Freq
                0x080025e0       0x20 CMakeFiles/Odrive_protocol.elf.dir/Drivers/STM32F4xx_HAL_Driver/Src/stm32f4xx_hal_rcc.c.obj
                0x080025e0                HAL_RCC_GetPCLK2Freq
 .text.HAL_RCC_GetClockConfig
                0x08002600       0x3c CMakeFiles/Odrive_protocol.elf.dir/Drivers/STM32F4xx_HAL_Driver/Src/stm32f4xx_hal_rcc.c.obj
                0x08002600                HAL_RCC_GetClockConfig
 .text.HAL_TIM_Base_MspInit
                0x0800263c        0x2 CMakeFiles/Odrive_protocol.elf.dir/Drivers/STM32F4xx_HAL_Driver/Src/stm32f4xx_hal_tim.c.obj
                0x0800263c                HAL_TIM_Base_MspInit
 *fill*         0x0800263e        0x2 
 .text.HAL_TIM_Base_Start_IT
                0x08002640       0x78 CMakeFiles/Odrive_protocol.elf.dir/Drivers/STM32F4xx_HAL_Driver/Src/stm32f4xx_hal_tim.c.obj
                0x08002640                HAL_TIM_Base_Start_IT
 .text.HAL_TIM_OC_DelayElapsedCallback
                0x080026b8        0x2 CMakeFiles/Odrive_protocol.elf.dir/Drivers/STM32F4xx_HAL_Driver/Src/stm32f4xx_hal_tim.c.obj
                0x080026b8                HAL_TIM_OC_DelayElapsedCallback
 .text.HAL_TIM_IC_CaptureCallback
                0x080026ba        0x2 CMakeFiles/Odrive_protocol.elf.dir/Drivers/STM32F4xx_HAL_Driver/Src/stm32f4xx_hal_tim.c.obj
                0x080026ba                HAL_TIM_IC_CaptureCallback
 .text.HAL_TIM_PWM_PulseFinishedCallback
                0x080026bc        0x2 CMakeFiles/Odrive_protocol.elf.dir/Drivers/STM32F4xx_HAL_Driver/Src/stm32f4xx_hal_tim.c.obj
                0x080026bc                HAL_TIM_PWM_PulseFinishedCallback
 .text.HAL_TIM_TriggerCallback
                0x080026be        0x2 CMakeFiles/Odrive_protocol.elf.dir/Drivers/STM32F4xx_HAL_Driver/Src/stm32f4xx_hal_tim.c.obj
                0x080026be                HAL_TIM_TriggerCallback
 .text.HAL_TIM_IRQHandler
                0x080026c0      0x17a CMakeFiles/Odrive_protocol.elf.dir/Drivers/STM32F4xx_HAL_Driver/Src/stm32f4xx_hal_tim.c.obj
                0x080026c0                HAL_TIM_IRQHandler
 *fill*         0x0800283a        0x2 
 .text.TIM_Base_SetConfig
                0x0800283c       0x9c CMakeFiles/Odrive_protocol.elf.dir/Drivers/STM32F4xx_HAL_Driver/Src/stm32f4xx_hal_tim.c.obj
                0x0800283c                TIM_Base_SetConfig
 .text.HAL_TIM_Base_Init
                0x080028d8       0x58 CMakeFiles/Odrive_protocol.elf.dir/Drivers/STM32F4xx_HAL_Driver/Src/stm32f4xx_hal_tim.c.obj
                0x080028d8                HAL_TIM_Base_Init
 .text.HAL_TIMEx_CommutCallback
                0x08002930        0x2 CMakeFiles/Odrive_protocol.elf.dir/Drivers/STM32F4xx_HAL_Driver/Src/stm32f4xx_hal_tim_ex.c.obj
                0x08002930                HAL_TIMEx_CommutCallback
 .text.HAL_TIMEx_BreakCallback
                0x08002932        0x2 CMakeFiles/Odrive_protocol.elf.dir/Drivers/STM32F4xx_HAL_Driver/Src/stm32f4xx_hal_tim_ex.c.obj
                0x08002932                HAL_TIMEx_BreakCallback
 .text.UART_EndRxTransfer
                0x08002934       0x5c CMakeFiles/Odrive_protocol.elf.dir/Drivers/STM32F4xx_HAL_Driver/Src/stm32f4xx_hal_uart.c.obj
 .text.UART_Transmit_IT
                0x08002990       0x60 CMakeFiles/Odrive_protocol.elf.dir/Drivers/STM32F4xx_HAL_Driver/Src/stm32f4xx_hal_uart.c.obj
 .text.UART_SetConfig
                0x080029f0      0x110 CMakeFiles/Odrive_protocol.elf.dir/Drivers/STM32F4xx_HAL_Driver/Src/stm32f4xx_hal_uart.c.obj
 .text.HAL_UART_Init
                0x08002b00       0x5e CMakeFiles/Odrive_protocol.elf.dir/Drivers/STM32F4xx_HAL_Driver/Src/stm32f4xx_hal_uart.c.obj
                0x08002b00                HAL_UART_Init
 .text.HAL_UART_TxCpltCallback
                0x08002b5e        0x2 CMakeFiles/Odrive_protocol.elf.dir/Drivers/STM32F4xx_HAL_Driver/Src/stm32f4xx_hal_uart.c.obj
                0x08002b5e                HAL_UART_TxCpltCallback
 .text.UART_EndTransmit_IT
                0x08002b60       0x1a CMakeFiles/Odrive_protocol.elf.dir/Drivers/STM32F4xx_HAL_Driver/Src/stm32f4xx_hal_uart.c.obj
 .text.HAL_UART_RxCpltCallback
                0x08002b7a        0x2 CMakeFiles/Odrive_protocol.elf.dir/Drivers/STM32F4xx_HAL_Driver/Src/stm32f4xx_hal_uart.c.obj
                0x08002b7a                HAL_UART_RxCpltCallback
 .text.HAL_UART_ErrorCallback
                0x08002b7c        0x2 CMakeFiles/Odrive_protocol.elf.dir/Drivers/STM32F4xx_HAL_Driver/Src/stm32f4xx_hal_uart.c.obj
                0x08002b7c                HAL_UART_ErrorCallback
 .text.UART_DMAAbortOnError
                0x08002b7e       0x10 CMakeFiles/Odrive_protocol.elf.dir/Drivers/STM32F4xx_HAL_Driver/Src/stm32f4xx_hal_uart.c.obj
 .text.HAL_UARTEx_RxEventCallback
                0x08002b8e        0x2 CMakeFiles/Odrive_protocol.elf.dir/Drivers/STM32F4xx_HAL_Driver/Src/stm32f4xx_hal_uart.c.obj
                0x08002b8e                HAL_UARTEx_RxEventCallback
 .text.UART_Receive_IT
                0x08002b90       0xe2 CMakeFiles/Odrive_protocol.elf.dir/Drivers/STM32F4xx_HAL_Driver/Src/stm32f4xx_hal_uart.c.obj
 *fill*         0x08002c72        0x2 
 .text.HAL_UART_IRQHandler
                0x08002c74      0x280 CMakeFiles/Odrive_protocol.elf.dir/Drivers/STM32F4xx_HAL_Driver/Src/stm32f4xx_hal_uart.c.obj
                0x08002c74                HAL_UART_IRQHandler
 .text.USB_CoreReset
                0x08002ef4       0x50 CMakeFiles/Odrive_protocol.elf.dir/Drivers/STM32F4xx_HAL_Driver/Src/stm32f4xx_ll_usb.c.obj
 .text.USB_CoreInit
                0x08002f44       0x8a CMakeFiles/Odrive_protocol.elf.dir/Drivers/STM32F4xx_HAL_Driver/Src/stm32f4xx_ll_usb.c.obj
                0x08002f44                USB_CoreInit
 *fill*         0x08002fce        0x2 
 .text.USB_SetTurnaroundTime
                0x08002fd0       0xe4 CMakeFiles/Odrive_protocol.elf.dir/Drivers/STM32F4xx_HAL_Driver/Src/stm32f4xx_ll_usb.c.obj
                0x08002fd0                USB_SetTurnaroundTime
 .text.USB_EnableGlobalInt
                0x080030b4        0xc CMakeFiles/Odrive_protocol.elf.dir/Drivers/STM32F4xx_HAL_Driver/Src/stm32f4xx_ll_usb.c.obj
                0x080030b4                USB_EnableGlobalInt
 .text.USB_DisableGlobalInt
                0x080030c0        0xc CMakeFiles/Odrive_protocol.elf.dir/Drivers/STM32F4xx_HAL_Driver/Src/stm32f4xx_ll_usb.c.obj
                0x080030c0                USB_DisableGlobalInt
 .text.USB_FlushTxFifo
                0x080030cc       0x50 CMakeFiles/Odrive_protocol.elf.dir/Drivers/STM32F4xx_HAL_Driver/Src/stm32f4xx_ll_usb.c.obj
                0x080030cc                USB_FlushTxFifo
 .text.USB_FlushRxFifo
                0x0800311c       0x4c CMakeFiles/Odrive_protocol.elf.dir/Drivers/STM32F4xx_HAL_Driver/Src/stm32f4xx_ll_usb.c.obj
                0x0800311c                USB_FlushRxFifo
 .text.USB_SetDevSpeed
                0x08003168        0xe CMakeFiles/Odrive_protocol.elf.dir/Drivers/STM32F4xx_HAL_Driver/Src/stm32f4xx_ll_usb.c.obj
                0x08003168                USB_SetDevSpeed
 *fill*         0x08003176        0x2 
 .text.USB_DevInit
                0x08003178      0x190 CMakeFiles/Odrive_protocol.elf.dir/Drivers/STM32F4xx_HAL_Driver/Src/stm32f4xx_ll_usb.c.obj
                0x08003178                USB_DevInit
 .text.USB_GetDevSpeed
                0x08003308       0x22 CMakeFiles/Odrive_protocol.elf.dir/Drivers/STM32F4xx_HAL_Driver/Src/stm32f4xx_ll_usb.c.obj
                0x08003308                USB_GetDevSpeed
 .text.USB_ActivateEndpoint
                0x0800332a       0x9c CMakeFiles/Odrive_protocol.elf.dir/Drivers/STM32F4xx_HAL_Driver/Src/stm32f4xx_ll_usb.c.obj
                0x0800332a                USB_ActivateEndpoint
 *fill*         0x080033c6        0x2 
 .text.USB_DeactivateEndpoint
                0x080033c8       0xe0 CMakeFiles/Odrive_protocol.elf.dir/Drivers/STM32F4xx_HAL_Driver/Src/stm32f4xx_ll_usb.c.obj
                0x080033c8                USB_DeactivateEndpoint
 .text.USB_EP0StartXfer
                0x080034a8      0x124 CMakeFiles/Odrive_protocol.elf.dir/Drivers/STM32F4xx_HAL_Driver/Src/stm32f4xx_ll_usb.c.obj
                0x080034a8                USB_EP0StartXfer
 .text.USB_EPStopXfer
                0x080035cc       0xbe CMakeFiles/Odrive_protocol.elf.dir/Drivers/STM32F4xx_HAL_Driver/Src/stm32f4xx_ll_usb.c.obj
                0x080035cc                USB_EPStopXfer
 .text.USB_WritePacket
                0x0800368a       0x2e CMakeFiles/Odrive_protocol.elf.dir/Drivers/STM32F4xx_HAL_Driver/Src/stm32f4xx_ll_usb.c.obj
                0x0800368a                USB_WritePacket
 .text.USB_EPStartXfer
                0x080036b8      0x234 CMakeFiles/Odrive_protocol.elf.dir/Drivers/STM32F4xx_HAL_Driver/Src/stm32f4xx_ll_usb.c.obj
                0x080036b8                USB_EPStartXfer
 .text.USB_ReadPacket
                0x080038ec       0x54 CMakeFiles/Odrive_protocol.elf.dir/Drivers/STM32F4xx_HAL_Driver/Src/stm32f4xx_ll_usb.c.obj
                0x080038ec                USB_ReadPacket
 .text.USB_EPSetStall
                0x08003940       0x5a CMakeFiles/Odrive_protocol.elf.dir/Drivers/STM32F4xx_HAL_Driver/Src/stm32f4xx_ll_usb.c.obj
                0x08003940                USB_EPSetStall
 .text.USB_EPClearStall
                0x0800399a       0x5c CMakeFiles/Odrive_protocol.elf.dir/Drivers/STM32F4xx_HAL_Driver/Src/stm32f4xx_ll_usb.c.obj
                0x0800399a                USB_EPClearStall
 .text.USB_SetDevAddress
                0x080039f6       0x20 CMakeFiles/Odrive_protocol.elf.dir/Drivers/STM32F4xx_HAL_Driver/Src/stm32f4xx_ll_usb.c.obj
                0x080039f6                USB_SetDevAddress
 .text.USB_DevConnect
                0x08003a16       0x1c CMakeFiles/Odrive_protocol.elf.dir/Drivers/STM32F4xx_HAL_Driver/Src/stm32f4xx_ll_usb.c.obj
                0x08003a16                USB_DevConnect
 .text.USB_DevDisconnect
                0x08003a32       0x1c CMakeFiles/Odrive_protocol.elf.dir/Drivers/STM32F4xx_HAL_Driver/Src/stm32f4xx_ll_usb.c.obj
                0x08003a32                USB_DevDisconnect
 .text.USB_ReadInterrupts
                0x08003a4e        0x8 CMakeFiles/Odrive_protocol.elf.dir/Drivers/STM32F4xx_HAL_Driver/Src/stm32f4xx_ll_usb.c.obj
                0x08003a4e                USB_ReadInterrupts
 .text.USB_ReadDevAllOutEpInterrupt
                0x08003a56       0x10 CMakeFiles/Odrive_protocol.elf.dir/Drivers/STM32F4xx_HAL_Driver/Src/stm32f4xx_ll_usb.c.obj
                0x08003a56                USB_ReadDevAllOutEpInterrupt
 .text.USB_ReadDevAllInEpInterrupt
                0x08003a66       0x10 CMakeFiles/Odrive_protocol.elf.dir/Drivers/STM32F4xx_HAL_Driver/Src/stm32f4xx_ll_usb.c.obj
                0x08003a66                USB_ReadDevAllInEpInterrupt
 .text.USB_ReadDevOutEPInterrupt
                0x08003a76       0x12 CMakeFiles/Odrive_protocol.elf.dir/Drivers/STM32F4xx_HAL_Driver/Src/stm32f4xx_ll_usb.c.obj
                0x08003a76                USB_ReadDevOutEPInterrupt
 .text.USB_ReadDevInEPInterrupt
                0x08003a88       0x28 CMakeFiles/Odrive_protocol.elf.dir/Drivers/STM32F4xx_HAL_Driver/Src/stm32f4xx_ll_usb.c.obj
                0x08003a88                USB_ReadDevInEPInterrupt
 .text.USB_GetMode
                0x08003ab0        0x8 CMakeFiles/Odrive_protocol.elf.dir/Drivers/STM32F4xx_HAL_Driver/Src/stm32f4xx_ll_usb.c.obj
                0x08003ab0                USB_GetMode
 .text.USB_SetCurrentMode
                0x08003ab8       0x62 CMakeFiles/Odrive_protocol.elf.dir/Drivers/STM32F4xx_HAL_Driver/Src/stm32f4xx_ll_usb.c.obj
                0x08003ab8                USB_SetCurrentMode
 .text.USB_ActivateSetup
                0x08003b1a       0x20 CMakeFiles/Odrive_protocol.elf.dir/Drivers/STM32F4xx_HAL_Driver/Src/stm32f4xx_ll_usb.c.obj
                0x08003b1a                USB_ActivateSetup
 *fill*         0x08003b3a        0x2 
 .text.USB_EP0_OutStart
                0x08003b3c       0x60 CMakeFiles/Odrive_protocol.elf.dir/Drivers/STM32F4xx_HAL_Driver/Src/stm32f4xx_ll_usb.c.obj
                0x08003b3c                USB_EP0_OutStart
 .text.USBD_CDC_EP0_RxReady
                0x08003b9c       0x40 CMakeFiles/Odrive_protocol.elf.dir/Middlewares/ST/STM32_USB_Device_Library/Class/CDC/Src/usbd_cdc.c.obj
 .text.USBD_CDC_GetDeviceQualifierDescriptor
                0x08003bdc        0xc CMakeFiles/Odrive_protocol.elf.dir/Middlewares/ST/STM32_USB_Device_Library/Class/CDC/Src/usbd_cdc.c.obj
                0x08003bdc                USBD_CDC_GetDeviceQualifierDescriptor
 .text.USBD_CDC_GetOtherSpeedCfgDesc
                0x08003be8       0x48 CMakeFiles/Odrive_protocol.elf.dir/Middlewares/ST/STM32_USB_Device_Library/Class/CDC/Src/usbd_cdc.c.obj
 .text.USBD_CDC_GetFSCfgDesc
                0x08003c30       0x48 CMakeFiles/Odrive_protocol.elf.dir/Middlewares/ST/STM32_USB_Device_Library/Class/CDC/Src/usbd_cdc.c.obj
 .text.USBD_CDC_GetHSCfgDesc
                0x08003c78       0x48 CMakeFiles/Odrive_protocol.elf.dir/Middlewares/ST/STM32_USB_Device_Library/Class/CDC/Src/usbd_cdc.c.obj
 .text.USBD_CDC_DataOut
                0x08003cc0       0x38 CMakeFiles/Odrive_protocol.elf.dir/Middlewares/ST/STM32_USB_Device_Library/Class/CDC/Src/usbd_cdc.c.obj
 .text.USBD_CDC_DataIn
                0x08003cf8       0x7c CMakeFiles/Odrive_protocol.elf.dir/Middlewares/ST/STM32_USB_Device_Library/Class/CDC/Src/usbd_cdc.c.obj
 .text.USBD_CDC_Setup
                0x08003d74      0x11a CMakeFiles/Odrive_protocol.elf.dir/Middlewares/ST/STM32_USB_Device_Library/Class/CDC/Src/usbd_cdc.c.obj
 .text.USBD_CDC_DeInit
                0x08003e8e       0x64 CMakeFiles/Odrive_protocol.elf.dir/Middlewares/ST/STM32_USB_Device_Library/Class/CDC/Src/usbd_cdc.c.obj
 .text.USBD_CDC_Init
                0x08003ef2       0xee CMakeFiles/Odrive_protocol.elf.dir/Middlewares/ST/STM32_USB_Device_Library/Class/CDC/Src/usbd_cdc.c.obj
 .text.USBD_CDC_RegisterInterface
                0x08003fe0       0x16 CMakeFiles/Odrive_protocol.elf.dir/Middlewares/ST/STM32_USB_Device_Library/Class/CDC/Src/usbd_cdc.c.obj
                0x08003fe0                USBD_CDC_RegisterInterface
 .text.USBD_CDC_SetTxBuffer
                0x08003ff6       0x1c CMakeFiles/Odrive_protocol.elf.dir/Middlewares/ST/STM32_USB_Device_Library/Class/CDC/Src/usbd_cdc.c.obj
                0x08003ff6                USBD_CDC_SetTxBuffer
 .text.USBD_CDC_SetRxBuffer
                0x08004012       0x18 CMakeFiles/Odrive_protocol.elf.dir/Middlewares/ST/STM32_USB_Device_Library/Class/CDC/Src/usbd_cdc.c.obj
                0x08004012                USBD_CDC_SetRxBuffer
 .text.USBD_CDC_ReceivePacket
                0x0800402a       0x38 CMakeFiles/Odrive_protocol.elf.dir/Middlewares/ST/STM32_USB_Device_Library/Class/CDC/Src/usbd_cdc.c.obj
                0x0800402a                USBD_CDC_ReceivePacket
 .text.USBD_Init
                0x08004062       0x2e CMakeFiles/Odrive_protocol.elf.dir/Middlewares/ST/STM32_USB_Device_Library/Core/Src/usbd_core.c.obj
                0x08004062                USBD_Init
 .text.USBD_RegisterClass
                0x08004090       0x34 CMakeFiles/Odrive_protocol.elf.dir/Middlewares/ST/STM32_USB_Device_Library/Core/Src/usbd_core.c.obj
                0x08004090                USBD_RegisterClass
 .text.USBD_Start
                0x080040c4        0x8 CMakeFiles/Odrive_protocol.elf.dir/Middlewares/ST/STM32_USB_Device_Library/Core/Src/usbd_core.c.obj
                0x080040c4                USBD_Start
 .text.USBD_SetClassConfig
                0x080040cc       0x12 CMakeFiles/Odrive_protocol.elf.dir/Middlewares/ST/STM32_USB_Device_Library/Core/Src/usbd_core.c.obj
                0x080040cc                USBD_SetClassConfig
 .text.USBD_ClrClassConfig
                0x080040de       0x12 CMakeFiles/Odrive_protocol.elf.dir/Middlewares/ST/STM32_USB_Device_Library/Core/Src/usbd_core.c.obj
                0x080040de                USBD_ClrClassConfig
 .text.USBD_LL_SetupStage
                0x080040f0       0x58 CMakeFiles/Odrive_protocol.elf.dir/Middlewares/ST/STM32_USB_Device_Library/Core/Src/usbd_core.c.obj
                0x080040f0                USBD_LL_SetupStage
 .text.USBD_LL_Reset
                0x08004148       0x64 CMakeFiles/Odrive_protocol.elf.dir/Middlewares/ST/STM32_USB_Device_Library/Core/Src/usbd_core.c.obj
                0x08004148                USBD_LL_Reset
 .text.USBD_LL_SetSpeed
                0x080041ac        0x6 CMakeFiles/Odrive_protocol.elf.dir/Middlewares/ST/STM32_USB_Device_Library/Core/Src/usbd_core.c.obj
                0x080041ac                USBD_LL_SetSpeed
 .text.USBD_LL_Suspend
                0x080041b2       0x14 CMakeFiles/Odrive_protocol.elf.dir/Middlewares/ST/STM32_USB_Device_Library/Core/Src/usbd_core.c.obj
                0x080041b2                USBD_LL_Suspend
 .text.USBD_LL_Resume
                0x080041c6       0x1a CMakeFiles/Odrive_protocol.elf.dir/Middlewares/ST/STM32_USB_Device_Library/Core/Src/usbd_core.c.obj
                0x080041c6                USBD_LL_Resume
 .text.USBD_LL_SOF
                0x080041e0       0x22 CMakeFiles/Odrive_protocol.elf.dir/Middlewares/ST/STM32_USB_Device_Library/Core/Src/usbd_core.c.obj
                0x080041e0                USBD_LL_SOF
 .text.USBD_LL_IsoINIncomplete
                0x08004202       0x2e CMakeFiles/Odrive_protocol.elf.dir/Middlewares/ST/STM32_USB_Device_Library/Core/Src/usbd_core.c.obj
                0x08004202                USBD_LL_IsoINIncomplete
 .text.USBD_LL_IsoOUTIncomplete
                0x08004230       0x2e CMakeFiles/Odrive_protocol.elf.dir/Middlewares/ST/STM32_USB_Device_Library/Core/Src/usbd_core.c.obj
                0x08004230                USBD_LL_IsoOUTIncomplete
 .text.USBD_LL_DevConnected
                0x0800425e        0x4 CMakeFiles/Odrive_protocol.elf.dir/Middlewares/ST/STM32_USB_Device_Library/Core/Src/usbd_core.c.obj
                0x0800425e                USBD_LL_DevConnected
 .text.USBD_LL_DevDisconnected
                0x08004262       0x20 CMakeFiles/Odrive_protocol.elf.dir/Middlewares/ST/STM32_USB_Device_Library/Core/Src/usbd_core.c.obj
                0x08004262                USBD_LL_DevDisconnected
 .text.USBD_CoreFindIF
                0x08004282        0x4 CMakeFiles/Odrive_protocol.elf.dir/Middlewares/ST/STM32_USB_Device_Library/Core/Src/usbd_core.c.obj
                0x08004282                USBD_CoreFindIF
 .text.USBD_CoreFindEP
                0x08004286        0x4 CMakeFiles/Odrive_protocol.elf.dir/Middlewares/ST/STM32_USB_Device_Library/Core/Src/usbd_core.c.obj
                0x08004286                USBD_CoreFindEP
 .text.USBD_LL_DataOutStage
                0x0800428a       0xc6 CMakeFiles/Odrive_protocol.elf.dir/Middlewares/ST/STM32_USB_Device_Library/Core/Src/usbd_core.c.obj
                0x0800428a                USBD_LL_DataOutStage
 .text.USBD_LL_DataInStage
                0x08004350       0xd6 CMakeFiles/Odrive_protocol.elf.dir/Middlewares/ST/STM32_USB_Device_Library/Core/Src/usbd_core.c.obj
                0x08004350                USBD_LL_DataInStage
 .text.USBD_GetNextDesc
                0x08004426        0xe CMakeFiles/Odrive_protocol.elf.dir/Middlewares/ST/STM32_USB_Device_Library/Core/Src/usbd_core.c.obj
                0x08004426                USBD_GetNextDesc
 .text.USBD_GetEpDesc
                0x08004434       0x3e CMakeFiles/Odrive_protocol.elf.dir/Middlewares/ST/STM32_USB_Device_Library/Core/Src/usbd_core.c.obj
                0x08004434                USBD_GetEpDesc
 .text.USBD_GetLen
                0x08004472       0x14 CMakeFiles/Odrive_protocol.elf.dir/Middlewares/ST/STM32_USB_Device_Library/Core/Src/usbd_ctlreq.c.obj
 .text.USBD_ParseSetupRequest
                0x08004486       0x28 CMakeFiles/Odrive_protocol.elf.dir/Middlewares/ST/STM32_USB_Device_Library/Core/Src/usbd_ctlreq.c.obj
                0x08004486                USBD_ParseSetupRequest
 .text.USBD_CtlError
                0x080044ae       0x14 CMakeFiles/Odrive_protocol.elf.dir/Middlewares/ST/STM32_USB_Device_Library/Core/Src/usbd_ctlreq.c.obj
                0x080044ae                USBD_CtlError
 .text.USBD_GetDescriptor
                0x080044c2      0x18a CMakeFiles/Odrive_protocol.elf.dir/Middlewares/ST/STM32_USB_Device_Library/Core/Src/usbd_ctlreq.c.obj
 .text.USBD_SetAddress
                0x0800464c       0x50 CMakeFiles/Odrive_protocol.elf.dir/Middlewares/ST/STM32_USB_Device_Library/Core/Src/usbd_ctlreq.c.obj
 .text.USBD_SetConfig
                0x0800469c       0xcc CMakeFiles/Odrive_protocol.elf.dir/Middlewares/ST/STM32_USB_Device_Library/Core/Src/usbd_ctlreq.c.obj
 .text.USBD_GetConfig
                0x08004768       0x40 CMakeFiles/Odrive_protocol.elf.dir/Middlewares/ST/STM32_USB_Device_Library/Core/Src/usbd_ctlreq.c.obj
 .text.USBD_GetStatus
                0x080047a8       0x38 CMakeFiles/Odrive_protocol.elf.dir/Middlewares/ST/STM32_USB_Device_Library/Core/Src/usbd_ctlreq.c.obj
 .text.USBD_SetFeature
                0x080047e0       0x2a CMakeFiles/Odrive_protocol.elf.dir/Middlewares/ST/STM32_USB_Device_Library/Core/Src/usbd_ctlreq.c.obj
 .text.USBD_ClrFeature
                0x0800480a       0x26 CMakeFiles/Odrive_protocol.elf.dir/Middlewares/ST/STM32_USB_Device_Library/Core/Src/usbd_ctlreq.c.obj
 .text.USBD_StdDevReq
                0x08004830       0x76 CMakeFiles/Odrive_protocol.elf.dir/Middlewares/ST/STM32_USB_Device_Library/Core/Src/usbd_ctlreq.c.obj
                0x08004830                USBD_StdDevReq
 .text.USBD_StdItfReq
                0x080048a6       0x84 CMakeFiles/Odrive_protocol.elf.dir/Middlewares/ST/STM32_USB_Device_Library/Core/Src/usbd_ctlreq.c.obj
                0x080048a6                USBD_StdItfReq
 .text.USBD_StdEPReq
                0x0800492a      0x230 CMakeFiles/Odrive_protocol.elf.dir/Middlewares/ST/STM32_USB_Device_Library/Core/Src/usbd_ctlreq.c.obj
                0x0800492a                USBD_StdEPReq
 .text.USBD_GetString
                0x08004b5a       0x3a CMakeFiles/Odrive_protocol.elf.dir/Middlewares/ST/STM32_USB_Device_Library/Core/Src/usbd_ctlreq.c.obj
                0x08004b5a                USBD_GetString
 .text.USBD_CtlSendData
                0x08004b94       0x1a CMakeFiles/Odrive_protocol.elf.dir/Middlewares/ST/STM32_USB_Device_Library/Core/Src/usbd_ioreq.c.obj
                0x08004b94                USBD_CtlSendData
 .text.USBD_CtlContinueSendData
                0x08004bae       0x10 CMakeFiles/Odrive_protocol.elf.dir/Middlewares/ST/STM32_USB_Device_Library/Core/Src/usbd_ioreq.c.obj
                0x08004bae                USBD_CtlContinueSendData
 .text.USBD_CtlPrepareRx
                0x08004bbe       0x1e CMakeFiles/Odrive_protocol.elf.dir/Middlewares/ST/STM32_USB_Device_Library/Core/Src/usbd_ioreq.c.obj
                0x08004bbe                USBD_CtlPrepareRx
 .text.USBD_CtlContinueRx
                0x08004bdc       0x10 CMakeFiles/Odrive_protocol.elf.dir/Middlewares/ST/STM32_USB_Device_Library/Core/Src/usbd_ioreq.c.obj
                0x08004bdc                USBD_CtlContinueRx
 .text.USBD_CtlSendStatus
                0x08004bec       0x16 CMakeFiles/Odrive_protocol.elf.dir/Middlewares/ST/STM32_USB_Device_Library/Core/Src/usbd_ioreq.c.obj
                0x08004bec                USBD_CtlSendStatus
 .text.USBD_CtlReceiveStatus
                0x08004c02       0x16 CMakeFiles/Odrive_protocol.elf.dir/Middlewares/ST/STM32_USB_Device_Library/Core/Src/usbd_ioreq.c.obj
                0x08004c02                USBD_CtlReceiveStatus
 .text.SysTick_Handler
                0x08004c18       0x18 CMakeFiles/Odrive_protocol.elf.dir/Middlewares/Third_Party/FreeRTOS/Source/CMSIS_RTOS_V2/cmsis_os2.c.obj
                0x08004c18                SysTick_Handler
 .text.osKernelInitialize
                0x08004c30       0x24 CMakeFiles/Odrive_protocol.elf.dir/Middlewares/Third_Party/FreeRTOS/Source/CMSIS_RTOS_V2/cmsis_os2.c.obj
                0x08004c30                osKernelInitialize
 .text.osKernelStart
                0x08004c54       0x38 CMakeFiles/Odrive_protocol.elf.dir/Middlewares/Third_Party/FreeRTOS/Source/CMSIS_RTOS_V2/cmsis_os2.c.obj
                0x08004c54                osKernelStart
 .text.osThreadNew
                0x08004c8c       0xbc CMakeFiles/Odrive_protocol.elf.dir/Middlewares/Third_Party/FreeRTOS/Source/CMSIS_RTOS_V2/cmsis_os2.c.obj
                0x08004c8c                osThreadNew
 .text.osDelay  0x08004d48       0x1c CMakeFiles/Odrive_protocol.elf.dir/Middlewares/Third_Party/FreeRTOS/Source/CMSIS_RTOS_V2/cmsis_os2.c.obj
                0x08004d48                osDelay
 .text.vApplicationGetIdleTaskMemory
                0x08004d64       0x18 CMakeFiles/Odrive_protocol.elf.dir/Middlewares/Third_Party/FreeRTOS/Source/CMSIS_RTOS_V2/cmsis_os2.c.obj
                0x08004d64                vApplicationGetIdleTaskMemory
 .text.vApplicationGetTimerTaskMemory
                0x08004d7c       0x18 CMakeFiles/Odrive_protocol.elf.dir/Middlewares/Third_Party/FreeRTOS/Source/CMSIS_RTOS_V2/cmsis_os2.c.obj
                0x08004d7c                vApplicationGetTimerTaskMemory
 .text.vListInitialise
                0x08004d94       0x16 CMakeFiles/Odrive_protocol.elf.dir/Middlewares/Third_Party/FreeRTOS/Source/list.c.obj
                0x08004d94                vListInitialise
 .text.vListInitialiseItem
                0x08004daa        0x6 CMakeFiles/Odrive_protocol.elf.dir/Middlewares/Third_Party/FreeRTOS/Source/list.c.obj
                0x08004daa                vListInitialiseItem
 .text.vListInsertEnd
                0x08004db0       0x16 CMakeFiles/Odrive_protocol.elf.dir/Middlewares/Third_Party/FreeRTOS/Source/list.c.obj
                0x08004db0                vListInsertEnd
 .text.vListInsert
                0x08004dc6       0x32 CMakeFiles/Odrive_protocol.elf.dir/Middlewares/Third_Party/FreeRTOS/Source/list.c.obj
                0x08004dc6                vListInsert
 .text.uxListRemove
                0x08004df8       0x26 CMakeFiles/Odrive_protocol.elf.dir/Middlewares/Third_Party/FreeRTOS/Source/list.c.obj
                0x08004df8                uxListRemove
 *fill*         0x08004e1e        0x2 
 .text.prvTaskExitError
                0x08004e20       0x40 CMakeFiles/Odrive_protocol.elf.dir/Middlewares/Third_Party/FreeRTOS/Source/portable/GCC/ARM_CM4F/port.c.obj
 .text.prvPortStartFirstTask
                0x08004e60       0x28 CMakeFiles/Odrive_protocol.elf.dir/Middlewares/Third_Party/FreeRTOS/Source/portable/GCC/ARM_CM4F/port.c.obj
 .text.vPortEnableVFP
                0x08004e88       0x14 CMakeFiles/Odrive_protocol.elf.dir/Middlewares/Third_Party/FreeRTOS/Source/portable/GCC/ARM_CM4F/port.c.obj
 .text.pxPortInitialiseStack
                0x08004e9c       0x2c CMakeFiles/Odrive_protocol.elf.dir/Middlewares/Third_Party/FreeRTOS/Source/portable/GCC/ARM_CM4F/port.c.obj
                0x08004e9c                pxPortInitialiseStack
 *fill*         0x08004ec8        0x8 
 .text.SVC_Handler
                0x08004ed0       0x24 CMakeFiles/Odrive_protocol.elf.dir/Middlewares/Third_Party/FreeRTOS/Source/portable/GCC/ARM_CM4F/port.c.obj
                0x08004ed0                SVC_Handler
 .text.vPortEnterCritical
                0x08004ef4       0x44 CMakeFiles/Odrive_protocol.elf.dir/Middlewares/Third_Party/FreeRTOS/Source/portable/GCC/ARM_CM4F/port.c.obj
                0x08004ef4                vPortEnterCritical
 .text.vPortExitCritical
                0x08004f38       0x2c CMakeFiles/Odrive_protocol.elf.dir/Middlewares/Third_Party/FreeRTOS/Source/portable/GCC/ARM_CM4F/port.c.obj
                0x08004f38                vPortExitCritical
 *fill*         0x08004f64        0xc 
 .text.PendSV_Handler
                0x08004f70       0x64 CMakeFiles/Odrive_protocol.elf.dir/Middlewares/Third_Party/FreeRTOS/Source/portable/GCC/ARM_CM4F/port.c.obj
                0x08004f70                PendSV_Handler
 .text.xPortSysTickHandler
                0x08004fd4       0x2c CMakeFiles/Odrive_protocol.elf.dir/Middlewares/Third_Party/FreeRTOS/Source/portable/GCC/ARM_CM4F/port.c.obj
                0x08004fd4                xPortSysTickHandler
 .text.vPortSetupTimerInterrupt
                0x08005000       0x28 CMakeFiles/Odrive_protocol.elf.dir/Middlewares/Third_Party/FreeRTOS/Source/portable/GCC/ARM_CM4F/port.c.obj
                0x08005000                vPortSetupTimerInterrupt
 .text.xPortStartScheduler
                0x08005028      0x118 CMakeFiles/Odrive_protocol.elf.dir/Middlewares/Third_Party/FreeRTOS/Source/portable/GCC/ARM_CM4F/port.c.obj
                0x08005028                xPortStartScheduler
 .text.vPortValidateInterruptPriority
                0x08005140       0x5c CMakeFiles/Odrive_protocol.elf.dir/Middlewares/Third_Party/FreeRTOS/Source/portable/GCC/ARM_CM4F/port.c.obj
                0x08005140                vPortValidateInterruptPriority
 .text.prvHeapInit
                0x0800519c       0x64 CMakeFiles/Odrive_protocol.elf.dir/Middlewares/Third_Party/FreeRTOS/Source/portable/MemMang/heap_4.c.obj
 .text.prvInsertBlockIntoFreeList
                0x08005200       0x64 CMakeFiles/Odrive_protocol.elf.dir/Middlewares/Third_Party/FreeRTOS/Source/portable/MemMang/heap_4.c.obj
 .text.pvPortMalloc
                0x08005264       0xfc CMakeFiles/Odrive_protocol.elf.dir/Middlewares/Third_Party/FreeRTOS/Source/portable/MemMang/heap_4.c.obj
                0x08005264                pvPortMalloc
 .text.vPortFree
                0x08005360       0x7c CMakeFiles/Odrive_protocol.elf.dir/Middlewares/Third_Party/FreeRTOS/Source/portable/MemMang/heap_4.c.obj
                0x08005360                vPortFree
 .text.prvIsQueueFull
                0x080053dc       0x1e CMakeFiles/Odrive_protocol.elf.dir/Middlewares/Third_Party/FreeRTOS/Source/queue.c.obj
 .text.prvIsQueueEmpty
                0x080053fa       0x1a CMakeFiles/Odrive_protocol.elf.dir/Middlewares/Third_Party/FreeRTOS/Source/queue.c.obj
 .text.prvCopyDataToQueue
                0x08005414       0x76 CMakeFiles/Odrive_protocol.elf.dir/Middlewares/Third_Party/FreeRTOS/Source/queue.c.obj
 .text.prvCopyDataFromQueue
                0x0800548a       0x24 CMakeFiles/Odrive_protocol.elf.dir/Middlewares/Third_Party/FreeRTOS/Source/queue.c.obj
 .text.prvUnlockQueue
                0x080054ae       0x6e CMakeFiles/Odrive_protocol.elf.dir/Middlewares/Third_Party/FreeRTOS/Source/queue.c.obj
 .text.xQueueGenericReset
                0x0800551c       0x84 CMakeFiles/Odrive_protocol.elf.dir/Middlewares/Third_Party/FreeRTOS/Source/queue.c.obj
                0x0800551c                xQueueGenericReset
 .text.prvInitialiseNewQueue
                0x080055a0       0x22 CMakeFiles/Odrive_protocol.elf.dir/Middlewares/Third_Party/FreeRTOS/Source/queue.c.obj
 .text.xQueueGenericCreateStatic
                0x080055c2       0x94 CMakeFiles/Odrive_protocol.elf.dir/Middlewares/Third_Party/FreeRTOS/Source/queue.c.obj
                0x080055c2                xQueueGenericCreateStatic
 .text.xQueueGenericSend
                0x08005656      0x188 CMakeFiles/Odrive_protocol.elf.dir/Middlewares/Third_Party/FreeRTOS/Source/queue.c.obj
                0x08005656                xQueueGenericSend
 .text.xQueueGenericSendFromISR
                0x080057de       0xce CMakeFiles/Odrive_protocol.elf.dir/Middlewares/Third_Party/FreeRTOS/Source/queue.c.obj
                0x080057de                xQueueGenericSendFromISR
 .text.xQueueReceive
                0x080058ac      0x15e CMakeFiles/Odrive_protocol.elf.dir/Middlewares/Third_Party/FreeRTOS/Source/queue.c.obj
                0x080058ac                xQueueReceive
 *fill*         0x08005a0a        0x2 
 .text.vQueueAddToRegistry
                0x08005a0c       0x28 CMakeFiles/Odrive_protocol.elf.dir/Middlewares/Third_Party/FreeRTOS/Source/queue.c.obj
                0x08005a0c                vQueueAddToRegistry
 .text.vQueueWaitForMessageRestricted
                0x08005a34       0x52 CMakeFiles/Odrive_protocol.elf.dir/Middlewares/Third_Party/FreeRTOS/Source/queue.c.obj
                0x08005a34                vQueueWaitForMessageRestricted
 *fill*         0x08005a86        0x2 
 .text.prvResetNextTaskUnblockTime
                0x08005a88       0x2c CMakeFiles/Odrive_protocol.elf.dir/Middlewares/Third_Party/FreeRTOS/Source/tasks.c.obj
 .text.prvInitialiseNewTask
                0x08005ab4       0xa6 CMakeFiles/Odrive_protocol.elf.dir/Middlewares/Third_Party/FreeRTOS/Source/tasks.c.obj
 *fill*         0x08005b5a        0x2 
 .text.prvInitialiseTaskLists
                0x08005b5c       0x68 CMakeFiles/Odrive_protocol.elf.dir/Middlewares/Third_Party/FreeRTOS/Source/tasks.c.obj
 .text.prvAddNewTaskToReadyList
                0x08005bc4       0xac CMakeFiles/Odrive_protocol.elf.dir/Middlewares/Third_Party/FreeRTOS/Source/tasks.c.obj
 .text.prvDeleteTCB
                0x08005c70       0x38 CMakeFiles/Odrive_protocol.elf.dir/Middlewares/Third_Party/FreeRTOS/Source/tasks.c.obj
 .text.prvCheckTasksWaitingTermination
                0x08005ca8       0x4c CMakeFiles/Odrive_protocol.elf.dir/Middlewares/Third_Party/FreeRTOS/Source/tasks.c.obj
 .text.prvIdleTask
                0x08005cf4       0x28 CMakeFiles/Odrive_protocol.elf.dir/Middlewares/Third_Party/FreeRTOS/Source/tasks.c.obj
 .text.prvAddCurrentTaskToDelayedList
                0x08005d1c       0x7c CMakeFiles/Odrive_protocol.elf.dir/Middlewares/Third_Party/FreeRTOS/Source/tasks.c.obj
 .text.xTaskCreateStatic
                0x08005d98       0x76 CMakeFiles/Odrive_protocol.elf.dir/Middlewares/Third_Party/FreeRTOS/Source/tasks.c.obj
                0x08005d98                xTaskCreateStatic
 .text.xTaskCreate
                0x08005e0e       0x68 CMakeFiles/Odrive_protocol.elf.dir/Middlewares/Third_Party/FreeRTOS/Source/tasks.c.obj
                0x08005e0e                xTaskCreate
 *fill*         0x08005e76        0x2 
 .text.vTaskStartScheduler
                0x08005e78       0x9c CMakeFiles/Odrive_protocol.elf.dir/Middlewares/Third_Party/FreeRTOS/Source/tasks.c.obj
                0x08005e78                vTaskStartScheduler
 .text.vTaskSuspendAll
                0x08005f14       0x10 CMakeFiles/Odrive_protocol.elf.dir/Middlewares/Third_Party/FreeRTOS/Source/tasks.c.obj
                0x08005f14                vTaskSuspendAll
 .text.xTaskGetTickCount
                0x08005f24        0xc CMakeFiles/Odrive_protocol.elf.dir/Middlewares/Third_Party/FreeRTOS/Source/tasks.c.obj
                0x08005f24                xTaskGetTickCount
 .text.xTaskIncrementTick
                0x08005f30      0x118 CMakeFiles/Odrive_protocol.elf.dir/Middlewares/Third_Party/FreeRTOS/Source/tasks.c.obj
                0x08005f30                xTaskIncrementTick
 .text.xTaskResumeAll
                0x08006048       0xf8 CMakeFiles/Odrive_protocol.elf.dir/Middlewares/Third_Party/FreeRTOS/Source/tasks.c.obj
                0x08006048                xTaskResumeAll
 .text.vTaskDelay
                0x08006140       0x4c CMakeFiles/Odrive_protocol.elf.dir/Middlewares/Third_Party/FreeRTOS/Source/tasks.c.obj
                0x08006140                vTaskDelay
 .text.vTaskSwitchContext
                0x0800618c       0x94 CMakeFiles/Odrive_protocol.elf.dir/Middlewares/Third_Party/FreeRTOS/Source/tasks.c.obj
                0x0800618c                vTaskSwitchContext
 .text.vTaskPlaceOnEventList
                0x08006220       0x30 CMakeFiles/Odrive_protocol.elf.dir/Middlewares/Third_Party/FreeRTOS/Source/tasks.c.obj
                0x08006220                vTaskPlaceOnEventList
 .text.vTaskPlaceOnEventListRestricted
                0x08006250       0x38 CMakeFiles/Odrive_protocol.elf.dir/Middlewares/Third_Party/FreeRTOS/Source/tasks.c.obj
                0x08006250                vTaskPlaceOnEventListRestricted
 .text.xTaskRemoveFromEventList
                0x08006288       0x8c CMakeFiles/Odrive_protocol.elf.dir/Middlewares/Third_Party/FreeRTOS/Source/tasks.c.obj
                0x08006288                xTaskRemoveFromEventList
 .text.vTaskInternalSetTimeOutState
                0x08006314       0x18 CMakeFiles/Odrive_protocol.elf.dir/Middlewares/Third_Party/FreeRTOS/Source/tasks.c.obj
                0x08006314                vTaskInternalSetTimeOutState
 .text.xTaskCheckForTimeOut
                0x0800632c       0x84 CMakeFiles/Odrive_protocol.elf.dir/Middlewares/Third_Party/FreeRTOS/Source/tasks.c.obj
                0x0800632c                xTaskCheckForTimeOut
 .text.vTaskMissedYield
                0x080063b0        0xc CMakeFiles/Odrive_protocol.elf.dir/Middlewares/Third_Party/FreeRTOS/Source/tasks.c.obj
                0x080063b0                vTaskMissedYield
 .text.xTaskGetSchedulerState
                0x080063bc       0x20 CMakeFiles/Odrive_protocol.elf.dir/Middlewares/Third_Party/FreeRTOS/Source/tasks.c.obj
                0x080063bc                xTaskGetSchedulerState
 .text.xTaskPriorityDisinherit
                0x080063dc       0x90 CMakeFiles/Odrive_protocol.elf.dir/Middlewares/Third_Party/FreeRTOS/Source/tasks.c.obj
                0x080063dc                xTaskPriorityDisinherit
 .text.prvGetNextExpireTime
                0x0800646c       0x20 CMakeFiles/Odrive_protocol.elf.dir/Middlewares/Third_Party/FreeRTOS/Source/timers.c.obj
 .text.prvInsertTimerInActiveList
                0x0800648c       0x48 CMakeFiles/Odrive_protocol.elf.dir/Middlewares/Third_Party/FreeRTOS/Source/timers.c.obj
 .text.prvCheckForValidListAndQueue
                0x080064d4       0x70 CMakeFiles/Odrive_protocol.elf.dir/Middlewares/Third_Party/FreeRTOS/Source/timers.c.obj
 .text.xTimerCreateTimerTask
                0x08006544       0x64 CMakeFiles/Odrive_protocol.elf.dir/Middlewares/Third_Party/FreeRTOS/Source/timers.c.obj
                0x08006544                xTimerCreateTimerTask
 .text.xTimerGenericCommand
                0x080065a8       0x6c CMakeFiles/Odrive_protocol.elf.dir/Middlewares/Third_Party/FreeRTOS/Source/timers.c.obj
                0x080065a8                xTimerGenericCommand
 .text.prvSwitchTimerLists
                0x08006614       0x7c CMakeFiles/Odrive_protocol.elf.dir/Middlewares/Third_Party/FreeRTOS/Source/timers.c.obj
 .text.prvSampleTimeNow
                0x08006690       0x2c CMakeFiles/Odrive_protocol.elf.dir/Middlewares/Third_Party/FreeRTOS/Source/timers.c.obj
 .text.prvProcessExpiredTimer
                0x080066bc       0x6c CMakeFiles/Odrive_protocol.elf.dir/Middlewares/Third_Party/FreeRTOS/Source/timers.c.obj
 .text.prvProcessTimerOrBlockTask
                0x08006728       0x74 CMakeFiles/Odrive_protocol.elf.dir/Middlewares/Third_Party/FreeRTOS/Source/timers.c.obj
 .text.prvProcessReceivedCommands
                0x0800679c      0x10c CMakeFiles/Odrive_protocol.elf.dir/Middlewares/Third_Party/FreeRTOS/Source/timers.c.obj
 .text.prvTimerTask
                0x080068a8       0x16 CMakeFiles/Odrive_protocol.elf.dir/Middlewares/Third_Party/FreeRTOS/Source/timers.c.obj
 *fill*         0x080068be        0x2 
 .text.MX_USB_DEVICE_Init
                0x080068c0       0x54 CMakeFiles/Odrive_protocol.elf.dir/USB_DEVICE/App/usb_device.c.obj
                0x080068c0                MX_USB_DEVICE_Init
 .text.CDC_DeInit_FS
                0x08006914        0x4 CMakeFiles/Odrive_protocol.elf.dir/USB_DEVICE/App/usbd_cdc_if.c.obj
 .text.CDC_Control_FS
                0x08006918        0x4 CMakeFiles/Odrive_protocol.elf.dir/USB_DEVICE/App/usbd_cdc_if.c.obj
 .text.CDC_TransmitCplt_FS
                0x0800691c        0x4 CMakeFiles/Odrive_protocol.elf.dir/USB_DEVICE/App/usbd_cdc_if.c.obj
 .text.CDC_Receive_FS
                0x08006920       0x1c CMakeFiles/Odrive_protocol.elf.dir/USB_DEVICE/App/usbd_cdc_if.c.obj
 .text.CDC_Init_FS
                0x0800693c       0x28 CMakeFiles/Odrive_protocol.elf.dir/USB_DEVICE/App/usbd_cdc_if.c.obj
 .text.USBD_FS_DeviceDescriptor
                0x08006964        0xc CMakeFiles/Odrive_protocol.elf.dir/USB_DEVICE/App/usbd_desc.c.obj
                0x08006964                USBD_FS_DeviceDescriptor
 .text.USBD_FS_LangIDStrDescriptor
                0x08006970        0xc CMakeFiles/Odrive_protocol.elf.dir/USB_DEVICE/App/usbd_desc.c.obj
                0x08006970                USBD_FS_LangIDStrDescriptor
 .text.IntToUnicode
                0x0800697c       0x46 CMakeFiles/Odrive_protocol.elf.dir/USB_DEVICE/App/usbd_desc.c.obj
 *fill*         0x080069c2        0x2 
 .text.Get_SerialNum
                0x080069c4       0x38 CMakeFiles/Odrive_protocol.elf.dir/USB_DEVICE/App/usbd_desc.c.obj
 .text.USBD_FS_SerialStrDescriptor
                0x080069fc       0x14 CMakeFiles/Odrive_protocol.elf.dir/USB_DEVICE/App/usbd_desc.c.obj
                0x080069fc                USBD_FS_SerialStrDescriptor
 .text.USBD_FS_ProductStrDescriptor
                0x08006a10       0x24 CMakeFiles/Odrive_protocol.elf.dir/USB_DEVICE/App/usbd_desc.c.obj
                0x08006a10                USBD_FS_ProductStrDescriptor
 .text.USBD_FS_ManufacturerStrDescriptor
                0x08006a34       0x1c CMakeFiles/Odrive_protocol.elf.dir/USB_DEVICE/App/usbd_desc.c.obj
                0x08006a34                USBD_FS_ManufacturerStrDescriptor
 .text.USBD_FS_ConfigStrDescriptor
                0x08006a50       0x24 CMakeFiles/Odrive_protocol.elf.dir/USB_DEVICE/App/usbd_desc.c.obj
                0x08006a50                USBD_FS_ConfigStrDescriptor
 .text.USBD_FS_InterfaceStrDescriptor
                0x08006a74       0x24 CMakeFiles/Odrive_protocol.elf.dir/USB_DEVICE/App/usbd_desc.c.obj
                0x08006a74                USBD_FS_InterfaceStrDescriptor
 .text.HAL_PCD_MspInit
                0x08006a98       0x84 CMakeFiles/Odrive_protocol.elf.dir/USB_DEVICE/Target/usbd_conf.c.obj
                0x08006a98                HAL_PCD_MspInit
 .text.HAL_PCD_SetupStageCallback
                0x08006b1c       0x10 CMakeFiles/Odrive_protocol.elf.dir/USB_DEVICE/Target/usbd_conf.c.obj
                0x08006b1c                HAL_PCD_SetupStageCallback
 .text.HAL_PCD_DataOutStageCallback
                0x08006b2c       0x18 CMakeFiles/Odrive_protocol.elf.dir/USB_DEVICE/Target/usbd_conf.c.obj
                0x08006b2c                HAL_PCD_DataOutStageCallback
 .text.HAL_PCD_DataInStageCallback
                0x08006b44       0x16 CMakeFiles/Odrive_protocol.elf.dir/USB_DEVICE/Target/usbd_conf.c.obj
                0x08006b44                HAL_PCD_DataInStageCallback
 .text.HAL_PCD_SOFCallback
                0x08006b5a        0xc CMakeFiles/Odrive_protocol.elf.dir/USB_DEVICE/Target/usbd_conf.c.obj
                0x08006b5a                HAL_PCD_SOFCallback
 .text.HAL_PCD_ResetCallback
                0x08006b66       0x24 CMakeFiles/Odrive_protocol.elf.dir/USB_DEVICE/Target/usbd_conf.c.obj
                0x08006b66                HAL_PCD_ResetCallback
 *fill*         0x08006b8a        0x2 
 .text.HAL_PCD_SuspendCallback
                0x08006b8c       0x30 CMakeFiles/Odrive_protocol.elf.dir/USB_DEVICE/Target/usbd_conf.c.obj
                0x08006b8c                HAL_PCD_SuspendCallback
 .text.HAL_PCD_ResumeCallback
                0x08006bbc        0xc CMakeFiles/Odrive_protocol.elf.dir/USB_DEVICE/Target/usbd_conf.c.obj
                0x08006bbc                HAL_PCD_ResumeCallback
 .text.HAL_PCD_ISOOUTIncompleteCallback
                0x08006bc8        0xc CMakeFiles/Odrive_protocol.elf.dir/USB_DEVICE/Target/usbd_conf.c.obj
                0x08006bc8                HAL_PCD_ISOOUTIncompleteCallback
 .text.HAL_PCD_ISOINIncompleteCallback
                0x08006bd4        0xc CMakeFiles/Odrive_protocol.elf.dir/USB_DEVICE/Target/usbd_conf.c.obj
                0x08006bd4                HAL_PCD_ISOINIncompleteCallback
 .text.HAL_PCD_ConnectCallback
                0x08006be0        0xc CMakeFiles/Odrive_protocol.elf.dir/USB_DEVICE/Target/usbd_conf.c.obj
                0x08006be0                HAL_PCD_ConnectCallback
 .text.HAL_PCD_DisconnectCallback
                0x08006bec        0xc CMakeFiles/Odrive_protocol.elf.dir/USB_DEVICE/Target/usbd_conf.c.obj
                0x08006bec                HAL_PCD_DisconnectCallback
 .text.USBD_LL_Init
                0x08006bf8       0x68 CMakeFiles/Odrive_protocol.elf.dir/USB_DEVICE/Target/usbd_conf.c.obj
                0x08006bf8                USBD_LL_Init
 .text.USBD_LL_IsStallEP
                0x08006c60       0x2e CMakeFiles/Odrive_protocol.elf.dir/USB_DEVICE/Target/usbd_conf.c.obj
                0x08006c60                USBD_LL_IsStallEP
 .text.USBD_LL_GetRxDataSize
                0x08006c8e        0xc CMakeFiles/Odrive_protocol.elf.dir/USB_DEVICE/Target/usbd_conf.c.obj
                0x08006c8e                USBD_LL_GetRxDataSize
 *fill*         0x08006c9a        0x2 
 .text.USBD_static_malloc
                0x08006c9c        0x8 CMakeFiles/Odrive_protocol.elf.dir/USB_DEVICE/Target/usbd_conf.c.obj
                0x08006c9c                USBD_static_malloc
 .text.USBD_static_free
                0x08006ca4        0x2 CMakeFiles/Odrive_protocol.elf.dir/USB_DEVICE/Target/usbd_conf.c.obj
                0x08006ca4                USBD_static_free
 .text.USBD_Get_USB_Status
                0x08006ca6       0x14 CMakeFiles/Odrive_protocol.elf.dir/USB_DEVICE/Target/usbd_conf.c.obj
                0x08006ca6                USBD_Get_USB_Status
 .text.USBD_LL_Start
                0x08006cba       0x10 CMakeFiles/Odrive_protocol.elf.dir/USB_DEVICE/Target/usbd_conf.c.obj
                0x08006cba                USBD_LL_Start
 .text.USBD_LL_OpenEP
                0x08006cca       0x16 CMakeFiles/Odrive_protocol.elf.dir/USB_DEVICE/Target/usbd_conf.c.obj
                0x08006cca                USBD_LL_OpenEP
 .text.USBD_LL_CloseEP
                0x08006ce0       0x10 CMakeFiles/Odrive_protocol.elf.dir/USB_DEVICE/Target/usbd_conf.c.obj
                0x08006ce0                USBD_LL_CloseEP
 .text.USBD_LL_StallEP
                0x08006cf0       0x10 CMakeFiles/Odrive_protocol.elf.dir/USB_DEVICE/Target/usbd_conf.c.obj
                0x08006cf0                USBD_LL_StallEP
 .text.USBD_LL_ClearStallEP
                0x08006d00       0x10 CMakeFiles/Odrive_protocol.elf.dir/USB_DEVICE/Target/usbd_conf.c.obj
                0x08006d00                USBD_LL_ClearStallEP
 .text.USBD_LL_SetUSBAddress
                0x08006d10       0x10 CMakeFiles/Odrive_protocol.elf.dir/USB_DEVICE/Target/usbd_conf.c.obj
                0x08006d10                USBD_LL_SetUSBAddress
 .text.USBD_LL_Transmit
                0x08006d20       0x10 CMakeFiles/Odrive_protocol.elf.dir/USB_DEVICE/Target/usbd_conf.c.obj
                0x08006d20                USBD_LL_Transmit
 .text.USBD_LL_PrepareReceive
                0x08006d30       0x10 CMakeFiles/Odrive_protocol.elf.dir/USB_DEVICE/Target/usbd_conf.c.obj
                0x08006d30                USBD_LL_PrepareReceive
 .text.Reset_Handler
                0x08006d40       0x50 CMakeFiles/Odrive_protocol.elf.dir/startup/startup_stm32f411xe.s.obj
                0x08006d40                Reset_Handler
 .text.Default_Handler
                0x08006d90        0x2 CMakeFiles/Odrive_protocol.elf.dir/startup/startup_stm32f411xe.s.obj
                0x08006d90                RTC_Alarm_IRQHandler
                0x08006d90                EXTI2_IRQHandler
                0x08006d90                SPI4_IRQHandler
                0x08006d90                TIM1_CC_IRQHandler
                0x08006d90                DMA2_Stream5_IRQHandler
                0x08006d90                PVD_IRQHandler
                0x08006d90                SDIO_IRQHandler
                0x08006d90                TAMP_STAMP_IRQHandler
                0x08006d90                EXTI3_IRQHandler
                0x08006d90                I2C3_ER_IRQHandler
                0x08006d90                EXTI0_IRQHandler
                0x08006d90                I2C2_EV_IRQHandler
                0x08006d90                DMA1_Stream2_IRQHandler
                0x08006d90                FPU_IRQHandler
                0x08006d90                SPI1_IRQHandler
                0x08006d90                TIM1_BRK_TIM9_IRQHandler
                0x08006d90                DMA2_Stream3_IRQHandler
                0x08006d90                USART6_IRQHandler
                0x08006d90                DMA2_Stream0_IRQHandler
                0x08006d90                TIM4_IRQHandler
                0x08006d90                I2C1_EV_IRQHandler
                0x08006d90                DMA1_Stream1_IRQHandler
                0x08006d90                TIM3_IRQHandler
                0x08006d90                RCC_IRQHandler
                0x08006d90                Default_Handler
                0x08006d90                EXTI15_10_IRQHandler
                0x08006d90                ADC_IRQHandler
                0x08006d90                DMA1_Stream7_IRQHandler
                0x08006d90                SPI5_IRQHandler
                0x08006d90                TIM5_IRQHandler
                0x08006d90                I2C3_EV_IRQHandler
                0x08006d90                EXTI9_5_IRQHandler
                0x08006d90                RTC_WKUP_IRQHandler
                0x08006d90                SPI2_IRQHandler
                0x08006d90                DMA1_Stream0_IRQHandler
                0x08006d90                EXTI4_IRQHandler
                0x08006d90                WWDG_IRQHandler
                0x08006d90                TIM2_IRQHandler
                0x08006d90                OTG_FS_WKUP_IRQHandler
                0x08006d90                TIM1_TRG_COM_TIM11_IRQHandler
                0x08006d90                EXTI1_IRQHandler
                0x08006d90                I2C2_ER_IRQHandler
                0x08006d90                DMA2_Stream1_IRQHandler
                0x08006d90                FLASH_IRQHandler
                0x08006d90                DMA2_Stream4_IRQHandler
                0x08006d90                SPI3_IRQHandler
                0x08006d90                DMA1_Stream4_IRQHandler
                0x08006d90                I2C1_ER_IRQHandler
                0x08006d90                DMA2_Stream6_IRQHandler
                0x08006d90                DMA1_Stream3_IRQHandler
 *fill*         0x08006d92        0x2 
 .text.__libc_init_array
                0x08006d94       0x48 d:/stm32_dk/gcc-arm-none-eabi/bin/../lib/gcc/arm-none-eabi/10.3.1/../../../../arm-none-eabi/lib/thumb/v7e-m+fp/hard\libg.a(lib_a-init.o)
                0x08006d94                __libc_init_array
 .text.memset   0x08006ddc       0xa4 d:/stm32_dk/gcc-arm-none-eabi/bin/../lib/gcc/arm-none-eabi/10.3.1/../../../../arm-none-eabi/lib/thumb/v7e-m+fp/hard\libg.a(lib_a-memset.o)
                0x08006ddc                memset
 .text.startup.register_fini
                0x08006e80       0x14 d:/stm32_dk/gcc-arm-none-eabi/bin/../lib/gcc/arm-none-eabi/10.3.1/../../../../arm-none-eabi/lib/thumb/v7e-m+fp/hard\libg.a(lib_a-__call_atexit.o)
 .text.atexit   0x08006e94        0xc d:/stm32_dk/gcc-arm-none-eabi/bin/../lib/gcc/arm-none-eabi/10.3.1/../../../../arm-none-eabi/lib/thumb/v7e-m+fp/hard\libg.a(lib_a-atexit.o)
                0x08006e94                atexit
 .text.__libc_fini_array
                0x08006ea0       0x2c d:/stm32_dk/gcc-arm-none-eabi/bin/../lib/gcc/arm-none-eabi/10.3.1/../../../../arm-none-eabi/lib/thumb/v7e-m+fp/hard\libg.a(lib_a-fini.o)
                0x08006ea0                __libc_fini_array
 .text.__retarget_lock_acquire_recursive
                0x08006ecc        0x4 d:/stm32_dk/gcc-arm-none-eabi/bin/../lib/gcc/arm-none-eabi/10.3.1/../../../../arm-none-eabi/lib/thumb/v7e-m+fp/hard\libg.a(lib_a-lock.o)
                0x08006ecc                __retarget_lock_acquire_recursive
 .text.__retarget_lock_release_recursive
                0x08006ed0        0x4 d:/stm32_dk/gcc-arm-none-eabi/bin/../lib/gcc/arm-none-eabi/10.3.1/../../../../arm-none-eabi/lib/thumb/v7e-m+fp/hard\libg.a(lib_a-lock.o)
                0x08006ed0                __retarget_lock_release_recursive
 .text.__register_exitproc
                0x08006ed4       0x8c d:/stm32_dk/gcc-arm-none-eabi/bin/../lib/gcc/arm-none-eabi/10.3.1/../../../../arm-none-eabi/lib/thumb/v7e-m+fp/hard\libg.a(lib_a-__atexit.o)
                0x08006ed4                __register_exitproc
 *(.glue_7)
 .glue_7        0x08006f60        0x0 linker stubs
 *(.glue_7t)
 .glue_7t       0x08006f60        0x0 linker stubs
 *(.eh_frame)
 .eh_frame      0x08006f60        0x0 d:/stm32_dk/gcc-arm-none-eabi/bin/../lib/gcc/arm-none-eabi/10.3.1/thumb/v7e-m+fp/hard/crtbegin.o
 *(.init)
 .init          0x08006f60        0x4 d:/stm32_dk/gcc-arm-none-eabi/bin/../lib/gcc/arm-none-eabi/10.3.1/thumb/v7e-m+fp/hard/crti.o
                0x08006f60                _init
 .init          0x08006f64        0x8 d:/stm32_dk/gcc-arm-none-eabi/bin/../lib/gcc/arm-none-eabi/10.3.1/thumb/v7e-m+fp/hard/crtn.o
 *(.fini)
 .fini          0x08006f6c        0x4 d:/stm32_dk/gcc-arm-none-eabi/bin/../lib/gcc/arm-none-eabi/10.3.1/thumb/v7e-m+fp/hard/crti.o
                0x08006f6c                _fini
 .fini          0x08006f70        0x8 d:/stm32_dk/gcc-arm-none-eabi/bin/../lib/gcc/arm-none-eabi/10.3.1/thumb/v7e-m+fp/hard/crtn.o
                0x08006f78                . = ALIGN (0x4)
                0x08006f78                _etext = .

.vfp11_veneer   0x08006f78        0x0
 .vfp11_veneer  0x08006f78        0x0 linker stubs

.v4_bx          0x08006f78        0x0
 .v4_bx         0x08006f78        0x0 linker stubs

.iplt           0x08006f78        0x0
 .iplt          0x08006f78        0x0 d:/stm32_dk/gcc-arm-none-eabi/bin/../lib/gcc/arm-none-eabi/10.3.1/thumb/v7e-m+fp/hard/crtbegin.o

.rodata         0x08006f78       0xb4
                0x08006f78                . = ALIGN (0x4)
 *(.rodata)
 *(.rodata*)
 .rodata.str1.4
                0x08006f78        0xc CMakeFiles/Odrive_protocol.elf.dir/Core/Src/freertos.c.obj
 .rodata.defaultTask_attributes
                0x08006f84       0x24 CMakeFiles/Odrive_protocol.elf.dir/Core/Src/freertos.c.obj
                0x08006f84                defaultTask_attributes
 .rodata.AHBPrescTable
                0x08006fa8       0x10 CMakeFiles/Odrive_protocol.elf.dir/Core/Src/system_stm32f4xx.c.obj
                0x08006fa8                AHBPrescTable
 .rodata.APBPrescTable
                0x08006fb8        0x8 CMakeFiles/Odrive_protocol.elf.dir/Core/Src/system_stm32f4xx.c.obj
                0x08006fb8                APBPrescTable
 .rodata.flagBitshiftOffset.0
                0x08006fc0        0x8 CMakeFiles/Odrive_protocol.elf.dir/Drivers/STM32F4xx_HAL_Driver/Src/stm32f4xx_hal_dma.c.obj
 .rodata.vTaskStartScheduler.str1.4
                0x08006fc8        0x5 CMakeFiles/Odrive_protocol.elf.dir/Middlewares/Third_Party/FreeRTOS/Source/tasks.c.obj
 *fill*         0x08006fcd        0x3 
 .rodata.prvCheckForValidListAndQueue.str1.4
                0x08006fd0        0x5 CMakeFiles/Odrive_protocol.elf.dir/Middlewares/Third_Party/FreeRTOS/Source/timers.c.obj
 *fill*         0x08006fd5        0x3 
 .rodata.xTimerCreateTimerTask.str1.4
                0x08006fd8        0x8 CMakeFiles/Odrive_protocol.elf.dir/Middlewares/Third_Party/FreeRTOS/Source/timers.c.obj
 .rodata.USBD_FS_ProductStrDescriptor.str1.4
                0x08006fe0       0x16 CMakeFiles/Odrive_protocol.elf.dir/USB_DEVICE/App/usbd_desc.c.obj
 *fill*         0x08006ff6        0x2 
 .rodata.USBD_FS_ManufacturerStrDescriptor.str1.4
                0x08006ff8       0x13 CMakeFiles/Odrive_protocol.elf.dir/USB_DEVICE/App/usbd_desc.c.obj
 *fill*         0x0800700b        0x1 
 .rodata.USBD_FS_ConfigStrDescriptor.str1.4
                0x0800700c        0xb CMakeFiles/Odrive_protocol.elf.dir/USB_DEVICE/App/usbd_desc.c.obj
 *fill*         0x08007017        0x1 
 .rodata.USBD_FS_InterfaceStrDescriptor.str1.4
                0x08007018        0xe CMakeFiles/Odrive_protocol.elf.dir/USB_DEVICE/App/usbd_desc.c.obj
 *fill*         0x08007026        0x2 
 .rodata._global_impure_ptr
                0x08007028        0x4 d:/stm32_dk/gcc-arm-none-eabi/bin/../lib/gcc/arm-none-eabi/10.3.1/../../../../arm-none-eabi/lib/thumb/v7e-m+fp/hard\libg.a(lib_a-impure.o)
                0x08007028                _global_impure_ptr
                0x0800702c                . = ALIGN (0x4)

.ARM.extab
 *(.ARM.extab* .gnu.linkonce.armextab.*)

.ARM            0x0800702c        0x8
                0x0800702c                __exidx_start = .
 *(.ARM.exidx*)
 .ARM.exidx     0x0800702c        0x8 d:/stm32_dk/gcc-arm-none-eabi/bin/../lib/gcc/arm-none-eabi/10.3.1/thumb/v7e-m+fp/hard\libgcc.a(_udivmoddi4.o)
                0x08007034                __exidx_end = .

.rel.dyn        0x08007034        0x0
 .rel.iplt      0x08007034        0x0 d:/stm32_dk/gcc-arm-none-eabi/bin/../lib/gcc/arm-none-eabi/10.3.1/thumb/v7e-m+fp/hard/crtbegin.o

.preinit_array  0x08007034        0x0
                0x08007034                PROVIDE (__preinit_array_start = .)
 *(.preinit_array*)
                0x08007034                PROVIDE (__preinit_array_end = .)

.init_array     0x08007034        0x8
                0x08007034                PROVIDE (__init_array_start = .)
 *(SORT_BY_NAME(.init_array.*))
 .init_array.00000
                0x08007034        0x4 d:/stm32_dk/gcc-arm-none-eabi/bin/../lib/gcc/arm-none-eabi/10.3.1/../../../../arm-none-eabi/lib/thumb/v7e-m+fp/hard\libg.a(lib_a-__call_atexit.o)
 *(.init_array*)
 .init_array    0x08007038        0x4 d:/stm32_dk/gcc-arm-none-eabi/bin/../lib/gcc/arm-none-eabi/10.3.1/thumb/v7e-m+fp/hard/crtbegin.o
                0x0800703c                PROVIDE (__init_array_end = .)

.fini_array     0x0800703c        0x4
                0x0800703c                PROVIDE (__fini_array_start = .)
 *(SORT_BY_NAME(.fini_array.*))
 *(.fini_array*)
 .fini_array    0x0800703c        0x4 d:/stm32_dk/gcc-arm-none-eabi/bin/../lib/gcc/arm-none-eabi/10.3.1/thumb/v7e-m+fp/hard/crtbegin.o
                0x08007040                PROVIDE (__fini_array_end = .)
                0x08007040                _sidata = LOADADDR (.data)

.data           0x20000000      0x52c load address 0x08007040
                0x20000000                . = ALIGN (0x4)
                0x20000000                _sdata = .
 *(.data)
 *(.data*)
 .data.SystemCoreClock
                0x20000000        0x4 CMakeFiles/Odrive_protocol.elf.dir/Core/Src/system_stm32f4xx.c.obj
                0x20000000                SystemCoreClock
 .data.uwTickFreq
                0x20000004        0x1 CMakeFiles/Odrive_protocol.elf.dir/Drivers/STM32F4xx_HAL_Driver/Src/stm32f4xx_hal.c.obj
                0x20000004                uwTickFreq
 *fill*         0x20000005        0x3 
 .data.uwTickPrio
                0x20000008        0x4 CMakeFiles/Odrive_protocol.elf.dir/Drivers/STM32F4xx_HAL_Driver/Src/stm32f4xx_hal.c.obj
                0x20000008                uwTickPrio
 .data.USBD_CDC
                0x2000000c       0x38 CMakeFiles/Odrive_protocol.elf.dir/Middlewares/ST/STM32_USB_Device_Library/Class/CDC/Src/usbd_cdc.c.obj
                0x2000000c                USBD_CDC
 .data.USBD_CDC_CfgDesc
                0x20000044       0x43 CMakeFiles/Odrive_protocol.elf.dir/Middlewares/ST/STM32_USB_Device_Library/Class/CDC/Src/usbd_cdc.c.obj
 *fill*         0x20000087        0x1 
 .data.USBD_CDC_DeviceQualifierDesc
                0x20000088        0xa CMakeFiles/Odrive_protocol.elf.dir/Middlewares/ST/STM32_USB_Device_Library/Class/CDC/Src/usbd_cdc.c.obj
 *fill*         0x20000092        0x2 
 .data.uxCriticalNesting
                0x20000094        0x4 CMakeFiles/Odrive_protocol.elf.dir/Middlewares/Third_Party/FreeRTOS/Source/portable/GCC/ARM_CM4F/port.c.obj
 .data.USBD_Interface_fops_FS
                0x20000098       0x14 CMakeFiles/Odrive_protocol.elf.dir/USB_DEVICE/App/usbd_cdc_if.c.obj
                0x20000098                USBD_Interface_fops_FS
 .data.FS_Desc  0x200000ac       0x1c CMakeFiles/Odrive_protocol.elf.dir/USB_DEVICE/App/usbd_desc.c.obj
                0x200000ac                FS_Desc
 .data.USBD_FS_DeviceDesc
                0x200000c8       0x12 CMakeFiles/Odrive_protocol.elf.dir/USB_DEVICE/App/usbd_desc.c.obj
                0x200000c8                USBD_FS_DeviceDesc
 *fill*         0x200000da        0x2 
 .data.USBD_LangIDDesc
                0x200000dc        0x4 CMakeFiles/Odrive_protocol.elf.dir/USB_DEVICE/App/usbd_desc.c.obj
                0x200000dc                USBD_LangIDDesc
 .data.USBD_StringSerial
                0x200000e0       0x1a CMakeFiles/Odrive_protocol.elf.dir/USB_DEVICE/App/usbd_desc.c.obj
                0x200000e0                USBD_StringSerial
 *fill*         0x200000fa        0x6 
 .data.impure_data
                0x20000100      0x428 d:/stm32_dk/gcc-arm-none-eabi/bin/../lib/gcc/arm-none-eabi/10.3.1/../../../../arm-none-eabi/lib/thumb/v7e-m+fp/hard\libg.a(lib_a-impure.o)
 .data.__atexit_recursive_mutex
                0x20000528        0x4 d:/stm32_dk/gcc-arm-none-eabi/bin/../lib/gcc/arm-none-eabi/10.3.1/../../../../arm-none-eabi/lib/thumb/v7e-m+fp/hard\libg.a(lib_a-__call_atexit.o)
                0x20000528                __atexit_recursive_mutex
                0x2000052c                . = ALIGN (0x4)
                0x2000052c                _edata = .

.igot.plt       0x2000052c        0x0 load address 0x0800756c
 .igot.plt      0x2000052c        0x0 d:/stm32_dk/gcc-arm-none-eabi/bin/../lib/gcc/arm-none-eabi/10.3.1/thumb/v7e-m+fp/hard/crtbegin.o
                0x2000052c                . = ALIGN (0x4)

.bss            0x2000052c    0x12bd4 load address 0x0800756c
                0x2000052c                _sbss = .
                0x2000052c                __bss_start__ = _sbss
 *(.bss)
 .bss           0x2000052c       0x1c d:/stm32_dk/gcc-arm-none-eabi/bin/../lib/gcc/arm-none-eabi/10.3.1/thumb/v7e-m+fp/hard/crtbegin.o
 *(.bss*)
 .bss.defaultTaskHandle
                0x20000548        0x4 CMakeFiles/Odrive_protocol.elf.dir/Core/Src/freertos.c.obj
                0x20000548                defaultTaskHandle
 .bss.htim10    0x2000054c       0x48 CMakeFiles/Odrive_protocol.elf.dir/Core/Src/stm32f4xx_hal_timebase_tim.c.obj
                0x2000054c                htim10
 .bss.hdma_usart1_rx
                0x20000594       0x60 CMakeFiles/Odrive_protocol.elf.dir/Core/Src/usart.c.obj
                0x20000594                hdma_usart1_rx
 .bss.hdma_usart1_tx
                0x200005f4       0x60 CMakeFiles/Odrive_protocol.elf.dir/Core/Src/usart.c.obj
                0x200005f4                hdma_usart1_tx
 .bss.hdma_usart2_rx
                0x20000654       0x60 CMakeFiles/Odrive_protocol.elf.dir/Core/Src/usart.c.obj
                0x20000654                hdma_usart2_rx
 .bss.hdma_usart2_tx
                0x200006b4       0x60 CMakeFiles/Odrive_protocol.elf.dir/Core/Src/usart.c.obj
                0x200006b4                hdma_usart2_tx
 .bss.huart1    0x20000714       0x44 CMakeFiles/Odrive_protocol.elf.dir/Core/Src/usart.c.obj
                0x20000714                huart1
 .bss.huart2    0x20000758       0x44 CMakeFiles/Odrive_protocol.elf.dir/Core/Src/usart.c.obj
                0x20000758                huart2
 .bss.uwTick    0x2000079c        0x4 CMakeFiles/Odrive_protocol.elf.dir/Drivers/STM32F4xx_HAL_Driver/Src/stm32f4xx_hal.c.obj
                0x2000079c                uwTick
 .bss.cfgidx.0  0x200007a0        0x1 CMakeFiles/Odrive_protocol.elf.dir/Middlewares/ST/STM32_USB_Device_Library/Core/Src/usbd_ctlreq.c.obj
 *fill*         0x200007a1        0x3 
 .bss.Idle_Stack.2
                0x200007a4      0x200 CMakeFiles/Odrive_protocol.elf.dir/Middlewares/Third_Party/FreeRTOS/Source/CMSIS_RTOS_V2/cmsis_os2.c.obj
 .bss.Idle_TCB.3
                0x200009a4       0x5c CMakeFiles/Odrive_protocol.elf.dir/Middlewares/Third_Party/FreeRTOS/Source/CMSIS_RTOS_V2/cmsis_os2.c.obj
 .bss.KernelState
                0x20000a00        0x4 CMakeFiles/Odrive_protocol.elf.dir/Middlewares/Third_Party/FreeRTOS/Source/CMSIS_RTOS_V2/cmsis_os2.c.obj
 .bss.Timer_Stack.0
                0x20000a04      0x400 CMakeFiles/Odrive_protocol.elf.dir/Middlewares/Third_Party/FreeRTOS/Source/CMSIS_RTOS_V2/cmsis_os2.c.obj
 .bss.Timer_TCB.1
                0x20000e04       0x5c CMakeFiles/Odrive_protocol.elf.dir/Middlewares/Third_Party/FreeRTOS/Source/CMSIS_RTOS_V2/cmsis_os2.c.obj
 .bss.ucMaxSysCallPriority
                0x20000e60        0x1 CMakeFiles/Odrive_protocol.elf.dir/Middlewares/Third_Party/FreeRTOS/Source/portable/GCC/ARM_CM4F/port.c.obj
 *fill*         0x20000e61        0x3 
 .bss.ulMaxPRIGROUPValue
                0x20000e64        0x4 CMakeFiles/Odrive_protocol.elf.dir/Middlewares/Third_Party/FreeRTOS/Source/portable/GCC/ARM_CM4F/port.c.obj
 .bss.pxEnd     0x20000e68        0x4 CMakeFiles/Odrive_protocol.elf.dir/Middlewares/Third_Party/FreeRTOS/Source/portable/MemMang/heap_4.c.obj
 .bss.ucHeap    0x20000e6c    0x10000 CMakeFiles/Odrive_protocol.elf.dir/Middlewares/Third_Party/FreeRTOS/Source/portable/MemMang/heap_4.c.obj
 .bss.xBlockAllocatedBit
                0x20010e6c        0x4 CMakeFiles/Odrive_protocol.elf.dir/Middlewares/Third_Party/FreeRTOS/Source/portable/MemMang/heap_4.c.obj
 .bss.xFreeBytesRemaining
                0x20010e70        0x4 CMakeFiles/Odrive_protocol.elf.dir/Middlewares/Third_Party/FreeRTOS/Source/portable/MemMang/heap_4.c.obj
 .bss.xMinimumEverFreeBytesRemaining
                0x20010e74        0x4 CMakeFiles/Odrive_protocol.elf.dir/Middlewares/Third_Party/FreeRTOS/Source/portable/MemMang/heap_4.c.obj
 .bss.xNumberOfSuccessfulAllocations
                0x20010e78        0x4 CMakeFiles/Odrive_protocol.elf.dir/Middlewares/Third_Party/FreeRTOS/Source/portable/MemMang/heap_4.c.obj
 .bss.xNumberOfSuccessfulFrees
                0x20010e7c        0x4 CMakeFiles/Odrive_protocol.elf.dir/Middlewares/Third_Party/FreeRTOS/Source/portable/MemMang/heap_4.c.obj
 .bss.xStart    0x20010e80        0x8 CMakeFiles/Odrive_protocol.elf.dir/Middlewares/Third_Party/FreeRTOS/Source/portable/MemMang/heap_4.c.obj
 .bss.xQueueRegistry
                0x20010e88       0x40 CMakeFiles/Odrive_protocol.elf.dir/Middlewares/Third_Party/FreeRTOS/Source/queue.c.obj
                0x20010e88                xQueueRegistry
 .bss.pxCurrentTCB
                0x20010ec8        0x4 CMakeFiles/Odrive_protocol.elf.dir/Middlewares/Third_Party/FreeRTOS/Source/tasks.c.obj
                0x20010ec8                pxCurrentTCB
 .bss.pxDelayedTaskList
                0x20010ecc        0x4 CMakeFiles/Odrive_protocol.elf.dir/Middlewares/Third_Party/FreeRTOS/Source/tasks.c.obj
 .bss.pxOverflowDelayedTaskList
                0x20010ed0        0x4 CMakeFiles/Odrive_protocol.elf.dir/Middlewares/Third_Party/FreeRTOS/Source/tasks.c.obj
 .bss.pxReadyTasksLists
                0x20010ed4      0x460 CMakeFiles/Odrive_protocol.elf.dir/Middlewares/Third_Party/FreeRTOS/Source/tasks.c.obj
 .bss.uxCurrentNumberOfTasks
                0x20011334        0x4 CMakeFiles/Odrive_protocol.elf.dir/Middlewares/Third_Party/FreeRTOS/Source/tasks.c.obj
 .bss.uxDeletedTasksWaitingCleanUp
                0x20011338        0x4 CMakeFiles/Odrive_protocol.elf.dir/Middlewares/Third_Party/FreeRTOS/Source/tasks.c.obj
 .bss.uxSchedulerSuspended
                0x2001133c        0x4 CMakeFiles/Odrive_protocol.elf.dir/Middlewares/Third_Party/FreeRTOS/Source/tasks.c.obj
 .bss.uxTaskNumber
                0x20011340        0x4 CMakeFiles/Odrive_protocol.elf.dir/Middlewares/Third_Party/FreeRTOS/Source/tasks.c.obj
 .bss.uxTopReadyPriority
                0x20011344        0x4 CMakeFiles/Odrive_protocol.elf.dir/Middlewares/Third_Party/FreeRTOS/Source/tasks.c.obj
 .bss.xDelayedTaskList1
                0x20011348       0x14 CMakeFiles/Odrive_protocol.elf.dir/Middlewares/Third_Party/FreeRTOS/Source/tasks.c.obj
 .bss.xDelayedTaskList2
                0x2001135c       0x14 CMakeFiles/Odrive_protocol.elf.dir/Middlewares/Third_Party/FreeRTOS/Source/tasks.c.obj
 .bss.xIdleTaskHandle
                0x20011370        0x4 CMakeFiles/Odrive_protocol.elf.dir/Middlewares/Third_Party/FreeRTOS/Source/tasks.c.obj
 .bss.xNextTaskUnblockTime
                0x20011374        0x4 CMakeFiles/Odrive_protocol.elf.dir/Middlewares/Third_Party/FreeRTOS/Source/tasks.c.obj
 .bss.xNumOfOverflows
                0x20011378        0x4 CMakeFiles/Odrive_protocol.elf.dir/Middlewares/Third_Party/FreeRTOS/Source/tasks.c.obj
 .bss.xPendedTicks
                0x2001137c        0x4 CMakeFiles/Odrive_protocol.elf.dir/Middlewares/Third_Party/FreeRTOS/Source/tasks.c.obj
 .bss.xPendingReadyList
                0x20011380       0x14 CMakeFiles/Odrive_protocol.elf.dir/Middlewares/Third_Party/FreeRTOS/Source/tasks.c.obj
 .bss.xSchedulerRunning
                0x20011394        0x4 CMakeFiles/Odrive_protocol.elf.dir/Middlewares/Third_Party/FreeRTOS/Source/tasks.c.obj
 .bss.xSuspendedTaskList
                0x20011398       0x14 CMakeFiles/Odrive_protocol.elf.dir/Middlewares/Third_Party/FreeRTOS/Source/tasks.c.obj
 .bss.xTasksWaitingTermination
                0x200113ac       0x14 CMakeFiles/Odrive_protocol.elf.dir/Middlewares/Third_Party/FreeRTOS/Source/tasks.c.obj
 .bss.xTickCount
                0x200113c0        0x4 CMakeFiles/Odrive_protocol.elf.dir/Middlewares/Third_Party/FreeRTOS/Source/tasks.c.obj
 .bss.xYieldPending
                0x200113c4        0x4 CMakeFiles/Odrive_protocol.elf.dir/Middlewares/Third_Party/FreeRTOS/Source/tasks.c.obj
 .bss.pxCurrentTimerList
                0x200113c8        0x4 CMakeFiles/Odrive_protocol.elf.dir/Middlewares/Third_Party/FreeRTOS/Source/timers.c.obj
 .bss.pxOverflowTimerList
                0x200113cc        0x4 CMakeFiles/Odrive_protocol.elf.dir/Middlewares/Third_Party/FreeRTOS/Source/timers.c.obj
 .bss.ucStaticTimerQueueStorage.1
                0x200113d0       0xa0 CMakeFiles/Odrive_protocol.elf.dir/Middlewares/Third_Party/FreeRTOS/Source/timers.c.obj
 .bss.xActiveTimerList1
                0x20011470       0x14 CMakeFiles/Odrive_protocol.elf.dir/Middlewares/Third_Party/FreeRTOS/Source/timers.c.obj
 .bss.xActiveTimerList2
                0x20011484       0x14 CMakeFiles/Odrive_protocol.elf.dir/Middlewares/Third_Party/FreeRTOS/Source/timers.c.obj
 .bss.xLastTime.2
                0x20011498        0x4 CMakeFiles/Odrive_protocol.elf.dir/Middlewares/Third_Party/FreeRTOS/Source/timers.c.obj
 .bss.xStaticTimerQueue.0
                0x2001149c       0x50 CMakeFiles/Odrive_protocol.elf.dir/Middlewares/Third_Party/FreeRTOS/Source/timers.c.obj
 .bss.xTimerQueue
                0x200114ec        0x4 CMakeFiles/Odrive_protocol.elf.dir/Middlewares/Third_Party/FreeRTOS/Source/timers.c.obj
 .bss.xTimerTaskHandle
                0x200114f0        0x4 CMakeFiles/Odrive_protocol.elf.dir/Middlewares/Third_Party/FreeRTOS/Source/timers.c.obj
 .bss.hUsbDeviceFS
                0x200114f4      0x2dc CMakeFiles/Odrive_protocol.elf.dir/USB_DEVICE/App/usb_device.c.obj
                0x200114f4                hUsbDeviceFS
 .bss.UserRxBufferFS
                0x200117d0      0x800 CMakeFiles/Odrive_protocol.elf.dir/USB_DEVICE/App/usbd_cdc_if.c.obj
                0x200117d0                UserRxBufferFS
 .bss.UserTxBufferFS
                0x20011fd0      0x800 CMakeFiles/Odrive_protocol.elf.dir/USB_DEVICE/App/usbd_cdc_if.c.obj
                0x20011fd0                UserTxBufferFS
 .bss.USBD_StrDesc
                0x200127d0      0x200 CMakeFiles/Odrive_protocol.elf.dir/USB_DEVICE/App/usbd_desc.c.obj
                0x200127d0                USBD_StrDesc
 .bss.hpcd_USB_OTG_FS
                0x200129d0      0x50c CMakeFiles/Odrive_protocol.elf.dir/USB_DEVICE/Target/usbd_conf.c.obj
                0x200129d0                hpcd_USB_OTG_FS
 .bss.mem.0     0x20012edc      0x220 CMakeFiles/Odrive_protocol.elf.dir/USB_DEVICE/Target/usbd_conf.c.obj
 .bss.__lock___atexit_recursive_mutex
                0x200130fc        0x1 d:/stm32_dk/gcc-arm-none-eabi/bin/../lib/gcc/arm-none-eabi/10.3.1/../../../../arm-none-eabi/lib/thumb/v7e-m+fp/hard\libg.a(lib_a-lock.o)
                0x200130fc                __lock___atexit_recursive_mutex
 *(COMMON)
                0x20013100                . = ALIGN (0x4)
 *fill*         0x200130fd        0x3 
                0x20013100                _ebss = .
                0x20013100                __bss_end__ = _ebss

._user_heap_stack
                0x20013100      0x600 load address 0x0800756c
                0x20013100                . = ALIGN (0x8)
                0x20013100                PROVIDE (end = .)
                [!provide]                PROVIDE (_end = .)
                0x20013300                . = (. + _Min_Heap_Size)
 *fill*         0x20013100      0x200 
                0x20013700                . = (. + _Min_Stack_Size)
 *fill*         0x20013300      0x400 
                0x20013700                . = ALIGN (0x8)

/DISCARD/
 libc.a(*)
 libm.a(*)
 libgcc.a(*)

.ARM.attributes
                0x00000000       0x30
 *(.ARM.attributes)
 .ARM.attributes
                0x00000000       0x1e d:/stm32_dk/gcc-arm-none-eabi/bin/../lib/gcc/arm-none-eabi/10.3.1/thumb/v7e-m+fp/hard/crti.o
 .ARM.attributes
                0x0000001e       0x34 d:/stm32_dk/gcc-arm-none-eabi/bin/../lib/gcc/arm-none-eabi/10.3.1/thumb/v7e-m+fp/hard/crtbegin.o
 .ARM.attributes
                0x00000052       0x34 CMakeFiles/Odrive_protocol.elf.dir/Core/Src/dma.c.obj
 .ARM.attributes
                0x00000086       0x34 CMakeFiles/Odrive_protocol.elf.dir/Core/Src/freertos.c.obj
 .ARM.attributes
                0x000000ba       0x34 CMakeFiles/Odrive_protocol.elf.dir/Core/Src/gpio.c.obj
 .ARM.attributes
                0x000000ee       0x34 CMakeFiles/Odrive_protocol.elf.dir/Core/Src/main.c.obj
 .ARM.attributes
                0x00000122       0x34 CMakeFiles/Odrive_protocol.elf.dir/Core/Src/stm32f4xx_hal_msp.c.obj
 .ARM.attributes
                0x00000156       0x34 CMakeFiles/Odrive_protocol.elf.dir/Core/Src/stm32f4xx_hal_timebase_tim.c.obj
 .ARM.attributes
                0x0000018a       0x34 CMakeFiles/Odrive_protocol.elf.dir/Core/Src/stm32f4xx_it.c.obj
 .ARM.attributes
                0x000001be       0x34 CMakeFiles/Odrive_protocol.elf.dir/Core/Src/system_stm32f4xx.c.obj
 .ARM.attributes
                0x000001f2       0x34 CMakeFiles/Odrive_protocol.elf.dir/Core/Src/usart.c.obj
 .ARM.attributes
                0x00000226       0x34 CMakeFiles/Odrive_protocol.elf.dir/Drivers/STM32F4xx_HAL_Driver/Src/stm32f4xx_hal.c.obj
 .ARM.attributes
                0x0000025a       0x34 CMakeFiles/Odrive_protocol.elf.dir/Drivers/STM32F4xx_HAL_Driver/Src/stm32f4xx_hal_cortex.c.obj
 .ARM.attributes